******************************************************************************
                  TI ARM Linker PC v15.12.0                    
******************************************************************************
>> Linked Fri Mar 18 20:36:45 2016

OUTPUT FILE NAME:   <Project 1 Base Software.out>
ENTRY POINT SYMBOL: "_c_int00"  address: 00005c99


MEMORY CONFIGURATION

         name            origin    length      used     unused   attr    fill
----------------------  --------  ---------  --------  --------  ----  --------
  MAIN                  00000000   00040000  00006c4a  000393b6  R  X
  INFO                  00200000   00004000  00000000  00004000  R  X
  SRAM_CODE             01000000   00010000  00000000  00010000  RW X
  SRAM_DATA             20000000   00010000  00000b53  0000f4ad  RW  


SEGMENT ALLOCATION MAP

run origin  load origin   length   init length attrs members
----------  ----------- ---------- ----------- ----- -------
00000000    00000000    00006c4c   00006c4c    r-x
  00000000    00000000    00000140   00000140    r-- .intvecs
  00000140    00000140    0000611c   0000611c    r-x .text
  0000625c    0000625c    00000932   00000932    r-- .const
  00006b90    00006b90    000000bc   000000bc    r-- .cinit
20000000    20000000    00000954   00000000    rw-
  20000000    20000000    00000400   00000000    rw- .sysmem
  20000400    20000400    00000307   00000000    rw- .bss
  20000708    20000708    0000024c   00000000    rw- .data
2000fe00    2000fe00    00000200   00000000    rw-
  2000fe00    2000fe00    00000200   00000000    rw- .stack


SECTION ALLOCATION MAP

 output                                  attributes/
section   page    origin      length       input sections
--------  ----  ----------  ----------   ----------------
.intvecs   0    00000000    00000140     
                  00000000    00000140     msp432_startup_ccs.obj (.intvecs:retain)

.text      0    00000140    0000611c     
                  00000140    00001630     ST7735.obj (.text)
                  00001770    00001110     rtsv7M4_T_le_v4SPD16_eabi.lib : _printfi.obj (.text)
                  00002880    00000c14     msprf24.obj (.text)
                  00003494    00000420     main.obj (.text)
                  000038b4    000003dc     rtsv7M4_T_le_v4SPD16_eabi.lib : memory.obj (.text)
                  00003c90    00000340     support.obj (.text)
                  00003fd0    00000330     ClockSystem.obj (.text)
                  00004300    00000324     rtsv7M4_T_le_v4SPD16_eabi.lib : trgdrv.obj (.text)
                  00004624    0000030c                                   : lowlev.obj (.text)
                  00004930    000001f4                                   : ull_div_t2.obj (.text)
                  00004b24    000001c4                                   : fopen.obj (.text)
                  00004ce8    000001b6                                   : fd_add_t2.obj (.text)
                  00004e9e    00000136                                   : fd_div_t2.obj (.text)
                  00004fd4    00000134                                   : fputs.obj (.text)
                  00005108    000000fc                                   : fd_mul_t2.obj (.text)
                  00005204    000000fc                                   : s_scalbn.obj (.text)
                  00005300    000000dc                                   : setvbuf.obj (.text)
                  000053dc    000000c8                                   : fflush.obj (.text)
                  000054a4    000000ac     msp430_spi.obj (.text)
                  00005550    000000ac     rtsv7M4_T_le_v4SPD16_eabi.lib : _io_perm.obj (.text)
                  000055fc    0000009c                                   : memcpy_t2.obj (.text)
                  00005698    00000098                                   : fclose.obj (.text)
                  00005730    00000090     msp432p4xx_driverlib.lib : cs.o (.text:CS_startLFXTWithTimeout)
                  000057c0    00000086     rtsv7M4_T_le_v4SPD16_eabi.lib : fd_cmp_t2.obj (.text:__aeabi_cdcmple)
                  00005846    00000086                                   : fd_cmp_t2.obj (.text:__aeabi_cdrcmple)
                  000058cc    0000007c     msp432p4xx_driverlib.lib : spi.o (.text:SPI_initMaster)
                  00005948    0000007a     rtsv7M4_T_le_v4SPD16_eabi.lib : memset_t2.obj (.text)
                  000059c2    00000002                                   : mpu_init.obj (.text)
                  000059c4    00000070                                   : autoinit.obj (.text)
                  00005a34    00000070                                   : printf.obj (.text)
                  00005aa4    0000006a                                   : copy_decompress_rle.obj (.text)
                  00005b0e    00000002                                   : startup.obj (.text)
                  00005b10    00000068                                   : trgmsg.obj (.text)
                  00005b78    00000064                                   : fseek.obj (.text)
                  00005bdc    00000064                                   : s_frexp.obj (.text)
                  00005c40    00000056                                   : ltoa.obj (.text)
                  00005c96    00000002     --HOLE-- [fill = 0]
                  00005c98    00000054                                   : boot.obj (.text)
                  00005cec    00000054                                   : exit.obj (.text)
                  00005d40    0000004c     msp432p4xx_driverlib.lib : gpio.o (.text:GPIO_setAsPeripheralModuleFunctionInputPin)
                  00005d8c    0000004c                              : gpio.o (.text:GPIO_setAsPeripheralModuleFunctionOutputPin)
                  00005dd8    0000004c     rtsv7M4_T_le_v4SPD16_eabi.lib : atoi.obj (.text)
                  00005e24    0000004c                                   : cpy_tbl.obj (.text)
                  00005e70    00000048                                   : fd_toi_t2.obj (.text)
                  00005eb8    00000030     msp432p4xx_driverlib.lib : gpio.o (.text:GPIO_getEnabledInterruptStatus)
                  00005ee8    00000030                              : gpio.o (.text:GPIO_setAsInputPinWithPullUpResistor)
                  00005f18    00000030                              : spi.o (.text:is_A_Module)
                  00005f48    00000030     rtsv7M4_T_le_v4SPD16_eabi.lib : strncpy.obj (.text)
                  00005f78    0000002e                                   : i_tofd_t2.obj (.text)
                  00005fa6    00000002     --HOLE-- [fill = 0]
                  00005fa8    0000002c     msp432p4xx_driverlib.lib : gpio.o (.text:GPIO_setAsInputPin)
                  00005fd4    00000028     msprf24.obj (.text:pulse_ce)
                  00005ffc    00000024     msp432p4xx_driverlib.lib : gpio.o (.text:GPIO_setAsOutputPin)
                  00006020    00000020     rtsv7M4_T_le_v4SPD16_eabi.lib : memchr.obj (.text)
                  00006040    0000001c     msp432p4xx_driverlib.lib : gpio.o (.text:GPIO_getInputPinValue)
                  0000605c    0000001c     rtsv7M4_T_le_v4SPD16_eabi.lib : memccpy.obj (.text)
                  00006078    0000001a     msp432p4xx_driverlib.lib : spi.o (.text:SPI_enableModule)
                  00006092    00000002     --HOLE-- [fill = 0]
                  00006094    00000018                              : gpio.o (.text:GPIO_clearInterruptFlag)
                  000060ac    00000018                              : gpio.o (.text:GPIO_setOutputLowOnPin)
                  000060c4    00000018     rtsv7M4_T_le_v4SPD16_eabi.lib : args_main.obj (.text)
                  000060dc    00000018                                   : strcmp.obj (.text)
                  000060f4    00000016                                   : strchr.obj (.text)
                  0000610a    00000002     --HOLE-- [fill = 0]
                  0000610c    00000014     msp432p4xx_driverlib.lib : cs.o (.text:CS_setExternalClockSourceFrequency)
                  00006120    00000014                              : gpio.o (.text:GPIO_enableInterrupt)
                  00006134    00000014                              : gpio.o (.text:GPIO_setOutputHighOnPin)
                  00006148    00000014                              : gpio.o (.text:GPIO_toggleOutputOnPin)
                  0000615c    00000014     rtsv7M4_T_le_v4SPD16_eabi.lib : _lock.obj (.text)
                  00006170    00000014                                   : s_copysign.obj (.text)
                  00006184    00000014                                   : strcpy.obj (.text)
                  00006198    00000014                                   : strlen.obj (.text)
                  000061ac    00000010     msp432p4xx_driverlib.lib : gpio.o (.text:GPIO_getInterruptStatus)
                  000061bc    00000010                              : interrupt.o (.text:Interrupt_enableMaster)
                  000061cc    00000010                              : sysctl.o (.text:SysCtl_disableNMISource)
                  000061dc    00000010                              : sysctl.o (.text:SysCtl_enableNMISource)
                  000061ec    00000010     msprf24.obj (.text:_msprf24_crc_mask)
                  000061fc    0000000e     rtsv7M4_T_le_v4SPD16_eabi.lib : copy_decompress_none.obj (.text:decompress:none)
                  0000620a    0000000c     msp432p4xx_driverlib.lib : cpu.o (.text:CPU_cpsie)
                  00006216    0000000c                              : spi.o (.text:EUSCI_A_SPI_enable)
                  00006222    0000000c                              : spi.o (.text:EUSCI_B_SPI_enable)
                  0000622e    00000002     --HOLE-- [fill = 0]
                  00006230    0000000c                              : sysctl.o (.text:SysCtl_getNMISourceStatus)
                  0000623c    0000000c     msp432_startup_ccs.obj (.text)
                  00006248    00000006     msp432p4xx_driverlib.lib : cs.o (.text:CS_startLFXT)
                  0000624e    00000006     rtsv7M4_T_le_v4SPD16_eabi.lib : copy_decompress_rle.obj (.text:decompress:rle24)
                  00006254    00000004     msprf24.obj (.text:_msprf24_irq_mask)
                  00006258    00000004     rtsv7M4_T_le_v4SPD16_eabi.lib : pre_init.obj (.text)

.const     0    0000625c    00000932     
                  0000625c    000004fb     ST7735.obj (.const:.string:Font)
                  00006757    00000200     ST7735.obj (.const:.string:dBfs)
                  00006957    00000101     rtsv7M4_T_le_v4SPD16_eabi.lib : ctype.obj (.const:.string:_ctypes_)
                  00006a58    00000067     ST7735.obj (.const:.string:Bcmd)
                  00006abf    0000003b     ST7735.obj (.const:.string:Rcmd1)
                  00006afa    00000002     --HOLE-- [fill = 0]
                  00006afc    00000030     msp432p4xx_driverlib.lib : gpio.o (.const:GPIO_PORT_TO_BASE)
                  00006b2c    0000002b     ST7735.obj (.const:.string:Rcmd3)
                  00006b57    00000001     --HOLE-- [fill = 0]
                  00006b58    0000001c     msp430_spi.obj (.const:spiMasterConfig)
                  00006b74    0000000d     ST7735.obj (.const:.string:Rcmd2green)
                  00006b81    0000000d     ST7735.obj (.const:.string:Rcmd2red)

.cinit     0    00006b90    000000bc     
                  00006b90    00000094     (.cinit..data.load) [load image, compression = rle]
                  00006c24    00000004     --HOLE-- [fill = 0]
                  00006c28    0000000b     (.cinit..bss.load) [load image, compression = rle]
                  00006c33    00000001     --HOLE-- [fill = 0]
                  00006c34    00000008     (__TI_handler_table)
                  00006c3c    00000010     (__TI_cinit_table)

.init_array 
*          0    00000000    00000000     UNINITIALIZED

.sysmem    0    20000000    00000400     UNINITIALIZED
                  20000000    00000008     rtsv7M4_T_le_v4SPD16_eabi.lib : memory.obj (.sysmem)
                  20000008    000003f8     --HOLE--

.bss       0    20000400    00000307     UNINITIALIZED
                  20000400    00000120     rtsv7M4_T_le_v4SPD16_eabi.lib : trgmsg.obj (.bss:_CIOBUF_)
                  20000520    000000a0     (.common:__TI_tmpnams)
                  200005c0    0000003c     (.common:months)
                  200005fc    00000028     (.common:dateStringColor)
                  20000624    00000028     (.common:timeStringColor)
                  2000064c    0000001c     (.common:newTime)
                  20000668    00000014     (.common:dateString)
                  2000067c    00000014     (.common:timeString)
                  20000690    0000000c     (.common:Message)
                  2000069c    0000000c     (.common:date)
                  200006a8    0000000c     (.common:time)
                  200006b4    00000008                                   : trgdrv.obj (.bss:parmbuf)
                  200006bc    00000008     (.common:addr)
                  200006c4    00000008     (.common:data)
                  200006cc    00000004     ST7735.obj (.bss)
                  200006d0    00000004     (.common:Encoder1)
                  200006d4    00000004     (.common:Encoder2)
                  200006d8    00000004     (.common:Messageindex)
                  200006dc    00000004     (.common:PushButton)
                  200006e0    00000004     (.common:X)
                  200006e4    00000004     (.common:Ymax)
                  200006e8    00000004     (.common:Ymin)
                  200006ec    00000004     (.common:Yrange)
                  200006f0    00000004     (.common:hfxtFreq)
                  200006f4    00000004     (.common:lfxtFreq)
                  200006f8    00000004     (.common:status)
                  200006fc    00000004     (.common:user)
                  20000700    00000001     (.common:rf_addr_width)
                  20000701    00000001     (.common:rf_channel)
                  20000702    00000001     (.common:rf_crc)
                  20000703    00000001     (.common:rf_feature)
                  20000704    00000001     (.common:rf_irq)
                  20000705    00000001     (.common:rf_speed_power)
                  20000706    00000001     (.common:rf_status)

.data      0    20000708    0000024c     UNINITIALIZED
                  20000708    000000f0     rtsv7M4_T_le_v4SPD16_eabi.lib : defs.obj (.data:_ftable)
                  200007f8    000000d0                                   : lowlev.obj (.data:$O1$$)
                  200008c8    00000018     ST7735.obj (.data)
                  200008e0    00000018     main.obj (.data)
                  200008f8    00000014     ClockSystem.obj (.data)
                  2000090c    00000010     rtsv7M4_T_le_v4SPD16_eabi.lib : defs.obj (.data)
                  2000091c    0000000c                                   : exit.obj (.data:$O1$$)
                  20000928    0000000c                                   : memory.obj (.data:$O1$$)
                  20000934    0000000c     support.obj (.data)
                  20000940    00000008     rtsv7M4_T_le_v4SPD16_eabi.lib : _lock.obj (.data:$O1$$)
                  20000948    00000004                                   : errno.obj (.data)
                  2000094c    00000004                                   : fopen.obj (.data)
                  20000950    00000004                                   : stkdepth_vars.obj (.data)

.stack     0    2000fe00    00000200     UNINITIALIZED
                  2000fe00    00000200     --HOLE--

MODULE SUMMARY

       Module                     code    ro data   rw data
       ------                     ----    -------   -------
    .\
       ST7735.obj                 5680    2018      60     
       msprf24.obj                3152    0         7      
       main.obj                   1056    0         292    
       support.obj                832     0         12     
       ClockSystem.obj            816     0         20     
       msp432_startup_ccs.obj     12      320       0      
       msp430_spi.obj             172     28        0      
    +--+--------------------------+-------+---------+---------+
       Total:                     11720   2366      391    
                                                           
    ../msp432p4xx_driverlib.lib
       gpio.o                     480     48        0      
       spi.o                      222     0         0      
       cs.o                       170     0         8      
       sysctl.o                   44      0         0      
       interrupt.o                16      0         0      
       cpu.o                      12      0         0      
    +--+--------------------------+-------+---------+---------+
       Total:                     944     48        8      
                                                           
    C:\ti\ccsv6\tools\compiler\ti-cgt-arm_15.12.0.LTS\lib\rtsv7M4_T_le_v4SPD16_eabi.lib
       _printfi.obj               4368    0         0      
       memory.obj                 988     0         12     
       lowlev.obj                 780     0         208    
       trgdrv.obj                 804     0         8      
       ull_div_t2.obj             500     0         0      
       fopen.obj                  452     0         4      
       fd_add_t2.obj              438     0         0      
       defs.obj                   0       0         416    
       trgmsg.obj                 104     0         288    
       fd_div_t2.obj              310     0         0      
       fputs.obj                  308     0         0      
       fd_cmp_t2.obj              268     0         0      
       ctype.obj                  0       257       0      
       fd_mul_t2.obj              252     0         0      
       s_scalbn.obj               252     0         0      
       setvbuf.obj                220     0         0      
       fflush.obj                 200     0         0      
       _io_perm.obj               172     0         0      
       memcpy_t2.obj              156     0         0      
       fclose.obj                 152     0         0      
       memset_t2.obj              122     0         0      
       autoinit.obj               112     0         0      
       copy_decompress_rle.obj    112     0         0      
       printf.obj                 112     0         0      
       fseek.obj                  100     0         0      
       s_frexp.obj                100     0         0      
       exit.obj                   84      0         12     
       ltoa.obj                   86      0         0      
       boot.obj                   84      0         0      
       atoi.obj                   76      0         0      
       cpy_tbl.obj                76      0         0      
       fd_toi_t2.obj              72      0         0      
       strncpy.obj                48      0         0      
       i_tofd_t2.obj              46      0         0      
       memchr.obj                 32      0         0      
       _lock.obj                  20      0         8      
       memccpy.obj                28      0         0      
       args_main.obj              24      0         0      
       strcmp.obj                 24      0         0      
       strchr.obj                 22      0         0      
       s_copysign.obj             20      0         0      
       strcpy.obj                 20      0         0      
       strlen.obj                 20      0         0      
       copy_decompress_none.obj   14      0         0      
       errno.obj                  0       0         4      
       pre_init.obj               4       0         0      
       stkdepth_vars.obj          0       0         4      
       mpu_init.obj               2       0         0      
       startup.obj                2       0         0      
    +--+--------------------------+-------+---------+---------+
       Total:                     12186   257       964    
                                                           
       Heap:                      0       0         1024   
       Stack:                     0       0         512    
       Linker Generated:          0       183       0      
    +--+--------------------------+-------+---------+---------+
       Grand Total:               24850   2854      2899   


LINKER GENERATED COPY TABLES

__TI_cinit_table @ 00006c3c records: 2, size/record: 8, table size: 16
	.data: load addr=00006b90, load size=00000094 bytes, run addr=20000708, run size=0000024c bytes, compression=rle
	.bss: load addr=00006c28, load size=0000000b bytes, run addr=20000400, run size=00000307 bytes, compression=rle


LINKER GENERATED HANDLER TABLE

__TI_handler_table @ 00006c34 records: 2, size/record: 4, table size: 8
	index: 0, handler: __TI_decompress_rle24
	index: 1, handler: __TI_decompress_none


GLOBAL SYMBOLS: SORTED ALPHABETICALLY BY Name 

address   name                                       
-------   ----                                       
200008d4  BgColor                                    
00005ced  C$$EXIT                                    
00005b3f  C$$IO$$                                    
200008fc  CPMwait                                    
0000620b  CPU_cpsie                                  
0000610d  CS_setExternalClockSourceFrequency         
00006249  CS_startLFXT                               
00005731  CS_startLFXTWithTimeout                    
00003fd1  Clock_Init                                 
0000410b  Clock_Init32kHz                            
0000401b  Clock_Init48MHz                            
000041fd  Clock_InitLowPower                         
20000908  Crystalstable                              
00003de3  Debouncer                                  
000001d7  Delay1ms                                   
00003495  DelayWait10ms                              
000035e5  DisplayInit                                
00006217  EUSCI_A_SPI_enable                         
00006223  EUSCI_B_SPI_enable                         
200006d0  Encoder1                                   
200006d4  Encoder2                                   
00003e45  EncoderDecipher                            
00006095  GPIO_clearInterruptFlag                    
00006121  GPIO_enableInterrupt                       
00005eb9  GPIO_getEnabledInterruptStatus             
00006041  GPIO_getInputPinValue                      
000061ad  GPIO_getInterruptStatus                    
00005fa9  GPIO_setAsInputPin                         
00005ee9  GPIO_setAsInputPinWithPullUpResistor       
00005ffd  GPIO_setAsOutputPin                        
00005d41  GPIO_setAsPeripheralModuleFunctionInputPin 
00005d8d  GPIO_setAsPeripheralModuleFunctionOutputPin
00006135  GPIO_setOutputHighOnPin                    
000060ad  GPIO_setOutputLowOnPin                     
00006149  GPIO_toggleOutputOnPin                     
000045d7  HOSTclock                                  
0000459f  HOSTclose                                  
00004561  HOSTgetenv                                 
00004505  HOSTlseek                                  
000044b3  HOSTopen                                   
00004467  HOSTread                                   
00004409  HOSTrename                                 
000043cf  HOSTtime                                   
00004385  HOSTtime64                                 
0000434d  HOSTunlink                                 
00004301  HOSTwrite                                  
20000904  IFlags                                     
00003c91  InitFunction                               
000061bd  Interrupt_enableMaster                     
20000690  Message                                    
200006d8  Messageindex                               
0000162b  Output_Clear                               
00001645  Output_Color                               
0000161b  Output_Init                                
00001635  Output_Off                                 
0000163d  Output_On                                  
20000900  Postwait                                   
200008f8  Prewait                                    
200006dc  PushButton                                 
000036ad  RF_Init                                    
UNDEFED   SHT$$INIT_ARRAY$$Base                      
UNDEFED   SHT$$INIT_ARRAY$$Limit                     
00006079  SPI_enableModule                           
000058cd  SPI_initMaster                             
00003d75  SSR_Init                                   
000007ad  ST7735_Color565                            
00001665  ST7735_Counter                             
00000811  ST7735_DrawBitmap                          
00000d11  ST7735_DrawChar                            
00000b8f  ST7735_DrawCharS                           
000005a5  ST7735_DrawFastHLine                       
000004e7  ST7735_DrawFastVLine                       
0000048d  ST7735_DrawPixel                           
00000e8d  ST7735_DrawString                          
000006a1  ST7735_FillRect                            
0000065d  ST7735_FillScreen                          
0000035b  ST7735_InitB                               
0000037b  ST7735_InitR                               
000010b3  ST7735_InvertDisplay                       
000014f1  ST7735_OutChar                             
000015bd  ST7735_OutString                           
00000f75  ST7735_OutUDec                             
000013fd  ST7735_PlotBar                             
000010cb  ST7735_PlotClear                           
000011ed  ST7735_PlotLine                            
0000149d  ST7735_PlotNext                            
000014b7  ST7735_PlotNextErase                       
00001127  ST7735_PlotPoint                           
00001327  ST7735_PlotPoints                          
00001453  ST7735_PlotdBfs                            
00000f4f  ST7735_SetCursor                           
00000a0d  ST7735_SetPrintOptions                     
00000fe9  ST7735_SetRotation                         
000015db  ST7735_SetTextColor                        
000007e1  ST7735_SwapColor                           
200008ec  Setup                                      
200008d0  StTextColor                                
200008c8  StX                                        
200008cc  StY                                        
000061cd  SysCtl_disableNMISource                    
000061dd  SysCtl_enableNMISource                     
00006231  SysCtl_getNMISourceStatus                  
200008d2  TextColor                                  
200008d6  TextSize                                   
200008e4  Top                                        
4000480c  WDTCTL_SYM                                 
200006e0  X                                          
200006e4  Ymax                                       
200006e8  Ymin                                       
200006ec  Yrange                                     
20000400  __CIOBUF_                                  
20010000  __STACK_END                                
00000200  __STACK_SIZE                               
00000400  __SYSMEM_SIZE                              
00006c3c  __TI_CINIT_Base                            
00006c4c  __TI_CINIT_Limit                           
00006c34  __TI_Handler_Table_Base                    
00006c3c  __TI_Handler_Table_Limit                   
000059c5  __TI_auto_init                             
00004bed  __TI_cleanup                               
2000091c  __TI_cleanup_ptr                           
00005699  __TI_closefile                             
000061fd  __TI_decompress_none                       
0000624f  __TI_decompress_rle24                      
000053dd  __TI_doflush                               
20000920  __TI_dtors_ptr                             
20000924  __TI_enable_exit_profile_output            
2000090c  __TI_ft_end                                
ffffffff  __TI_pprof_out_hndl                        
0000257b  __TI_printfi                               
ffffffff  __TI_prof_data_size                        
ffffffff  __TI_prof_data_start                       
000055b3  __TI_rd_ok                                 
00005b43  __TI_readmsg                               
00000000  __TI_static_base__                         
20000520  __TI_tmpnams                               
00005b11  __TI_writemsg                              
00005551  __TI_wrt_ok                                
000057c1  __aeabi_cdcmpeq                            
000057c1  __aeabi_cdcmple                            
00005847  __aeabi_cdrcmple                           
00005e71  __aeabi_d2iz                               
00004cf3  __aeabi_dadd                               
00004e9f  __aeabi_ddiv                               
00005109  __aeabi_dmul                               
00004ce9  __aeabi_dsub                               
00005f79  __aeabi_i2d                                
00005949  __aeabi_memclr                             
00005949  __aeabi_memclr4                            
00005949  __aeabi_memclr8                            
000055fd  __aeabi_memcpy                             
000055fd  __aeabi_memcpy4                            
000055fd  __aeabi_memcpy8                            
0000594b  __aeabi_memset                             
0000594b  __aeabi_memset4                            
0000594b  __aeabi_memset8                            
20000918  __aeabi_stderr                             
20000910  __aeabi_stdin                              
20000914  __aeabi_stdout                             
00004931  __aeabi_uldivmod                           
ffffffff  __binit__                                  
ffffffff  __c_args__                                 
000059c3  __mpu_init                                 
2000fe00  __stack                                    
000060c5  _args_main                                 
00005c99  _c_int00                                   
00006957  _ctypes_                                   
20000708  _ftable                                    
20000940  _lock                                      
000061ed  _msprf24_crc_mask                          
00006255  _msprf24_irq_mask                          
0000616b  _nop                                       
00006163  _register_lock                             
0000615d  _register_unlock                           
20000000  _sys_memory                                
00005b0f  _system_post_cinit                         
00006259  _system_pre_init                           
20000944  _unlock                                    
00005cf1  abort                                      
00004885  add_device                                 
200006bc  addr                                       
00005dd9  atoi                                       
00003d9f  binaryToDecimal                            
ffffffff  binit                                      
00003c5d  calloc                                     
00004835  close                                      
00005e25  copy_in                                    
00006171  copysign                                   
00006171  copysignl                                  
00006757  dBfs                                       
200006c4  data                                       
2000069c  date                                       
20000668  dateString                                 
200005fc  dateStringColor                            
200008f4  err                                        
20000948  errno                                      
00005cf9  exit                                       
000056ff  fclose                                     
0000160d  ferror                                     
00005429  fflush                                     
00001601  fgetc                                      
00000f0d  fillmessage                                
00002c3f  flush_rx                                   
00002c1d  flush_tx                                   
00004c43  fopen                                      
000015ef  fputc                                      
00004fd5  fputs                                      
000039ab  free                                       
00004c19  freopen                                    
00005bdd  frexp                                      
00005bdd  frexpl                                     
00005b79  fseek                                      
00003779  gpio_isr                                   
00000000  interruptVectors                           
200008dc  lastj                                      
00005205  ldexp                                      
00005205  ldexpl                                     
00004811  lseek                                      
00005c41  ltoa                                       
000034a7  main                                       
20000950  main_func_sp                               
00003943  malloc                                     
00003b79  memalign                                   
0000605d  memccpy                                    
00006021  memchr                                     
000055fd  memcpy                                     
00005951  memset                                     
000038b5  minit                                      
200005c0  months                                     
200008f0  movement                                   
000032d3  msprf24_activate_rx                        
000032f7  msprf24_activate_tx                        
00002e97  msprf24_close_pipe                         
00002ef3  msprf24_close_pipe_all                     
00003221  msprf24_current_state                      
00002e67  msprf24_disable_feature                    
00002e2d  msprf24_enable_feature                     
000033c9  msprf24_get_irq_reason                     
00003137  msprf24_get_last_retransmits               
00003145  msprf24_get_lostpackets                    
00002d49  msprf24_init                               
00003409  msprf24_irq_clear                          
00003153  msprf24_is_alive                           
00002f19  msprf24_open_pipe                          
00002f93  msprf24_pipe_isopen                        
0000327d  msprf24_powerdown                          
0000330b  msprf24_queue_state                        
00003395  msprf24_rx_pending                         
00003315  msprf24_scan                               
000031fb  msprf24_set_address_width                  
000031db  msprf24_set_channel                        
0000317d  msprf24_set_config                         
00002fcf  msprf24_set_pipe_packetsize                
0000310d  msprf24_set_retransmit_count               
00003071  msprf24_set_retransmit_delay               
000031ad  msprf24_set_speed_power                    
00003291  msprf24_standby                            
2000064c  newTime                                    
00004763  open                                       
000001c9  parrotdelay                                
00005a3d  printf                                     
00005fd5  pulse_ce                                   
000050e1  puts                                       
00002881  r_reg                                      
00002b55  r_rx_payload                               
00002b19  r_rx_peek_payload_size                     
0000473f  read                                       
00003a6d  realloc                                    
000046b5  remove                                     
00004717  remove_device                              
000046d9  rename                                     
20000700  rf_addr_width                              
20000701  rf_channel                                 
20000702  rf_crc                                     
20000703  rf_feature                                 
20000704  rf_irq                                     
20000705  rf_speed_power                             
20000706  rf_status                                  
0000359b  rtc_isr                                    
00005205  scalbn                                     
00005205  scalbnl                                    
00005301  setvbuf                                    
00006b58  spiMasterConfig                            
000054a5  spi_init                                   
000054d1  spi_transfer                               
000054f3  spi_transfer16                             
200006f8  status                                     
000060f5  strchr                                     
000060dd  strcmp                                     
00006185  strcpy                                     
00006199  strlen                                     
00005f49  strncpy                                    
0000355d  systick_isr                                
200008e8  tick                                       
200006a8  time                                       
2000067c  timeString                                 
20000624  timeStringColor                            
00002c65  tx_reuse_lastpayload                       
000046b5  unlink                                     
200006fc  user                                       
00002c87  w_ack_payload                              
000028cb  w_reg                                      
0000295f  w_rx_addr                                  
00002917  w_tx_addr                                  
000029d5  w_tx_payload                               
00002a73  w_tx_payload_noack                         
00004625  write                                      
200008e0  z                                          


GLOBAL SYMBOLS: SORTED BY Symbol Address 

address   name                                       
-------   ----                                       
00000000  __TI_static_base__                         
00000000  interruptVectors                           
000001c9  parrotdelay                                
000001d7  Delay1ms                                   
00000200  __STACK_SIZE                               
0000035b  ST7735_InitB                               
0000037b  ST7735_InitR                               
00000400  __SYSMEM_SIZE                              
0000048d  ST7735_DrawPixel                           
000004e7  ST7735_DrawFastVLine                       
000005a5  ST7735_DrawFastHLine                       
0000065d  ST7735_FillScreen                          
000006a1  ST7735_FillRect                            
000007ad  ST7735_Color565                            
000007e1  ST7735_SwapColor                           
00000811  ST7735_DrawBitmap                          
00000a0d  ST7735_SetPrintOptions                     
00000b8f  ST7735_DrawCharS                           
00000d11  ST7735_DrawChar                            
00000e8d  ST7735_DrawString                          
00000f0d  fillmessage                                
00000f4f  ST7735_SetCursor                           
00000f75  ST7735_OutUDec                             
00000fe9  ST7735_SetRotation                         
000010b3  ST7735_InvertDisplay                       
000010cb  ST7735_PlotClear                           
00001127  ST7735_PlotPoint                           
000011ed  ST7735_PlotLine                            
00001327  ST7735_PlotPoints                          
000013fd  ST7735_PlotBar                             
00001453  ST7735_PlotdBfs                            
0000149d  ST7735_PlotNext                            
000014b7  ST7735_PlotNextErase                       
000014f1  ST7735_OutChar                             
000015bd  ST7735_OutString                           
000015db  ST7735_SetTextColor                        
000015ef  fputc                                      
00001601  fgetc                                      
0000160d  ferror                                     
0000161b  Output_Init                                
0000162b  Output_Clear                               
00001635  Output_Off                                 
0000163d  Output_On                                  
00001645  Output_Color                               
00001665  ST7735_Counter                             
0000257b  __TI_printfi                               
00002881  r_reg                                      
000028cb  w_reg                                      
00002917  w_tx_addr                                  
0000295f  w_rx_addr                                  
000029d5  w_tx_payload                               
00002a73  w_tx_payload_noack                         
00002b19  r_rx_peek_payload_size                     
00002b55  r_rx_payload                               
00002c1d  flush_tx                                   
00002c3f  flush_rx                                   
00002c65  tx_reuse_lastpayload                       
00002c87  w_ack_payload                              
00002d49  msprf24_init                               
00002e2d  msprf24_enable_feature                     
00002e67  msprf24_disable_feature                    
00002e97  msprf24_close_pipe                         
00002ef3  msprf24_close_pipe_all                     
00002f19  msprf24_open_pipe                          
00002f93  msprf24_pipe_isopen                        
00002fcf  msprf24_set_pipe_packetsize                
00003071  msprf24_set_retransmit_delay               
0000310d  msprf24_set_retransmit_count               
00003137  msprf24_get_last_retransmits               
00003145  msprf24_get_lostpackets                    
00003153  msprf24_is_alive                           
0000317d  msprf24_set_config                         
000031ad  msprf24_set_speed_power                    
000031db  msprf24_set_channel                        
000031fb  msprf24_set_address_width                  
00003221  msprf24_current_state                      
0000327d  msprf24_powerdown                          
00003291  msprf24_standby                            
000032d3  msprf24_activate_rx                        
000032f7  msprf24_activate_tx                        
0000330b  msprf24_queue_state                        
00003315  msprf24_scan                               
00003395  msprf24_rx_pending                         
000033c9  msprf24_get_irq_reason                     
00003409  msprf24_irq_clear                          
00003495  DelayWait10ms                              
000034a7  main                                       
0000355d  systick_isr                                
0000359b  rtc_isr                                    
000035e5  DisplayInit                                
000036ad  RF_Init                                    
00003779  gpio_isr                                   
000038b5  minit                                      
00003943  malloc                                     
000039ab  free                                       
00003a6d  realloc                                    
00003b79  memalign                                   
00003c5d  calloc                                     
00003c91  InitFunction                               
00003d75  SSR_Init                                   
00003d9f  binaryToDecimal                            
00003de3  Debouncer                                  
00003e45  EncoderDecipher                            
00003fd1  Clock_Init                                 
0000401b  Clock_Init48MHz                            
0000410b  Clock_Init32kHz                            
000041fd  Clock_InitLowPower                         
00004301  HOSTwrite                                  
0000434d  HOSTunlink                                 
00004385  HOSTtime64                                 
000043cf  HOSTtime                                   
00004409  HOSTrename                                 
00004467  HOSTread                                   
000044b3  HOSTopen                                   
00004505  HOSTlseek                                  
00004561  HOSTgetenv                                 
0000459f  HOSTclose                                  
000045d7  HOSTclock                                  
00004625  write                                      
000046b5  remove                                     
000046b5  unlink                                     
000046d9  rename                                     
00004717  remove_device                              
0000473f  read                                       
00004763  open                                       
00004811  lseek                                      
00004835  close                                      
00004885  add_device                                 
00004931  __aeabi_uldivmod                           
00004bed  __TI_cleanup                               
00004c19  freopen                                    
00004c43  fopen                                      
00004ce9  __aeabi_dsub                               
00004cf3  __aeabi_dadd                               
00004e9f  __aeabi_ddiv                               
00004fd5  fputs                                      
000050e1  puts                                       
00005109  __aeabi_dmul                               
00005205  ldexp                                      
00005205  ldexpl                                     
00005205  scalbn                                     
00005205  scalbnl                                    
00005301  setvbuf                                    
000053dd  __TI_doflush                               
00005429  fflush                                     
000054a5  spi_init                                   
000054d1  spi_transfer                               
000054f3  spi_transfer16                             
00005551  __TI_wrt_ok                                
000055b3  __TI_rd_ok                                 
000055fd  __aeabi_memcpy                             
000055fd  __aeabi_memcpy4                            
000055fd  __aeabi_memcpy8                            
000055fd  memcpy                                     
00005699  __TI_closefile                             
000056ff  fclose                                     
00005731  CS_startLFXTWithTimeout                    
000057c1  __aeabi_cdcmpeq                            
000057c1  __aeabi_cdcmple                            
00005847  __aeabi_cdrcmple                           
000058cd  SPI_initMaster                             
00005949  __aeabi_memclr                             
00005949  __aeabi_memclr4                            
00005949  __aeabi_memclr8                            
0000594b  __aeabi_memset                             
0000594b  __aeabi_memset4                            
0000594b  __aeabi_memset8                            
00005951  memset                                     
000059c3  __mpu_init                                 
000059c5  __TI_auto_init                             
00005a3d  printf                                     
00005b0f  _system_post_cinit                         
00005b11  __TI_writemsg                              
00005b3f  C$$IO$$                                    
00005b43  __TI_readmsg                               
00005b79  fseek                                      
00005bdd  frexp                                      
00005bdd  frexpl                                     
00005c41  ltoa                                       
00005c99  _c_int00                                   
00005ced  C$$EXIT                                    
00005cf1  abort                                      
00005cf9  exit                                       
00005d41  GPIO_setAsPeripheralModuleFunctionInputPin 
00005d8d  GPIO_setAsPeripheralModuleFunctionOutputPin
00005dd9  atoi                                       
00005e25  copy_in                                    
00005e71  __aeabi_d2iz                               
00005eb9  GPIO_getEnabledInterruptStatus             
00005ee9  GPIO_setAsInputPinWithPullUpResistor       
00005f49  strncpy                                    
00005f79  __aeabi_i2d                                
00005fa9  GPIO_setAsInputPin                         
00005fd5  pulse_ce                                   
00005ffd  GPIO_setAsOutputPin                        
00006021  memchr                                     
00006041  GPIO_getInputPinValue                      
0000605d  memccpy                                    
00006079  SPI_enableModule                           
00006095  GPIO_clearInterruptFlag                    
000060ad  GPIO_setOutputLowOnPin                     
000060c5  _args_main                                 
000060dd  strcmp                                     
000060f5  strchr                                     
0000610d  CS_setExternalClockSourceFrequency         
00006121  GPIO_enableInterrupt                       
00006135  GPIO_setOutputHighOnPin                    
00006149  GPIO_toggleOutputOnPin                     
0000615d  _register_unlock                           
00006163  _register_lock                             
0000616b  _nop                                       
00006171  copysign                                   
00006171  copysignl                                  
00006185  strcpy                                     
00006199  strlen                                     
000061ad  GPIO_getInterruptStatus                    
000061bd  Interrupt_enableMaster                     
000061cd  SysCtl_disableNMISource                    
000061dd  SysCtl_enableNMISource                     
000061ed  _msprf24_crc_mask                          
000061fd  __TI_decompress_none                       
0000620b  CPU_cpsie                                  
00006217  EUSCI_A_SPI_enable                         
00006223  EUSCI_B_SPI_enable                         
00006231  SysCtl_getNMISourceStatus                  
00006249  CS_startLFXT                               
0000624f  __TI_decompress_rle24                      
00006255  _msprf24_irq_mask                          
00006259  _system_pre_init                           
00006757  dBfs                                       
00006957  _ctypes_                                   
00006b58  spiMasterConfig                            
00006c34  __TI_Handler_Table_Base                    
00006c3c  __TI_CINIT_Base                            
00006c3c  __TI_Handler_Table_Limit                   
00006c4c  __TI_CINIT_Limit                           
20000000  _sys_memory                                
20000400  __CIOBUF_                                  
20000520  __TI_tmpnams                               
200005c0  months                                     
200005fc  dateStringColor                            
20000624  timeStringColor                            
2000064c  newTime                                    
20000668  dateString                                 
2000067c  timeString                                 
20000690  Message                                    
2000069c  date                                       
200006a8  time                                       
200006bc  addr                                       
200006c4  data                                       
200006d0  Encoder1                                   
200006d4  Encoder2                                   
200006d8  Messageindex                               
200006dc  PushButton                                 
200006e0  X                                          
200006e4  Ymax                                       
200006e8  Ymin                                       
200006ec  Yrange                                     
200006f8  status                                     
200006fc  user                                       
20000700  rf_addr_width                              
20000701  rf_channel                                 
20000702  rf_crc                                     
20000703  rf_feature                                 
20000704  rf_irq                                     
20000705  rf_speed_power                             
20000706  rf_status                                  
20000708  _ftable                                    
200008c8  StX                                        
200008cc  StY                                        
200008d0  StTextColor                                
200008d2  TextColor                                  
200008d4  BgColor                                    
200008d6  TextSize                                   
200008dc  lastj                                      
200008e0  z                                          
200008e4  Top                                        
200008e8  tick                                       
200008ec  Setup                                      
200008f0  movement                                   
200008f4  err                                        
200008f8  Prewait                                    
200008fc  CPMwait                                    
20000900  Postwait                                   
20000904  IFlags                                     
20000908  Crystalstable                              
2000090c  __TI_ft_end                                
20000910  __aeabi_stdin                              
20000914  __aeabi_stdout                             
20000918  __aeabi_stderr                             
2000091c  __TI_cleanup_ptr                           
20000920  __TI_dtors_ptr                             
20000924  __TI_enable_exit_profile_output            
20000940  _lock                                      
20000944  _unlock                                    
20000948  errno                                      
20000950  main_func_sp                               
2000fe00  __stack                                    
20010000  __STACK_END                                
4000480c  WDTCTL_SYM                                 
ffffffff  __TI_pprof_out_hndl                        
ffffffff  __TI_prof_data_size                        
ffffffff  __TI_prof_data_start                       
ffffffff  __binit__                                  
ffffffff  __c_args__                                 
ffffffff  binit                                      
UNDEFED   SHT$$INIT_ARRAY$$Base                      
UNDEFED   SHT$$INIT_ARRAY$$Limit                     

[308 symbols]
