<?xml version="1.0"?>
<link_info>
   <banner>TI ARM Linker PC v15.12.0.LTS</banner>
   <copyright>Copyright (c) 1996-2015 Texas Instruments Incorporated</copyright>
   <link_time>0x56f5dbe6</link_time>
   <link_errors>0x0</link_errors>
   <output_file>Project 1 Base Software.out</output_file>
   <entry_point>
      <name>_c_int00</name>
      <address>0x837d</address>
   </entry_point>
   <input_file_list>
      <input_file id="fl-2">
         <path>.\</path>
         <kind>object</kind>
         <file>ClockSystem.obj</file>
         <name>ClockSystem.obj</name>
      </input_file>
      <input_file id="fl-3">
         <path>.\</path>
         <kind>object</kind>
         <file>ST7735.obj</file>
         <name>ST7735.obj</name>
      </input_file>
      <input_file id="fl-4">
         <path>.\</path>
         <kind>object</kind>
         <file>dht22.obj</file>
         <name>dht22.obj</name>
      </input_file>
      <input_file id="fl-5">
         <path>.\</path>
         <kind>object</kind>
         <file>main.obj</file>
         <name>main.obj</name>
      </input_file>
      <input_file id="fl-6">
         <path>.\</path>
         <kind>object</kind>
         <file>msp430_spi.obj</file>
         <name>msp430_spi.obj</name>
      </input_file>
      <input_file id="fl-7">
         <path>.\</path>
         <kind>object</kind>
         <file>msp432_startup_ccs.obj</file>
         <name>msp432_startup_ccs.obj</name>
      </input_file>
      <input_file id="fl-8">
         <path>.\</path>
         <kind>object</kind>
         <file>msprf24.obj</file>
         <name>msprf24.obj</name>
      </input_file>
      <input_file id="fl-9">
         <path>.\</path>
         <kind>object</kind>
         <file>support.obj</file>
         <name>support.obj</name>
      </input_file>
      <input_file id="fl-f">
         <path>..\</path>
         <kind>archive</kind>
         <file>msp432p4xx_driverlib.lib</file>
         <name>cs.o</name>
      </input_file>
      <input_file id="fl-10">
         <path>..\</path>
         <kind>archive</kind>
         <file>msp432p4xx_driverlib.lib</file>
         <name>gpio.o</name>
      </input_file>
      <input_file id="fl-11">
         <path>..\</path>
         <kind>archive</kind>
         <file>msp432p4xx_driverlib.lib</file>
         <name>interrupt.o</name>
      </input_file>
      <input_file id="fl-12">
         <path>..\</path>
         <kind>archive</kind>
         <file>msp432p4xx_driverlib.lib</file>
         <name>spi.o</name>
      </input_file>
      <input_file id="fl-13">
         <path>..\</path>
         <kind>archive</kind>
         <file>msp432p4xx_driverlib.lib</file>
         <name>sysctl.o</name>
      </input_file>
      <input_file id="fl-14">
         <path>..\</path>
         <kind>archive</kind>
         <file>msp432p4xx_driverlib.lib</file>
         <name>cpu.o</name>
      </input_file>
      <input_file id="fl-ca">
         <path>C:\ti\ccsv6\tools\compiler\ti-cgt-arm_15.12.0.LTS\lib\</path>
         <kind>archive</kind>
         <file>rtsv7M4_T_le_v4SPD16_eabi.lib</file>
         <name>boot.obj</name>
      </input_file>
      <input_file id="fl-cb">
         <path>C:\ti\ccsv6\tools\compiler\ti-cgt-arm_15.12.0.LTS\lib\</path>
         <kind>archive</kind>
         <file>rtsv7M4_T_le_v4SPD16_eabi.lib</file>
         <name>copy_decompress_none.obj</name>
      </input_file>
      <input_file id="fl-cc">
         <path>C:\ti\ccsv6\tools\compiler\ti-cgt-arm_15.12.0.LTS\lib\</path>
         <kind>archive</kind>
         <file>rtsv7M4_T_le_v4SPD16_eabi.lib</file>
         <name>copy_decompress_rle.obj</name>
      </input_file>
      <input_file id="fl-cd">
         <path>C:\ti\ccsv6\tools\compiler\ti-cgt-arm_15.12.0.LTS\lib\</path>
         <kind>archive</kind>
         <file>rtsv7M4_T_le_v4SPD16_eabi.lib</file>
         <name>copy_zero_init.obj</name>
      </input_file>
      <input_file id="fl-ce">
         <path>C:\ti\ccsv6\tools\compiler\ti-cgt-arm_15.12.0.LTS\lib\</path>
         <kind>archive</kind>
         <file>rtsv7M4_T_le_v4SPD16_eabi.lib</file>
         <name>exit.obj</name>
      </input_file>
      <input_file id="fl-cf">
         <path>C:\ti\ccsv6\tools\compiler\ti-cgt-arm_15.12.0.LTS\lib\</path>
         <kind>archive</kind>
         <file>rtsv7M4_T_le_v4SPD16_eabi.lib</file>
         <name>fd_mul_t2.obj</name>
      </input_file>
      <input_file id="fl-d0">
         <path>C:\ti\ccsv6\tools\compiler\ti-cgt-arm_15.12.0.LTS\lib\</path>
         <kind>archive</kind>
         <file>rtsv7M4_T_le_v4SPD16_eabi.lib</file>
         <name>fd_toi_t2.obj</name>
      </input_file>
      <input_file id="fl-d1">
         <path>C:\ti\ccsv6\tools\compiler\ti-cgt-arm_15.12.0.LTS\lib\</path>
         <kind>archive</kind>
         <file>rtsv7M4_T_le_v4SPD16_eabi.lib</file>
         <name>fs_tod_t2.obj</name>
      </input_file>
      <input_file id="fl-d2">
         <path>C:\ti\ccsv6\tools\compiler\ti-cgt-arm_15.12.0.LTS\lib\</path>
         <kind>archive</kind>
         <file>rtsv7M4_T_le_v4SPD16_eabi.lib</file>
         <name>memcpy_t2.obj</name>
      </input_file>
      <input_file id="fl-d3">
         <path>C:\ti\ccsv6\tools\compiler\ti-cgt-arm_15.12.0.LTS\lib\</path>
         <kind>archive</kind>
         <file>rtsv7M4_T_le_v4SPD16_eabi.lib</file>
         <name>memset_t2.obj</name>
      </input_file>
      <input_file id="fl-d4">
         <path>C:\ti\ccsv6\tools\compiler\ti-cgt-arm_15.12.0.LTS\lib\</path>
         <kind>archive</kind>
         <file>rtsv7M4_T_le_v4SPD16_eabi.lib</file>
         <name>mpu_init.obj</name>
      </input_file>
      <input_file id="fl-d5">
         <path>C:\ti\ccsv6\tools\compiler\ti-cgt-arm_15.12.0.LTS\lib\</path>
         <kind>archive</kind>
         <file>rtsv7M4_T_le_v4SPD16_eabi.lib</file>
         <name>pre_init.obj</name>
      </input_file>
      <input_file id="fl-d6">
         <path>C:\ti\ccsv6\tools\compiler\ti-cgt-arm_15.12.0.LTS\lib\</path>
         <kind>archive</kind>
         <file>rtsv7M4_T_le_v4SPD16_eabi.lib</file>
         <name>printf.obj</name>
      </input_file>
      <input_file id="fl-d7">
         <path>C:\ti\ccsv6\tools\compiler\ti-cgt-arm_15.12.0.LTS\lib\</path>
         <kind>archive</kind>
         <file>rtsv7M4_T_le_v4SPD16_eabi.lib</file>
         <name>sprintf.obj</name>
      </input_file>
      <input_file id="fl-d8">
         <path>C:\ti\ccsv6\tools\compiler\ti-cgt-arm_15.12.0.LTS\lib\</path>
         <kind>archive</kind>
         <file>rtsv7M4_T_le_v4SPD16_eabi.lib</file>
         <name>sscanf.obj</name>
      </input_file>
      <input_file id="fl-d9">
         <path>C:\ti\ccsv6\tools\compiler\ti-cgt-arm_15.12.0.LTS\lib\</path>
         <kind>archive</kind>
         <file>rtsv7M4_T_le_v4SPD16_eabi.lib</file>
         <name>stkdepth_vars.obj</name>
      </input_file>
      <input_file id="fl-da">
         <path>C:\ti\ccsv6\tools\compiler\ti-cgt-arm_15.12.0.LTS\lib\</path>
         <kind>archive</kind>
         <file>rtsv7M4_T_le_v4SPD16_eabi.lib</file>
         <name>strcpy.obj</name>
      </input_file>
      <input_file id="fl-db">
         <path>C:\ti\ccsv6\tools\compiler\ti-cgt-arm_15.12.0.LTS\lib\</path>
         <kind>archive</kind>
         <file>rtsv7M4_T_le_v4SPD16_eabi.lib</file>
         <name>strlen.obj</name>
      </input_file>
      <input_file id="fl-dc">
         <path>C:\ti\ccsv6\tools\compiler\ti-cgt-arm_15.12.0.LTS\lib\</path>
         <kind>archive</kind>
         <file>rtsv7M4_T_le_v4SPD16_eabi.lib</file>
         <name>_lock.obj</name>
      </input_file>
      <input_file id="fl-dd">
         <path>C:\ti\ccsv6\tools\compiler\ti-cgt-arm_15.12.0.LTS\lib\</path>
         <kind>archive</kind>
         <file>rtsv7M4_T_le_v4SPD16_eabi.lib</file>
         <name>_printfi.obj</name>
      </input_file>
      <input_file id="fl-de">
         <path>C:\ti\ccsv6\tools\compiler\ti-cgt-arm_15.12.0.LTS\lib\</path>
         <kind>archive</kind>
         <file>rtsv7M4_T_le_v4SPD16_eabi.lib</file>
         <name>_scanfi.obj</name>
      </input_file>
      <input_file id="fl-df">
         <path>C:\ti\ccsv6\tools\compiler\ti-cgt-arm_15.12.0.LTS\lib\</path>
         <kind>archive</kind>
         <file>rtsv7M4_T_le_v4SPD16_eabi.lib</file>
         <name>args_main.obj</name>
      </input_file>
      <input_file id="fl-e0">
         <path>C:\ti\ccsv6\tools\compiler\ti-cgt-arm_15.12.0.LTS\lib\</path>
         <kind>archive</kind>
         <file>rtsv7M4_T_le_v4SPD16_eabi.lib</file>
         <name>atoi.obj</name>
      </input_file>
      <input_file id="fl-e1">
         <path>C:\ti\ccsv6\tools\compiler\ti-cgt-arm_15.12.0.LTS\lib\</path>
         <kind>archive</kind>
         <file>rtsv7M4_T_le_v4SPD16_eabi.lib</file>
         <name>autoinit.obj</name>
      </input_file>
      <input_file id="fl-e2">
         <path>C:\ti\ccsv6\tools\compiler\ti-cgt-arm_15.12.0.LTS\lib\</path>
         <kind>archive</kind>
         <file>rtsv7M4_T_le_v4SPD16_eabi.lib</file>
         <name>cpy_tbl.obj</name>
      </input_file>
      <input_file id="fl-e3">
         <path>C:\ti\ccsv6\tools\compiler\ti-cgt-arm_15.12.0.LTS\lib\</path>
         <kind>archive</kind>
         <file>rtsv7M4_T_le_v4SPD16_eabi.lib</file>
         <name>ctype.obj</name>
      </input_file>
      <input_file id="fl-e4">
         <path>C:\ti\ccsv6\tools\compiler\ti-cgt-arm_15.12.0.LTS\lib\</path>
         <kind>archive</kind>
         <file>rtsv7M4_T_le_v4SPD16_eabi.lib</file>
         <name>defs.obj</name>
      </input_file>
      <input_file id="fl-e5">
         <path>C:\ti\ccsv6\tools\compiler\ti-cgt-arm_15.12.0.LTS\lib\</path>
         <kind>archive</kind>
         <file>rtsv7M4_T_le_v4SPD16_eabi.lib</file>
         <name>fd_add_t2.obj</name>
      </input_file>
      <input_file id="fl-e6">
         <path>C:\ti\ccsv6\tools\compiler\ti-cgt-arm_15.12.0.LTS\lib\</path>
         <kind>archive</kind>
         <file>rtsv7M4_T_le_v4SPD16_eabi.lib</file>
         <name>fd_cmp_t2.obj</name>
      </input_file>
      <input_file id="fl-e7">
         <path>C:\ti\ccsv6\tools\compiler\ti-cgt-arm_15.12.0.LTS\lib\</path>
         <kind>archive</kind>
         <file>rtsv7M4_T_le_v4SPD16_eabi.lib</file>
         <name>fd_div_t2.obj</name>
      </input_file>
      <input_file id="fl-e8">
         <path>C:\ti\ccsv6\tools\compiler\ti-cgt-arm_15.12.0.LTS\lib\</path>
         <kind>archive</kind>
         <file>rtsv7M4_T_le_v4SPD16_eabi.lib</file>
         <name>fd_tos_t2.obj</name>
      </input_file>
      <input_file id="fl-e9">
         <path>C:\ti\ccsv6\tools\compiler\ti-cgt-arm_15.12.0.LTS\lib\</path>
         <kind>archive</kind>
         <file>rtsv7M4_T_le_v4SPD16_eabi.lib</file>
         <name>fputs.obj</name>
      </input_file>
      <input_file id="fl-ea">
         <path>C:\ti\ccsv6\tools\compiler\ti-cgt-arm_15.12.0.LTS\lib\</path>
         <kind>archive</kind>
         <file>rtsv7M4_T_le_v4SPD16_eabi.lib</file>
         <name>i_tofd_t2.obj</name>
      </input_file>
      <input_file id="fl-eb">
         <path>C:\ti\ccsv6\tools\compiler\ti-cgt-arm_15.12.0.LTS\lib\</path>
         <kind>archive</kind>
         <file>rtsv7M4_T_le_v4SPD16_eabi.lib</file>
         <name>lowlev.obj</name>
      </input_file>
      <input_file id="fl-ec">
         <path>C:\ti\ccsv6\tools\compiler\ti-cgt-arm_15.12.0.LTS\lib\</path>
         <kind>archive</kind>
         <file>rtsv7M4_T_le_v4SPD16_eabi.lib</file>
         <name>ltoa.obj</name>
      </input_file>
      <input_file id="fl-ed">
         <path>C:\ti\ccsv6\tools\compiler\ti-cgt-arm_15.12.0.LTS\lib\</path>
         <kind>archive</kind>
         <file>rtsv7M4_T_le_v4SPD16_eabi.lib</file>
         <name>memccpy.obj</name>
      </input_file>
      <input_file id="fl-ee">
         <path>C:\ti\ccsv6\tools\compiler\ti-cgt-arm_15.12.0.LTS\lib\</path>
         <kind>archive</kind>
         <file>rtsv7M4_T_le_v4SPD16_eabi.lib</file>
         <name>memchr.obj</name>
      </input_file>
      <input_file id="fl-ef">
         <path>C:\ti\ccsv6\tools\compiler\ti-cgt-arm_15.12.0.LTS\lib\</path>
         <kind>archive</kind>
         <file>rtsv7M4_T_le_v4SPD16_eabi.lib</file>
         <name>s_frexp.obj</name>
      </input_file>
      <input_file id="fl-f0">
         <path>C:\ti\ccsv6\tools\compiler\ti-cgt-arm_15.12.0.LTS\lib\</path>
         <kind>archive</kind>
         <file>rtsv7M4_T_le_v4SPD16_eabi.lib</file>
         <name>s_scalbn.obj</name>
      </input_file>
      <input_file id="fl-f1">
         <path>C:\ti\ccsv6\tools\compiler\ti-cgt-arm_15.12.0.LTS\lib\</path>
         <kind>archive</kind>
         <file>rtsv7M4_T_le_v4SPD16_eabi.lib</file>
         <name>startup.obj</name>
      </input_file>
      <input_file id="fl-f2">
         <path>C:\ti\ccsv6\tools\compiler\ti-cgt-arm_15.12.0.LTS\lib\</path>
         <kind>archive</kind>
         <file>rtsv7M4_T_le_v4SPD16_eabi.lib</file>
         <name>strchr.obj</name>
      </input_file>
      <input_file id="fl-f3">
         <path>C:\ti\ccsv6\tools\compiler\ti-cgt-arm_15.12.0.LTS\lib\</path>
         <kind>archive</kind>
         <file>rtsv7M4_T_le_v4SPD16_eabi.lib</file>
         <name>strcmp.obj</name>
      </input_file>
      <input_file id="fl-f4">
         <path>C:\ti\ccsv6\tools\compiler\ti-cgt-arm_15.12.0.LTS\lib\</path>
         <kind>archive</kind>
         <file>rtsv7M4_T_le_v4SPD16_eabi.lib</file>
         <name>strncpy.obj</name>
      </input_file>
      <input_file id="fl-f5">
         <path>C:\ti\ccsv6\tools\compiler\ti-cgt-arm_15.12.0.LTS\lib\</path>
         <kind>archive</kind>
         <file>rtsv7M4_T_le_v4SPD16_eabi.lib</file>
         <name>strrchr.obj</name>
      </input_file>
      <input_file id="fl-f6">
         <path>C:\ti\ccsv6\tools\compiler\ti-cgt-arm_15.12.0.LTS\lib\</path>
         <kind>archive</kind>
         <file>rtsv7M4_T_le_v4SPD16_eabi.lib</file>
         <name>strtod.obj</name>
      </input_file>
      <input_file id="fl-f7">
         <path>C:\ti\ccsv6\tools\compiler\ti-cgt-arm_15.12.0.LTS\lib\</path>
         <kind>archive</kind>
         <file>rtsv7M4_T_le_v4SPD16_eabi.lib</file>
         <name>strtol.obj</name>
      </input_file>
      <input_file id="fl-f8">
         <path>C:\ti\ccsv6\tools\compiler\ti-cgt-arm_15.12.0.LTS\lib\</path>
         <kind>archive</kind>
         <file>rtsv7M4_T_le_v4SPD16_eabi.lib</file>
         <name>strtoll.obj</name>
      </input_file>
      <input_file id="fl-f9">
         <path>C:\ti\ccsv6\tools\compiler\ti-cgt-arm_15.12.0.LTS\lib\</path>
         <kind>archive</kind>
         <file>rtsv7M4_T_le_v4SPD16_eabi.lib</file>
         <name>strtoul.obj</name>
      </input_file>
      <input_file id="fl-fa">
         <path>C:\ti\ccsv6\tools\compiler\ti-cgt-arm_15.12.0.LTS\lib\</path>
         <kind>archive</kind>
         <file>rtsv7M4_T_le_v4SPD16_eabi.lib</file>
         <name>strtoull.obj</name>
      </input_file>
      <input_file id="fl-fb">
         <path>C:\ti\ccsv6\tools\compiler\ti-cgt-arm_15.12.0.LTS\lib\</path>
         <kind>archive</kind>
         <file>rtsv7M4_T_le_v4SPD16_eabi.lib</file>
         <name>trgdrv.obj</name>
      </input_file>
      <input_file id="fl-fc">
         <path>C:\ti\ccsv6\tools\compiler\ti-cgt-arm_15.12.0.LTS\lib\</path>
         <kind>archive</kind>
         <file>rtsv7M4_T_le_v4SPD16_eabi.lib</file>
         <name>trgmsg.obj</name>
      </input_file>
      <input_file id="fl-fd">
         <path>C:\ti\ccsv6\tools\compiler\ti-cgt-arm_15.12.0.LTS\lib\</path>
         <kind>archive</kind>
         <file>rtsv7M4_T_le_v4SPD16_eabi.lib</file>
         <name>ull_div_t2.obj</name>
      </input_file>
      <input_file id="fl-fe">
         <path>C:\ti\ccsv6\tools\compiler\ti-cgt-arm_15.12.0.LTS\lib\</path>
         <kind>archive</kind>
         <file>rtsv7M4_T_le_v4SPD16_eabi.lib</file>
         <name>_io_perm.obj</name>
      </input_file>
      <input_file id="fl-ff">
         <path>C:\ti\ccsv6\tools\compiler\ti-cgt-arm_15.12.0.LTS\lib\</path>
         <kind>archive</kind>
         <file>rtsv7M4_T_le_v4SPD16_eabi.lib</file>
         <name>errno.obj</name>
      </input_file>
      <input_file id="fl-100">
         <path>C:\ti\ccsv6\tools\compiler\ti-cgt-arm_15.12.0.LTS\lib\</path>
         <kind>archive</kind>
         <file>rtsv7M4_T_le_v4SPD16_eabi.lib</file>
         <name>fflush.obj</name>
      </input_file>
      <input_file id="fl-101">
         <path>C:\ti\ccsv6\tools\compiler\ti-cgt-arm_15.12.0.LTS\lib\</path>
         <kind>archive</kind>
         <file>rtsv7M4_T_le_v4SPD16_eabi.lib</file>
         <name>fseek.obj</name>
      </input_file>
      <input_file id="fl-102">
         <path>C:\ti\ccsv6\tools\compiler\ti-cgt-arm_15.12.0.LTS\lib\</path>
         <kind>archive</kind>
         <file>rtsv7M4_T_le_v4SPD16_eabi.lib</file>
         <name>ll_mul_t2.obj</name>
      </input_file>
      <input_file id="fl-103">
         <path>C:\ti\ccsv6\tools\compiler\ti-cgt-arm_15.12.0.LTS\lib\</path>
         <kind>archive</kind>
         <file>rtsv7M4_T_le_v4SPD16_eabi.lib</file>
         <name>s_copysign.obj</name>
      </input_file>
      <input_file id="fl-104">
         <path>C:\ti\ccsv6\tools\compiler\ti-cgt-arm_15.12.0.LTS\lib\</path>
         <kind>archive</kind>
         <file>rtsv7M4_T_le_v4SPD16_eabi.lib</file>
         <name>setvbuf.obj</name>
      </input_file>
      <input_file id="fl-105">
         <path>C:\ti\ccsv6\tools\compiler\ti-cgt-arm_15.12.0.LTS\lib\</path>
         <kind>archive</kind>
         <file>rtsv7M4_T_le_v4SPD16_eabi.lib</file>
         <name>fopen.obj</name>
      </input_file>
      <input_file id="fl-106">
         <path>C:\ti\ccsv6\tools\compiler\ti-cgt-arm_15.12.0.LTS\lib\</path>
         <kind>archive</kind>
         <file>rtsv7M4_T_le_v4SPD16_eabi.lib</file>
         <name>memory.obj</name>
      </input_file>
      <input_file id="fl-107">
         <path>C:\ti\ccsv6\tools\compiler\ti-cgt-arm_15.12.0.LTS\lib\</path>
         <kind>archive</kind>
         <file>rtsv7M4_T_le_v4SPD16_eabi.lib</file>
         <name>fclose.obj</name>
      </input_file>
      <input_file id="fl-108">
         <path>C:\ti\ccsv6\tools\compiler\ti-cgt-arm_15.12.0.LTS\lib\</path>
         <kind>archive</kind>
         <file>rtsv7M4_T_le_v4SPD16_eabi.lib</file>
         <name>remove.obj</name>
      </input_file>
   </input_file_list>
   <object_component_list>
      <object_component id="oc-28">
         <name>.intvecs:retain</name>
         <load_address>0x0</load_address>
         <run_address>0x0</run_address>
         <size>0x140</size>
         <input_file_ref idref="fl-7"/>
      </object_component>
      <object_component id="oc-7c">
         <name>.text</name>
         <load_address>0x140</load_address>
         <run_address>0x140</run_address>
         <size>0x1bec</size>
         <input_file_ref idref="fl-5"/>
      </object_component>
      <object_component id="oc-21e">
         <name>.text</name>
         <load_address>0x1d2c</load_address>
         <run_address>0x1d2c</run_address>
         <size>0x1110</size>
         <input_file_ref idref="fl-dd"/>
      </object_component>
      <object_component id="oc-bf">
         <name>.text</name>
         <load_address>0x2e3c</load_address>
         <run_address>0x2e3c</run_address>
         <size>0xe6c</size>
         <input_file_ref idref="fl-3"/>
      </object_component>
      <object_component id="oc-e9">
         <name>.text</name>
         <load_address>0x3ca8</load_address>
         <run_address>0x3ca8</run_address>
         <size>0xc14</size>
         <input_file_ref idref="fl-8"/>
      </object_component>
      <object_component id="oc-252">
         <name>.text</name>
         <load_address>0x48bc</load_address>
         <run_address>0x48bc</run_address>
         <size>0x92a</size>
         <input_file_ref idref="fl-de"/>
      </object_component>
      <object_component id="oc-54">
         <name>.text</name>
         <load_address>0x51e6</load_address>
         <run_address>0x51e6</run_address>
         <size>0x2</size>
         <input_file_ref idref="fl-d4"/>
      </object_component>
      <object_component id="oc-dd">
         <name>.text</name>
         <load_address>0x51e8</load_address>
         <run_address>0x51e8</run_address>
         <size>0x4b0</size>
         <input_file_ref idref="fl-9"/>
      </object_component>
      <object_component id="oc-468">
         <name>.text</name>
         <load_address>0x5698</load_address>
         <run_address>0x5698</run_address>
         <size>0x3dc</size>
         <input_file_ref idref="fl-106"/>
      </object_component>
      <object_component id="oc-152">
         <name>.text</name>
         <load_address>0x5a74</load_address>
         <run_address>0x5a74</run_address>
         <size>0x330</size>
         <input_file_ref idref="fl-2"/>
      </object_component>
      <object_component id="oc-487">
         <name>.text</name>
         <load_address>0x5da4</load_address>
         <run_address>0x5da4</run_address>
         <size>0x324</size>
         <input_file_ref idref="fl-fb"/>
      </object_component>
      <object_component id="oc-306">
         <name>.text</name>
         <load_address>0x60c8</load_address>
         <run_address>0x60c8</run_address>
         <size>0x30c</size>
         <input_file_ref idref="fl-eb"/>
      </object_component>
      <object_component id="oc-396">
         <name>.text</name>
         <load_address>0x63d4</load_address>
         <run_address>0x63d4</run_address>
         <size>0x23c</size>
         <input_file_ref idref="fl-f6"/>
      </object_component>
      <object_component id="oc-30e">
         <name>.text</name>
         <load_address>0x6610</load_address>
         <run_address>0x6610</run_address>
         <size>0x1f4</size>
         <input_file_ref idref="fl-fd"/>
      </object_component>
      <object_component id="oc-3a7">
         <name>.text</name>
         <load_address>0x6804</load_address>
         <run_address>0x6804</run_address>
         <size>0x1e4</size>
         <input_file_ref idref="fl-f8"/>
      </object_component>
      <object_component id="oc-46e">
         <name>.text</name>
         <load_address>0x69e8</load_address>
         <run_address>0x69e8</run_address>
         <size>0x1c4</size>
         <input_file_ref idref="fl-105"/>
      </object_component>
      <object_component id="oc-32d">
         <name>.text</name>
         <load_address>0x6bac</load_address>
         <run_address>0x6bac</run_address>
         <size>0x1b6</size>
         <input_file_ref idref="fl-e5"/>
      </object_component>
      <object_component id="oc-a9">
         <name>.text</name>
         <load_address>0x6d62</load_address>
         <run_address>0x6d62</run_address>
         <size>0x2</size>
         <input_file_ref idref="fl-f1"/>
      </object_component>
      <object_component id="oc-390">
         <name>.text</name>
         <load_address>0x6d64</load_address>
         <run_address>0x6d64</run_address>
         <size>0x16c</size>
         <input_file_ref idref="fl-fa"/>
      </object_component>
      <object_component id="oc-318">
         <name>.text</name>
         <load_address>0x6ed0</load_address>
         <run_address>0x6ed0</run_address>
         <size>0x136</size>
         <input_file_ref idref="fl-e7"/>
      </object_component>
      <object_component id="oc-218">
         <name>.text</name>
         <load_address>0x7008</load_address>
         <run_address>0x7008</run_address>
         <size>0x134</size>
         <input_file_ref idref="fl-e9"/>
      </object_component>
      <object_component id="oc-3a1">
         <name>.text</name>
         <load_address>0x713c</load_address>
         <run_address>0x713c</run_address>
         <size>0x134</size>
         <input_file_ref idref="fl-f7"/>
      </object_component>
      <object_component id="oc-38a">
         <name>.text</name>
         <load_address>0x7270</load_address>
         <run_address>0x7270</run_address>
         <size>0x114</size>
         <input_file_ref idref="fl-f9"/>
      </object_component>
      <object_component id="oc-fa">
         <name>.text</name>
         <load_address>0x7384</load_address>
         <run_address>0x7384</run_address>
         <size>0xfc</size>
         <input_file_ref idref="fl-cf"/>
      </object_component>
      <object_component id="oc-338">
         <name>.text</name>
         <load_address>0x7480</load_address>
         <run_address>0x7480</run_address>
         <size>0xfc</size>
         <input_file_ref idref="fl-f0"/>
      </object_component>
      <object_component id="oc-104">
         <name>.text</name>
         <load_address>0x757c</load_address>
         <run_address>0x757c</run_address>
         <size>0xf0</size>
         <input_file_ref idref="fl-4"/>
      </object_component>
      <object_component id="oc-d1">
         <name>.text:CS_initClockSignal</name>
         <load_address>0x766c</load_address>
         <run_address>0x766c</run_address>
         <size>0xe0</size>
         <input_file_ref idref="fl-f"/>
      </object_component>
      <object_component id="oc-3d7">
         <name>.text</name>
         <load_address>0x774c</load_address>
         <run_address>0x774c</run_address>
         <size>0xdc</size>
         <input_file_ref idref="fl-104"/>
      </object_component>
      <object_component id="oc-ef">
         <name>.text</name>
         <load_address>0x7828</load_address>
         <run_address>0x7828</run_address>
         <size>0xcc</size>
         <input_file_ref idref="fl-d8"/>
      </object_component>
      <object_component id="oc-300">
         <name>.text</name>
         <load_address>0x78f4</load_address>
         <run_address>0x78f4</run_address>
         <size>0xc8</size>
         <input_file_ref idref="fl-100"/>
      </object_component>
      <object_component id="oc-22e">
         <name>.text</name>
         <load_address>0x79bc</load_address>
         <run_address>0x79bc</run_address>
         <size>0xac</size>
         <input_file_ref idref="fl-6"/>
      </object_component>
      <object_component id="oc-2f4">
         <name>.text</name>
         <load_address>0x7a68</load_address>
         <run_address>0x7a68</run_address>
         <size>0xac</size>
         <input_file_ref idref="fl-fe"/>
      </object_component>
      <object_component id="oc-2f">
         <name>.text</name>
         <load_address>0x7b14</load_address>
         <run_address>0x7b14</run_address>
         <size>0x9c</size>
         <input_file_ref idref="fl-d2"/>
      </object_component>
      <object_component id="oc-4bf">
         <name>.text</name>
         <load_address>0x7bb0</load_address>
         <run_address>0x7bb0</run_address>
         <size>0x98</size>
         <input_file_ref idref="fl-107"/>
      </object_component>
      <object_component id="oc-1f1">
         <name>.text:CS_startHFXTWithTimeout</name>
         <load_address>0x7c48</load_address>
         <run_address>0x7c48</run_address>
         <size>0x90</size>
         <input_file_ref idref="fl-f"/>
      </object_component>
      <object_component id="oc-2ec">
         <name>.text:CS_startLFXTWithTimeout</name>
         <load_address>0x7cd8</load_address>
         <run_address>0x7cd8</run_address>
         <size>0x90</size>
         <input_file_ref idref="fl-f"/>
      </object_component>
      <object_component id="oc-313">
         <name>.text:__aeabi_cdcmple</name>
         <load_address>0x7d68</load_address>
         <run_address>0x7d68</run_address>
         <size>0x86</size>
         <input_file_ref idref="fl-e6"/>
      </object_component>
      <object_component id="oc-31d">
         <name>.text:__aeabi_cdrcmple</name>
         <load_address>0x7dee</load_address>
         <run_address>0x7dee</run_address>
         <size>0x86</size>
         <input_file_ref idref="fl-e6"/>
      </object_component>
      <object_component id="oc-372">
         <name>.text:SPI_initMaster</name>
         <load_address>0x7e74</load_address>
         <run_address>0x7e74</run_address>
         <size>0x7c</size>
         <input_file_ref idref="fl-12"/>
      </object_component>
      <object_component id="oc-48">
         <name>.text</name>
         <load_address>0x7ef0</load_address>
         <run_address>0x7ef0</run_address>
         <size>0x7a</size>
         <input_file_ref idref="fl-d3"/>
      </object_component>
      <object_component id="oc-2da">
         <name>.text:_CSGetHFXTFrequency</name>
         <load_address>0x7f6c</load_address>
         <run_address>0x7f6c</run_address>
         <size>0x70</size>
         <input_file_ref idref="fl-f"/>
      </object_component>
      <object_component id="oc-60">
         <name>.text</name>
         <load_address>0x7fdc</load_address>
         <run_address>0x7fdc</run_address>
         <size>0x70</size>
         <input_file_ref idref="fl-e1"/>
      </object_component>
      <object_component id="oc-e3">
         <name>.text</name>
         <load_address>0x804c</load_address>
         <run_address>0x804c</run_address>
         <size>0x70</size>
         <input_file_ref idref="fl-d6"/>
      </object_component>
      <object_component id="oc-39c">
         <name>.text</name>
         <load_address>0x80bc</load_address>
         <run_address>0x80bc</run_address>
         <size>0x6e</size>
         <input_file_ref idref="fl-e8"/>
      </object_component>
      <object_component id="oc-3b">
         <name>.text</name>
         <load_address>0x812a</load_address>
         <run_address>0x812a</run_address>
         <size>0x6a</size>
         <input_file_ref idref="fl-cc"/>
      </object_component>
      <object_component id="oc-4ce">
         <name>.text</name>
         <load_address>0x8194</load_address>
         <run_address>0x8194</run_address>
         <size>0x68</size>
         <input_file_ref idref="fl-fc"/>
      </object_component>
      <object_component id="oc-3d1">
         <name>.text</name>
         <load_address>0x81fc</load_address>
         <run_address>0x81fc</run_address>
         <size>0x64</size>
         <input_file_ref idref="fl-101"/>
      </object_component>
      <object_component id="oc-332">
         <name>.text</name>
         <load_address>0x8260</load_address>
         <run_address>0x8260</run_address>
         <size>0x64</size>
         <input_file_ref idref="fl-ef"/>
      </object_component>
      <object_component id="oc-10a">
         <name>.text</name>
         <load_address>0x82c4</load_address>
         <run_address>0x82c4</run_address>
         <size>0x60</size>
         <input_file_ref idref="fl-d7"/>
      </object_component>
      <object_component id="oc-322">
         <name>.text</name>
         <load_address>0x8324</load_address>
         <run_address>0x8324</run_address>
         <size>0x56</size>
         <input_file_ref idref="fl-ec"/>
      </object_component>
      <object_component id="oc-22">
         <name>.text</name>
         <load_address>0x837c</load_address>
         <run_address>0x837c</run_address>
         <size>0x54</size>
         <input_file_ref idref="fl-ca"/>
      </object_component>
      <object_component id="oc-6c">
         <name>.text</name>
         <load_address>0x83d0</load_address>
         <run_address>0x83d0</run_address>
         <size>0x54</size>
         <input_file_ref idref="fl-ce"/>
      </object_component>
      <object_component id="oc-36c">
         <name>.text:GPIO_setAsPeripheralModuleFunctionInputPin</name>
         <load_address>0x8424</load_address>
         <run_address>0x8424</run_address>
         <size>0x4c</size>
         <input_file_ref idref="fl-10"/>
      </object_component>
      <object_component id="oc-d7">
         <name>.text:GPIO_setAsPeripheralModuleFunctionOutputPin</name>
         <load_address>0x8470</load_address>
         <run_address>0x8470</run_address>
         <size>0x4c</size>
         <input_file_ref idref="fl-10"/>
      </object_component>
      <object_component id="oc-34a">
         <name>.text</name>
         <load_address>0x84bc</load_address>
         <run_address>0x84bc</run_address>
         <size>0x4c</size>
         <input_file_ref idref="fl-e0"/>
      </object_component>
      <object_component id="oc-a3">
         <name>.text</name>
         <load_address>0x8508</load_address>
         <run_address>0x8508</run_address>
         <size>0x4c</size>
         <input_file_ref idref="fl-e2"/>
      </object_component>
      <object_component id="oc-ff">
         <name>.text</name>
         <load_address>0x8554</load_address>
         <run_address>0x8554</run_address>
         <size>0x48</size>
         <input_file_ref idref="fl-d0"/>
      </object_component>
      <object_component id="oc-f5">
         <name>.text</name>
         <load_address>0x859c</load_address>
         <run_address>0x859c</run_address>
         <size>0x38</size>
         <input_file_ref idref="fl-d1"/>
      </object_component>
      <object_component id="oc-176">
         <name>.text:GPIO_getEnabledInterruptStatus</name>
         <load_address>0x85d4</load_address>
         <run_address>0x85d4</run_address>
         <size>0x30</size>
         <input_file_ref idref="fl-10"/>
      </object_component>
      <object_component id="oc-1fe">
         <name>.text:GPIO_setAsInputPinWithPullUpResistor</name>
         <load_address>0x8604</load_address>
         <run_address>0x8604</run_address>
         <size>0x30</size>
         <input_file_ref idref="fl-10"/>
      </object_component>
      <object_component id="oc-429">
         <name>.text:is_A_Module</name>
         <load_address>0x8634</load_address>
         <run_address>0x8634</run_address>
         <size>0x30</size>
         <input_file_ref idref="fl-12"/>
      </object_component>
      <object_component id="oc-3ec">
         <name>.text</name>
         <load_address>0x8664</load_address>
         <run_address>0x8664</run_address>
         <size>0x30</size>
         <input_file_ref idref="fl-f4"/>
      </object_component>
      <object_component id="oc-328">
         <name>.text</name>
         <load_address>0x8694</load_address>
         <run_address>0x8694</run_address>
         <size>0x2e</size>
         <input_file_ref idref="fl-ea"/>
      </object_component>
      <object_component id="oc-164">
         <name>.text:GPIO_setAsInputPin</name>
         <load_address>0x86c4</load_address>
         <run_address>0x86c4</run_address>
         <size>0x2c</size>
         <input_file_ref idref="fl-10"/>
      </object_component>
      <object_component id="oc-24a">
         <name>.text:pulse_ce</name>
         <load_address>0x86f0</load_address>
         <run_address>0x86f0</run_address>
         <size>0x28</size>
         <input_file_ref idref="fl-8"/>
      </object_component>
      <object_component id="oc-158">
         <name>.text:GPIO_setAsOutputPin</name>
         <load_address>0x8718</load_address>
         <run_address>0x8718</run_address>
         <size>0x24</size>
         <input_file_ref idref="fl-10"/>
      </object_component>
      <object_component id="oc-2fa">
         <name>.text</name>
         <load_address>0x873c</load_address>
         <run_address>0x873c</run_address>
         <size>0x20</size>
         <input_file_ref idref="fl-ee"/>
      </object_component>
      <object_component id="oc-20a">
         <name>.text:GPIO_getInputPinValue</name>
         <load_address>0x875c</load_address>
         <run_address>0x875c</run_address>
         <size>0x1c</size>
         <input_file_ref idref="fl-10"/>
      </object_component>
      <object_component id="oc-344">
         <name>.text</name>
         <load_address>0x8778</load_address>
         <run_address>0x8778</run_address>
         <size>0x1c</size>
         <input_file_ref idref="fl-ed"/>
      </object_component>
      <object_component id="oc-378">
         <name>.text:SPI_enableModule</name>
         <load_address>0x8794</load_address>
         <run_address>0x8794</run_address>
         <size>0x1a</size>
         <input_file_ref idref="fl-12"/>
      </object_component>
      <object_component id="oc-16a">
         <name>.text:GPIO_clearInterruptFlag</name>
         <load_address>0x87b0</load_address>
         <run_address>0x87b0</run_address>
         <size>0x18</size>
         <input_file_ref idref="fl-10"/>
      </object_component>
      <object_component id="oc-15e">
         <name>.text:GPIO_setOutputLowOnPin</name>
         <load_address>0x87c8</load_address>
         <run_address>0x87c8</run_address>
         <size>0x18</size>
         <input_file_ref idref="fl-10"/>
      </object_component>
      <object_component id="oc-66">
         <name>.text</name>
         <load_address>0x87e0</load_address>
         <run_address>0x87e0</run_address>
         <size>0x18</size>
         <input_file_ref idref="fl-df"/>
      </object_component>
      <object_component id="oc-44a">
         <name>.text</name>
         <load_address>0x87f8</load_address>
         <run_address>0x87f8</run_address>
         <size>0x18</size>
         <input_file_ref idref="fl-102"/>
      </object_component>
      <object_component id="oc-3e6">
         <name>.text</name>
         <load_address>0x8810</load_address>
         <run_address>0x8810</run_address>
         <size>0x18</size>
         <input_file_ref idref="fl-f3"/>
      </object_component>
      <object_component id="oc-3ae">
         <name>.text</name>
         <load_address>0x8828</load_address>
         <run_address>0x8828</run_address>
         <size>0x18</size>
         <input_file_ref idref="fl-f5"/>
      </object_component>
      <object_component id="oc-33e">
         <name>.text</name>
         <load_address>0x8840</load_address>
         <run_address>0x8840</run_address>
         <size>0x16</size>
         <input_file_ref idref="fl-f2"/>
      </object_component>
      <object_component id="oc-c5">
         <name>.text:CS_setExternalClockSourceFrequency</name>
         <load_address>0x8858</load_address>
         <run_address>0x8858</run_address>
         <size>0x14</size>
         <input_file_ref idref="fl-f"/>
      </object_component>
      <object_component id="oc-170">
         <name>.text:GPIO_enableInterrupt</name>
         <load_address>0x886c</load_address>
         <run_address>0x886c</run_address>
         <size>0x14</size>
         <input_file_ref idref="fl-10"/>
      </object_component>
      <object_component id="oc-146">
         <name>.text:GPIO_toggleOutputOnPin</name>
         <load_address>0x8880</load_address>
         <run_address>0x8880</run_address>
         <size>0x14</size>
         <input_file_ref idref="fl-10"/>
      </object_component>
      <object_component id="oc-1c0">
         <name>.text</name>
         <load_address>0x8894</load_address>
         <run_address>0x8894</run_address>
         <size>0x14</size>
         <input_file_ref idref="fl-dc"/>
      </object_component>
      <object_component id="oc-40e">
         <name>.text</name>
         <load_address>0x88a8</load_address>
         <run_address>0x88a8</run_address>
         <size>0x14</size>
         <input_file_ref idref="fl-103"/>
      </object_component>
      <object_component id="oc-14c">
         <name>.text</name>
         <load_address>0x88bc</load_address>
         <run_address>0x88bc</run_address>
         <size>0x14</size>
         <input_file_ref idref="fl-da"/>
      </object_component>
      <object_component id="oc-118">
         <name>.text</name>
         <load_address>0x88d0</load_address>
         <run_address>0x88d0</run_address>
         <size>0x14</size>
         <input_file_ref idref="fl-db"/>
      </object_component>
      <object_component id="oc-29e">
         <name>.text:GPIO_getInterruptStatus</name>
         <load_address>0x88e4</load_address>
         <run_address>0x88e4</run_address>
         <size>0x10</size>
         <input_file_ref idref="fl-10"/>
      </object_component>
      <object_component id="oc-236">
         <name>.text:Interrupt_enableMaster</name>
         <load_address>0x88f4</load_address>
         <run_address>0x88f4</run_address>
         <size>0x10</size>
         <input_file_ref idref="fl-11"/>
      </object_component>
      <object_component id="oc-2d4">
         <name>.text:SysCtl_disableNMISource</name>
         <load_address>0x8904</load_address>
         <run_address>0x8904</run_address>
         <size>0x10</size>
         <input_file_ref idref="fl-13"/>
      </object_component>
      <object_component id="oc-2e0">
         <name>.text:SysCtl_enableNMISource</name>
         <load_address>0x8914</load_address>
         <run_address>0x8914</run_address>
         <size>0x10</size>
         <input_file_ref idref="fl-13"/>
      </object_component>
      <object_component id="oc-23c">
         <name>.text:_msprf24_crc_mask</name>
         <load_address>0x8924</load_address>
         <run_address>0x8924</run_address>
         <size>0x10</size>
         <input_file_ref idref="fl-8"/>
      </object_component>
      <object_component id="oc-10">
         <name>.text:decompress:none</name>
         <load_address>0x8934</load_address>
         <run_address>0x8934</run_address>
         <size>0xe</size>
         <input_file_ref idref="fl-cb"/>
      </object_component>
      <object_component id="oc-383">
         <name>.text:CPU_cpsie</name>
         <load_address>0x8942</load_address>
         <run_address>0x8942</run_address>
         <size>0xc</size>
         <input_file_ref idref="fl-14"/>
      </object_component>
      <object_component id="oc-437">
         <name>.text:EUSCI_A_SPI_enable</name>
         <load_address>0x894e</load_address>
         <run_address>0x894e</run_address>
         <size>0xc</size>
         <input_file_ref idref="fl-12"/>
      </object_component>
      <object_component id="oc-431">
         <name>.text:EUSCI_B_SPI_enable</name>
         <load_address>0x895a</load_address>
         <run_address>0x895a</run_address>
         <size>0xc</size>
         <input_file_ref idref="fl-12"/>
      </object_component>
      <object_component id="oc-2ce">
         <name>.text:SysCtl_getNMISourceStatus</name>
         <load_address>0x8968</load_address>
         <run_address>0x8968</run_address>
         <size>0xc</size>
         <input_file_ref idref="fl-13"/>
      </object_component>
      <object_component id="oc-76">
         <name>.text</name>
         <load_address>0x8974</load_address>
         <run_address>0x8974</run_address>
         <size>0xc</size>
         <input_file_ref idref="fl-7"/>
      </object_component>
      <object_component id="oc-cb">
         <name>.text:CS_startHFXT</name>
         <load_address>0x8980</load_address>
         <run_address>0x8980</run_address>
         <size>0x6</size>
         <input_file_ref idref="fl-f"/>
      </object_component>
      <object_component id="oc-204">
         <name>.text:CS_startLFXT</name>
         <load_address>0x8986</load_address>
         <run_address>0x8986</run_address>
         <size>0x6</size>
         <input_file_ref idref="fl-f"/>
      </object_component>
      <object_component id="oc-16">
         <name>.text:decompress:rle24</name>
         <load_address>0x898c</load_address>
         <run_address>0x898c</run_address>
         <size>0x6</size>
         <input_file_ref idref="fl-cc"/>
      </object_component>
      <object_component id="oc-243">
         <name>.text:_msprf24_irq_mask</name>
         <load_address>0x8992</load_address>
         <run_address>0x8992</run_address>
         <size>0x4</size>
         <input_file_ref idref="fl-8"/>
      </object_component>
      <object_component id="oc-5a">
         <name>.text</name>
         <load_address>0x8996</load_address>
         <run_address>0x8996</run_address>
         <size>0x4</size>
         <input_file_ref idref="fl-d5"/>
      </object_component>
      <object_component id="oc-1e1">
         <name>.const:.string:Font</name>
         <load_address>0x89a0</load_address>
         <run_address>0x89a0</run_address>
         <size>0x4fb</size>
         <input_file_ref idref="fl-3"/>
      </object_component>
      <object_component id="oc-258">
         <name>.const:.string:_ctypes_</name>
         <load_address>0x8e9b</load_address>
         <run_address>0x8e9b</run_address>
         <size>0x101</size>
         <input_file_ref idref="fl-e3"/>
      </object_component>
      <object_component id="oc-451">
         <name>.const:$O1$$</name>
         <load_address>0x8fa0</load_address>
         <run_address>0x8fa0</run_address>
         <size>0x98</size>
         <input_file_ref idref="fl-f6"/>
      </object_component>
      <object_component id="oc-1cf">
         <name>.const:.string:Bcmd</name>
         <load_address>0x9038</load_address>
         <run_address>0x9038</run_address>
         <size>0x67</size>
         <input_file_ref idref="fl-3"/>
      </object_component>
      <object_component id="oc-1d5">
         <name>.const:.string:Rcmd1</name>
         <load_address>0x909f</load_address>
         <run_address>0x909f</run_address>
         <size>0x3b</size>
         <input_file_ref idref="fl-3"/>
      </object_component>
      <object_component id="oc-1f9">
         <name>.const:GPIO_PORT_TO_BASE</name>
         <load_address>0x90dc</load_address>
         <run_address>0x90dc</run_address>
         <size>0x30</size>
         <input_file_ref idref="fl-10"/>
      </object_component>
      <object_component id="oc-1de">
         <name>.const:.string:Rcmd3</name>
         <load_address>0x910c</load_address>
         <run_address>0x910c</run_address>
         <size>0x2b</size>
         <input_file_ref idref="fl-3"/>
      </object_component>
      <object_component id="oc-37e">
         <name>.const:spiMasterConfig</name>
         <load_address>0x9138</load_address>
         <run_address>0x9138</run_address>
         <size>0x1c</size>
         <input_file_ref idref="fl-6"/>
      </object_component>
      <object_component id="oc-17f">
         <name>.const:upConfig</name>
         <load_address>0x9154</load_address>
         <run_address>0x9154</run_address>
         <size>0x18</size>
         <input_file_ref idref="fl-5"/>
      </object_component>
      <object_component id="oc-3ad">
         <name>.const:$O1$$</name>
         <load_address>0x916c</load_address>
         <run_address>0x916c</run_address>
         <size>0x10</size>
         <input_file_ref idref="fl-de"/>
      </object_component>
      <object_component id="oc-1d8">
         <name>.const:.string:Rcmd2green</name>
         <load_address>0x917c</load_address>
         <run_address>0x917c</run_address>
         <size>0xd</size>
         <input_file_ref idref="fl-3"/>
      </object_component>
      <object_component id="oc-1db">
         <name>.const:.string:Rcmd2red</name>
         <load_address>0x9189</load_address>
         <run_address>0x9189</run_address>
         <size>0xd</size>
         <input_file_ref idref="fl-3"/>
      </object_component>
      <object_component id="oc-516">
         <name>.cinit..data.load</name>
         <load_address>0x9198</load_address>
         <run_address>0x9198</run_address>
         <size>0x92</size>
      </object_component>
      <object_component id="oc-517">
         <name>.cinit..bss.load</name>
         <load_address>0x9230</load_address>
         <run_address>0x9230</run_address>
         <size>0xb</size>
      </object_component>
      <object_component id="oc-514">
         <name>__TI_handler_table</name>
         <load_address>0x923c</load_address>
         <run_address>0x923c</run_address>
         <size>0x8</size>
      </object_component>
      <object_component id="oc-515">
         <name>__TI_cinit_table</name>
         <load_address>0x9244</load_address>
         <run_address>0x9244</run_address>
         <size>0x10</size>
      </object_component>
      <object_component id="oc-290">
         <name>.data</name>
         <load_address>0x200009c8</load_address>
         <run_address>0x200009c8</run_address>
         <size>0x14</size>
         <input_file_ref idref="fl-2"/>
      </object_component>
      <object_component id="oc-1d2">
         <name>.data</name>
         <load_address>0x200009dc</load_address>
         <run_address>0x200009dc</run_address>
         <size>0x14</size>
         <input_file_ref idref="fl-3"/>
      </object_component>
      <object_component id="oc-115">
         <name>.data</name>
         <load_address>0x200009b0</load_address>
         <run_address>0x200009b0</run_address>
         <size>0x18</size>
         <input_file_ref idref="fl-5"/>
      </object_component>
      <object_component id="oc-210">
         <name>.data</name>
         <load_address>0x20000a18</load_address>
         <run_address>0x20000a18</run_address>
         <size>0xc</size>
         <input_file_ref idref="fl-9"/>
      </object_component>
      <object_component id="oc-b3">
         <name>.data:$O1$$</name>
         <load_address>0x20000a00</load_address>
         <run_address>0x20000a00</run_address>
         <size>0xc</size>
         <input_file_ref idref="fl-ce"/>
      </object_component>
      <object_component id="oc-72">
         <name>.data</name>
         <load_address>0x20000a34</load_address>
         <run_address>0x20000a34</run_address>
         <size>0x4</size>
         <input_file_ref idref="fl-d9"/>
      </object_component>
      <object_component id="oc-b6">
         <name>.data:$O1$$</name>
         <load_address>0x20000a24</load_address>
         <run_address>0x20000a24</run_address>
         <size>0x8</size>
         <input_file_ref idref="fl-dc"/>
      </object_component>
      <object_component id="oc-224">
         <name>.data:_ftable</name>
         <load_address>0x200007f0</load_address>
         <run_address>0x200007f0</run_address>
         <size>0xf0</size>
         <input_file_ref idref="fl-e4"/>
      </object_component>
      <object_component id="oc-3e1">
         <name>.data</name>
         <load_address>0x200009f0</load_address>
         <run_address>0x200009f0</run_address>
         <size>0x10</size>
         <input_file_ref idref="fl-e4"/>
      </object_component>
      <object_component id="oc-3f2">
         <name>.data:$O1$$</name>
         <load_address>0x200008e0</load_address>
         <run_address>0x200008e0</run_address>
         <size>0xd0</size>
         <input_file_ref idref="fl-eb"/>
      </object_component>
      <object_component id="oc-414">
         <name>.data</name>
         <load_address>0x20000a2c</load_address>
         <run_address>0x20000a2c</run_address>
         <size>0x4</size>
         <input_file_ref idref="fl-ff"/>
      </object_component>
      <object_component id="oc-4c5">
         <name>.data</name>
         <load_address>0x20000a30</load_address>
         <run_address>0x20000a30</run_address>
         <size>0x4</size>
         <input_file_ref idref="fl-105"/>
      </object_component>
      <object_component id="oc-4bb">
         <name>.data:$O1$$</name>
         <load_address>0x20000a0c</load_address>
         <run_address>0x20000a0c</run_address>
         <size>0xc</size>
         <input_file_ref idref="fl-106"/>
      </object_component>
      <object_component id="oc-1cc">
         <name>.bss</name>
         <uninitialized>true</uninitialized>
         <run_address>0x200007a5</run_address>
         <size>0x4</size>
         <input_file_ref idref="fl-3"/>
      </object_component>
      <object_component id="oc-11e">
         <name>.bss:temperatureOUT</name>
         <uninitialized>true</uninitialized>
         <run_address>0x200007ba</run_address>
         <size>0x4</size>
         <input_file_ref idref="fl-5"/>
      </object_component>
      <object_component id="oc-121">
         <name>.bss:temperatureIN</name>
         <uninitialized>true</uninitialized>
         <run_address>0x200007b6</run_address>
         <size>0x4</size>
         <input_file_ref idref="fl-5"/>
      </object_component>
      <object_component id="oc-12d">
         <name>.bss:lux</name>
         <uninitialized>true</uninitialized>
         <run_address>0x200007b2</run_address>
         <size>0x4</size>
         <input_file_ref idref="fl-5"/>
      </object_component>
      <object_component id="oc-124">
         <name>.bss:humidityOUT</name>
         <uninitialized>true</uninitialized>
         <run_address>0x200007ae</run_address>
         <size>0x4</size>
         <input_file_ref idref="fl-5"/>
      </object_component>
      <object_component id="oc-127">
         <name>.bss:humidityIN</name>
         <uninitialized>true</uninitialized>
         <run_address>0x200007aa</run_address>
         <size>0x4</size>
         <input_file_ref idref="fl-5"/>
      </object_component>
      <object_component id="oc-12a">
         <name>.bss:pressure</name>
         <uninitialized>true</uninitialized>
         <run_address>0x20000788</run_address>
         <size>0x8</size>
         <input_file_ref idref="fl-5"/>
      </object_component>
      <object_component id="oc-17c">
         <name>.bss:setTime</name>
         <uninitialized>true</uninitialized>
         <run_address>0x200006fc</run_address>
         <size>0x1c</size>
         <input_file_ref idref="fl-5"/>
      </object_component>
      <object_component id="oc-4d4">
         <name>.bss:parmbuf</name>
         <uninitialized>true</uninitialized>
         <run_address>0x20000780</run_address>
         <size>0x8</size>
         <input_file_ref idref="fl-fb"/>
      </object_component>
      <object_component id="oc-4e5">
         <name>.bss:_CIOBUF_</name>
         <uninitialized>true</uninitialized>
         <run_address>0x20000400</run_address>
         <size>0x120</size>
         <input_file_ref idref="fl-fc"/>
      </object_component>
      <object_component id="oc-18e">
         <name>.common:dht_data</name>
         <uninitialized>true</uninitialized>
         <run_address>0x200007a0</run_address>
         <size>0x5</size>
      </object_component>
      <object_component id="oc-18c">
         <name>.common:dht_data_byte</name>
         <uninitialized>true</uninitialized>
         <run_address>0x200007cb</run_address>
         <size>0x1</size>
      </object_component>
      <object_component id="oc-18d">
         <name>.common:dht_data_bit</name>
         <uninitialized>true</uninitialized>
         <run_address>0x200007ca</run_address>
         <size>0x1</size>
      </object_component>
      <object_component id="oc-18b">
         <name>.common:dht_current_state</name>
         <uninitialized>true</uninitialized>
         <run_address>0x200007a9</run_address>
         <size>0x1</size>
      </object_component>
      <object_component id="oc-135">
         <name>.common:newTime</name>
         <uninitialized>true</uninitialized>
         <run_address>0x20000718</run_address>
         <size>0x1c</size>
      </object_component>
      <object_component id="oc-143">
         <name>.common:date</name>
         <uninitialized>true</uninitialized>
         <run_address>0x20000768</run_address>
         <size>0xc</size>
      </object_component>
      <object_component id="oc-144">
         <name>.common:time</name>
         <uninitialized>true</uninitialized>
         <run_address>0x20000774</run_address>
         <size>0xc</size>
      </object_component>
      <object_component id="oc-13f">
         <name>.common:Encoder1</name>
         <uninitialized>true</uninitialized>
         <run_address>0x200007be</run_address>
         <size>0x4</size>
      </object_component>
      <object_component id="oc-140">
         <name>.common:Encoder2</name>
         <uninitialized>true</uninitialized>
         <run_address>0x200007c2</run_address>
         <size>0x4</size>
      </object_component>
      <object_component id="oc-141">
         <name>.common:PushButton</name>
         <uninitialized>true</uninitialized>
         <run_address>0x200007c6</run_address>
         <size>0x4</size>
      </object_component>
      <object_component id="oc-145">
         <name>.common:flag</name>
         <uninitialized>true</uninitialized>
         <run_address>0x200007e8</run_address>
         <size>0x1</size>
      </object_component>
      <object_component id="oc-13d">
         <name>.common:dateStringColor</name>
         <uninitialized>true</uninitialized>
         <run_address>0x20000664</run_address>
         <size>0x28</size>
      </object_component>
      <object_component id="oc-13c">
         <name>.common:timeStringColor</name>
         <uninitialized>true</uninitialized>
         <run_address>0x200006b4</run_address>
         <size>0x28</size>
      </object_component>
      <object_component id="oc-13a">
         <name>.common:dateString</name>
         <uninitialized>true</uninitialized>
         <run_address>0x20000734</run_address>
         <size>0x14</size>
      </object_component>
      <object_component id="oc-13b">
         <name>.common:timeString</name>
         <uninitialized>true</uninitialized>
         <run_address>0x20000748</run_address>
         <size>0x14</size>
      </object_component>
      <object_component id="oc-133">
         <name>.common:lightIndexString</name>
         <uninitialized>true</uninitialized>
         <run_address>0x2000068c</run_address>
         <size>0x28</size>
      </object_component>
      <object_component id="oc-134">
         <name>.common:months</name>
         <uninitialized>true</uninitialized>
         <run_address>0x200005c0</run_address>
         <size>0x3c</size>
      </object_component>
      <object_component id="oc-142">
         <name>.common:temp</name>
         <uninitialized>true</uninitialized>
         <run_address>0x200005fc</run_address>
         <size>0x34</size>
      </object_component>
      <object_component id="oc-13e">
         <name>.common:tempString</name>
         <uninitialized>true</uninitialized>
         <run_address>0x20000630</run_address>
         <size>0x34</size>
      </object_component>
      <object_component id="oc-114">
         <name>.common:tempCharacter</name>
         <uninitialized>true</uninitialized>
         <run_address>0x200007dc</run_address>
         <size>0x4</size>
      </object_component>
      <object_component id="oc-130">
         <name>.common:lightIndex</name>
         <uninitialized>true</uninitialized>
         <run_address>0x20000798</run_address>
         <size>0x8</size>
      </object_component>
      <object_component id="oc-113">
         <name>.common:tempFormat</name>
         <uninitialized>true</uninitialized>
         <run_address>0x200007e0</run_address>
         <size>0x4</size>
      </object_component>
      <object_component id="oc-189">
         <name>.common:addr</name>
         <uninitialized>true</uninitialized>
         <run_address>0x20000790</run_address>
         <size>0x8</size>
      </object_component>
      <object_component id="oc-132">
         <name>.common:data</name>
         <uninitialized>true</uninitialized>
         <run_address>0x200006dc</run_address>
         <size>0x20</size>
      </object_component>
      <object_component id="oc-188">
         <name>.common:user</name>
         <uninitialized>true</uninitialized>
         <run_address>0x200007e4</run_address>
         <size>0x4</size>
      </object_component>
      <object_component id="oc-131">
         <name>.common:status</name>
         <uninitialized>true</uninitialized>
         <run_address>0x200007d8</run_address>
         <size>0x4</size>
      </object_component>
      <object_component id="oc-110">
         <name>.common:screen</name>
         <uninitialized>true</uninitialized>
         <run_address>0x200007d4</run_address>
         <size>0x4</size>
      </object_component>
      <object_component id="oc-235">
         <name>.common:rf_feature</name>
         <uninitialized>true</uninitialized>
         <run_address>0x200007ec</run_address>
         <size>0x1</size>
      </object_component>
      <object_component id="oc-182">
         <name>.common:rf_crc</name>
         <uninitialized>true</uninitialized>
         <run_address>0x200007eb</run_address>
         <size>0x1</size>
      </object_component>
      <object_component id="oc-185">
         <name>.common:rf_addr_width</name>
         <uninitialized>true</uninitialized>
         <run_address>0x200007e9</run_address>
         <size>0x1</size>
      </object_component>
      <object_component id="oc-186">
         <name>.common:rf_speed_power</name>
         <uninitialized>true</uninitialized>
         <run_address>0x200007ee</run_address>
         <size>0x1</size>
      </object_component>
      <object_component id="oc-187">
         <name>.common:rf_channel</name>
         <uninitialized>true</uninitialized>
         <run_address>0x200007ea</run_address>
         <size>0x1</size>
      </object_component>
      <object_component id="oc-234">
         <name>.common:rf_status</name>
         <uninitialized>true</uninitialized>
         <run_address>0x200007ef</run_address>
         <size>0x1</size>
      </object_component>
      <object_component id="oc-18a">
         <name>.common:rf_irq</name>
         <uninitialized>true</uninitialized>
         <run_address>0x200007ed</run_address>
         <size>0x1</size>
      </object_component>
      <object_component id="oc-211">
         <name>.common:Light</name>
         <uninitialized>true</uninitialized>
         <run_address>0x2000075c</run_address>
         <size>0xc</size>
      </object_component>
      <object_component id="oc-1ef">
         <name>.common:hfxtFreq</name>
         <uninitialized>true</uninitialized>
         <run_address>0x200007cc</run_address>
         <size>0x4</size>
      </object_component>
      <object_component id="oc-1ec">
         <name>.common:lfxtFreq</name>
         <uninitialized>true</uninitialized>
         <run_address>0x200007d0</run_address>
         <size>0x4</size>
      </object_component>
      <object_component id="oc-4e0">
         <name>.common:__TI_tmpnams</name>
         <uninitialized>true</uninitialized>
         <run_address>0x20000520</run_address>
         <size>0xa0</size>
      </object_component>
      <object_component id="oc-2c">
         <name>.sysmem</name>
         <uninitialized>true</uninitialized>
         <run_address>0x20000000</run_address>
         <size>0x8</size>
         <input_file_ref idref="fl-106"/>
      </object_component>
      <object_component id="oc-519">
         <name>.sysmem</name>
         <uninitialized>true</uninitialized>
         <run_address>0x20000000</run_address>
         <size>0x0</size>
      </object_component>
      <object_component id="oc-2b">
         <name>.stack</name>
         <uninitialized>true</uninitialized>
         <run_address>0x2000fe00</run_address>
         <size>0x0</size>
         <input_file_ref idref="fl-ca"/>
      </object_component>
      <object_component id="oc-518">
         <name>.stack</name>
         <uninitialized>true</uninitialized>
         <run_address>0x2000fe00</run_address>
         <size>0x0</size>
      </object_component>
      <object_component id="oc-3c3">
         <name>.debug_info</name>
         <load_address>0x0</load_address>
         <run_address>0x0</run_address>
         <size>0x2f7</size>
         <input_file_ref idref="fl-2"/>
      </object_component>
      <object_component id="oc-291">
         <name>.debug_info</name>
         <load_address>0x2f7</load_address>
         <run_address>0x2f7</run_address>
         <size>0x165</size>
         <input_file_ref idref="fl-2"/>
      </object_component>
      <object_component id="oc-153">
         <name>.debug_info</name>
         <load_address>0x45c</load_address>
         <run_address>0x45c</run_address>
         <size>0x266</size>
         <input_file_ref idref="fl-2"/>
      </object_component>
      <object_component id="oc-265">
         <name>.debug_info</name>
         <load_address>0x6c2</load_address>
         <run_address>0x6c2</run_address>
         <size>0x103e</size>
         <input_file_ref idref="fl-2"/>
      </object_component>
      <object_component id="oc-91">
         <name>.debug_info</name>
         <load_address>0x1700</load_address>
         <run_address>0x1700</run_address>
         <size>0x84</size>
         <input_file_ref idref="fl-2"/>
      </object_component>
      <object_component id="oc-190">
         <name>.debug_info</name>
         <load_address>0x1784</load_address>
         <run_address>0x1784</run_address>
         <size>0x18b</size>
         <input_file_ref idref="fl-2"/>
      </object_component>
      <object_component id="oc-294">
         <name>.debug_info</name>
         <load_address>0x190f</load_address>
         <run_address>0x190f</run_address>
         <size>0x57</size>
         <input_file_ref idref="fl-2"/>
      </object_component>
      <object_component id="oc-1e5">
         <name>.debug_info</name>
         <load_address>0x1966</load_address>
         <run_address>0x1966</run_address>
         <size>0x3de</size>
         <input_file_ref idref="fl-3"/>
      </object_component>
      <object_component id="oc-1d3">
         <name>.debug_info</name>
         <load_address>0x1d44</load_address>
         <run_address>0x1d44</run_address>
         <size>0x1ad</size>
         <input_file_ref idref="fl-3"/>
      </object_component>
      <object_component id="oc-1e2">
         <name>.debug_info</name>
         <load_address>0x1ef1</load_address>
         <run_address>0x1ef1</run_address>
         <size>0xd1</size>
         <input_file_ref idref="fl-3"/>
      </object_component>
      <object_component id="oc-1cd">
         <name>.debug_info</name>
         <load_address>0x1fc2</load_address>
         <run_address>0x1fc2</run_address>
         <size>0x13d</size>
         <input_file_ref idref="fl-3"/>
      </object_component>
      <object_component id="oc-1d0">
         <name>.debug_info</name>
         <load_address>0x20ff</load_address>
         <run_address>0x20ff</run_address>
         <size>0xd2</size>
         <input_file_ref idref="fl-3"/>
      </object_component>
      <object_component id="oc-1d6">
         <name>.debug_info</name>
         <load_address>0x21d1</load_address>
         <run_address>0x21d1</run_address>
         <size>0xd4</size>
         <input_file_ref idref="fl-3"/>
      </object_component>
      <object_component id="oc-1d9">
         <name>.debug_info</name>
         <load_address>0x22a5</load_address>
         <run_address>0x22a5</run_address>
         <size>0xde</size>
         <input_file_ref idref="fl-3"/>
      </object_component>
      <object_component id="oc-1dc">
         <name>.debug_info</name>
         <load_address>0x2383</load_address>
         <run_address>0x2383</run_address>
         <size>0xda</size>
         <input_file_ref idref="fl-3"/>
      </object_component>
      <object_component id="oc-1df">
         <name>.debug_info</name>
         <load_address>0x245d</load_address>
         <run_address>0x245d</run_address>
         <size>0xd4</size>
         <input_file_ref idref="fl-3"/>
      </object_component>
      <object_component id="oc-c0">
         <name>.debug_info</name>
         <load_address>0x2531</load_address>
         <run_address>0x2531</run_address>
         <size>0x1af8</size>
         <input_file_ref idref="fl-3"/>
      </object_component>
      <object_component id="oc-274">
         <name>.debug_info</name>
         <load_address>0x4029</load_address>
         <run_address>0x4029</run_address>
         <size>0xc8</size>
         <input_file_ref idref="fl-3"/>
      </object_component>
      <object_component id="oc-229">
         <name>.debug_info</name>
         <load_address>0x40f1</load_address>
         <run_address>0x40f1</run_address>
         <size>0x4e</size>
         <input_file_ref idref="fl-3"/>
      </object_component>
      <object_component id="oc-1e7">
         <name>.debug_info</name>
         <load_address>0x413f</load_address>
         <run_address>0x413f</run_address>
         <size>0x51</size>
         <input_file_ref idref="fl-3"/>
      </object_component>
      <object_component id="oc-136">
         <name>.debug_info</name>
         <load_address>0x4190</load_address>
         <run_address>0x4190</run_address>
         <size>0x3d6</size>
         <input_file_ref idref="fl-4"/>
      </object_component>
      <object_component id="oc-105">
         <name>.debug_info</name>
         <load_address>0x4566</load_address>
         <run_address>0x4566</run_address>
         <size>0x1ea</size>
         <input_file_ref idref="fl-4"/>
      </object_component>
      <object_component id="oc-26f">
         <name>.debug_info</name>
         <load_address>0x4750</load_address>
         <run_address>0x4750</run_address>
         <size>0x115</size>
         <input_file_ref idref="fl-4"/>
      </object_component>
      <object_component id="oc-213">
         <name>.debug_info</name>
         <load_address>0x4865</load_address>
         <run_address>0x4865</run_address>
         <size>0xc6</size>
         <input_file_ref idref="fl-4"/>
      </object_component>
      <object_component id="oc-26a">
         <name>.debug_info</name>
         <load_address>0x492b</load_address>
         <run_address>0x492b</run_address>
         <size>0x341</size>
         <input_file_ref idref="fl-4"/>
      </object_component>
      <object_component id="oc-442">
         <name>.debug_info</name>
         <load_address>0x4c6c</load_address>
         <run_address>0x4c6c</run_address>
         <size>0x131</size>
         <input_file_ref idref="fl-4"/>
      </object_component>
      <object_component id="oc-111">
         <name>.debug_info</name>
         <load_address>0x4d9d</load_address>
         <run_address>0x4d9d</run_address>
         <size>0x12b2</size>
         <input_file_ref idref="fl-5"/>
      </object_component>
      <object_component id="oc-116">
         <name>.debug_info</name>
         <load_address>0x604f</load_address>
         <run_address>0x604f</run_address>
         <size>0x167</size>
         <input_file_ref idref="fl-5"/>
      </object_component>
      <object_component id="oc-11f">
         <name>.debug_info</name>
         <load_address>0x61b6</load_address>
         <run_address>0x61b6</run_address>
         <size>0xe3</size>
         <input_file_ref idref="fl-5"/>
      </object_component>
      <object_component id="oc-122">
         <name>.debug_info</name>
         <load_address>0x6299</load_address>
         <run_address>0x6299</run_address>
         <size>0xe1</size>
         <input_file_ref idref="fl-5"/>
      </object_component>
      <object_component id="oc-12e">
         <name>.debug_info</name>
         <load_address>0x637a</load_address>
         <run_address>0x637a</run_address>
         <size>0xcd</size>
         <input_file_ref idref="fl-5"/>
      </object_component>
      <object_component id="oc-125">
         <name>.debug_info</name>
         <load_address>0x6447</load_address>
         <run_address>0x6447</run_address>
         <size>0xdd</size>
         <input_file_ref idref="fl-5"/>
      </object_component>
      <object_component id="oc-128">
         <name>.debug_info</name>
         <load_address>0x6524</load_address>
         <run_address>0x6524</run_address>
         <size>0xdb</size>
         <input_file_ref idref="fl-5"/>
      </object_component>
      <object_component id="oc-12b">
         <name>.debug_info</name>
         <load_address>0x65ff</load_address>
         <run_address>0x65ff</run_address>
         <size>0xd7</size>
         <input_file_ref idref="fl-5"/>
      </object_component>
      <object_component id="oc-17d">
         <name>.debug_info</name>
         <load_address>0x66d6</load_address>
         <run_address>0x66d6</run_address>
         <size>0xd5</size>
         <input_file_ref idref="fl-5"/>
      </object_component>
      <object_component id="oc-180">
         <name>.debug_info</name>
         <load_address>0x67ab</load_address>
         <run_address>0x67ab</run_address>
         <size>0xd8</size>
         <input_file_ref idref="fl-5"/>
      </object_component>
      <object_component id="oc-7d">
         <name>.debug_info</name>
         <load_address>0x6883</load_address>
         <run_address>0x6883</run_address>
         <size>0x1a07</size>
         <input_file_ref idref="fl-5"/>
      </object_component>
      <object_component id="oc-195">
         <name>.debug_info</name>
         <load_address>0x828a</load_address>
         <run_address>0x828a</run_address>
         <size>0x8b</size>
         <input_file_ref idref="fl-5"/>
      </object_component>
      <object_component id="oc-382">
         <name>.debug_info</name>
         <load_address>0x8315</load_address>
         <run_address>0x8315</run_address>
         <size>0x463</size>
         <input_file_ref idref="fl-6"/>
      </object_component>
      <object_component id="oc-37f">
         <name>.debug_info</name>
         <load_address>0x8778</load_address>
         <run_address>0x8778</run_address>
         <size>0xec</size>
         <input_file_ref idref="fl-6"/>
      </object_component>
      <object_component id="oc-231">
         <name>.debug_info</name>
         <load_address>0x8864</load_address>
         <run_address>0x8864</run_address>
         <size>0x2d8</size>
         <input_file_ref idref="fl-6"/>
      </object_component>
      <object_component id="oc-84">
         <name>.debug_info</name>
         <load_address>0x8b3c</load_address>
         <run_address>0x8b3c</run_address>
         <size>0x171</size>
         <input_file_ref idref="fl-7"/>
      </object_component>
      <object_component id="oc-29">
         <name>.debug_info</name>
         <load_address>0x8cad</load_address>
         <run_address>0x8cad</run_address>
         <size>0xf6</size>
         <input_file_ref idref="fl-7"/>
      </object_component>
      <object_component id="oc-77">
         <name>.debug_info</name>
         <load_address>0x8da3</load_address>
         <run_address>0x8da3</run_address>
         <size>0x224</size>
         <input_file_ref idref="fl-7"/>
      </object_component>
      <object_component id="oc-183">
         <name>.debug_info</name>
         <load_address>0x8fc7</load_address>
         <run_address>0x8fc7</run_address>
         <size>0x4d7</size>
         <input_file_ref idref="fl-8"/>
      </object_component>
      <object_component id="oc-24c">
         <name>.debug_info</name>
         <load_address>0x949e</load_address>
         <run_address>0x949e</run_address>
         <size>0x10b</size>
         <input_file_ref idref="fl-8"/>
      </object_component>
      <object_component id="oc-23e">
         <name>.debug_info</name>
         <load_address>0x95a9</load_address>
         <run_address>0x95a9</run_address>
         <size>0x124</size>
         <input_file_ref idref="fl-8"/>
      </object_component>
      <object_component id="oc-245">
         <name>.debug_info</name>
         <load_address>0x96cd</load_address>
         <run_address>0x96cd</run_address>
         <size>0x124</size>
         <input_file_ref idref="fl-8"/>
      </object_component>
      <object_component id="oc-eb">
         <name>.debug_info</name>
         <load_address>0x97f1</load_address>
         <run_address>0x97f1</run_address>
         <size>0x1c0d</size>
         <input_file_ref idref="fl-8"/>
      </object_component>
      <object_component id="oc-138">
         <name>.debug_info</name>
         <load_address>0xb3fe</load_address>
         <run_address>0xb3fe</run_address>
         <size>0x63b</size>
         <input_file_ref idref="fl-9"/>
      </object_component>
      <object_component id="oc-de">
         <name>.debug_info</name>
         <load_address>0xba39</load_address>
         <run_address>0xba39</run_address>
         <size>0x6fb</size>
         <input_file_ref idref="fl-9"/>
      </object_component>
      <object_component id="oc-99">
         <name>.debug_info</name>
         <load_address>0xc134</load_address>
         <run_address>0xc134</run_address>
         <size>0x2c</size>
         <input_file_ref idref="fl-9"/>
      </object_component>
      <object_component id="oc-1ed">
         <name>.debug_info</name>
         <load_address>0xc160</load_address>
         <run_address>0xc160</run_address>
         <size>0x52b</size>
         <input_file_ref idref="fl-f"/>
      </object_component>
      <object_component id="oc-2ee">
         <name>.debug_info</name>
         <load_address>0xc68b</load_address>
         <run_address>0xc68b</run_address>
         <size>0x216</size>
         <input_file_ref idref="fl-f"/>
      </object_component>
      <object_component id="oc-206">
         <name>.debug_info</name>
         <load_address>0xc8a1</load_address>
         <run_address>0xc8a1</run_address>
         <size>0x12f</size>
         <input_file_ref idref="fl-f"/>
      </object_component>
      <object_component id="oc-2dc">
         <name>.debug_info</name>
         <load_address>0xc9d0</load_address>
         <run_address>0xc9d0</run_address>
         <size>0xfc</size>
         <input_file_ref idref="fl-f"/>
      </object_component>
      <object_component id="oc-1f3">
         <name>.debug_info</name>
         <load_address>0xcacc</load_address>
         <run_address>0xcacc</run_address>
         <size>0x238</size>
         <input_file_ref idref="fl-f"/>
      </object_component>
      <object_component id="oc-cd">
         <name>.debug_info</name>
         <load_address>0xcd04</load_address>
         <run_address>0xcd04</run_address>
         <size>0x13b</size>
         <input_file_ref idref="fl-f"/>
      </object_component>
      <object_component id="oc-c7">
         <name>.debug_info</name>
         <load_address>0xce3f</load_address>
         <run_address>0xce3f</run_address>
         <size>0x1dd</size>
         <input_file_ref idref="fl-f"/>
      </object_component>
      <object_component id="oc-d3">
         <name>.debug_info</name>
         <load_address>0xd01c</load_address>
         <run_address>0xd01c</run_address>
         <size>0x1e8</size>
         <input_file_ref idref="fl-f"/>
      </object_component>
      <object_component id="oc-2c9">
         <name>.debug_info</name>
         <load_address>0xd204</load_address>
         <run_address>0xd204</run_address>
         <size>0x103c</size>
         <input_file_ref idref="fl-f"/>
      </object_component>
      <object_component id="oc-1fd">
         <name>.debug_info</name>
         <load_address>0xe240</load_address>
         <run_address>0xe240</run_address>
         <size>0x440</size>
         <input_file_ref idref="fl-10"/>
      </object_component>
      <object_component id="oc-1fa">
         <name>.debug_info</name>
         <load_address>0xe680</load_address>
         <run_address>0xe680</run_address>
         <size>0xd0</size>
         <input_file_ref idref="fl-10"/>
      </object_component>
      <object_component id="oc-148">
         <name>.debug_info</name>
         <load_address>0xe750</load_address>
         <run_address>0xe750</run_address>
         <size>0x183</size>
         <input_file_ref idref="fl-10"/>
      </object_component>
      <object_component id="oc-15f">
         <name>.debug_info</name>
         <load_address>0xe8d3</load_address>
         <run_address>0xe8d3</run_address>
         <size>0x183</size>
         <input_file_ref idref="fl-10"/>
      </object_component>
      <object_component id="oc-d9">
         <name>.debug_info</name>
         <load_address>0xea56</load_address>
         <run_address>0xea56</run_address>
         <size>0x1ee</size>
         <input_file_ref idref="fl-10"/>
      </object_component>
      <object_component id="oc-36e">
         <name>.debug_info</name>
         <load_address>0xec44</load_address>
         <run_address>0xec44</run_address>
         <size>0x1ec</size>
         <input_file_ref idref="fl-10"/>
      </object_component>
      <object_component id="oc-159">
         <name>.debug_info</name>
[...]
      </symbol>
      <symbol id="sm-750">
         <name>__TI_decompress_none</name>
         <value>0x8935</value>
         <object_component_ref idref="oc-10"/>
      </symbol>
      <symbol id="sm-773">
         <name>__TI_decompress_rle24</name>
         <value>0x898d</value>
         <object_component_ref idref="oc-16"/>
      </symbol>
      <symbol id="sm-795">
         <name>C$$EXIT</name>
         <value>0x83d1</value>
         <object_component_ref idref="oc-6c"/>
      </symbol>
      <symbol id="sm-796">
         <name>abort</name>
         <value>0x83d5</value>
         <object_component_ref idref="oc-6c"/>
      </symbol>
      <symbol id="sm-797">
         <name>exit</name>
         <value>0x83dd</value>
         <object_component_ref idref="oc-6c"/>
      </symbol>
      <symbol id="sm-798">
         <name>__TI_dtors_ptr</name>
         <value>0x20000a04</value>
         <object_component_ref idref="oc-b3"/>
      </symbol>
      <symbol id="sm-799">
         <name>__TI_cleanup_ptr</name>
         <value>0x20000a00</value>
         <object_component_ref idref="oc-b3"/>
      </symbol>
      <symbol id="sm-79a">
         <name>__TI_enable_exit_profile_output</name>
         <value>0x20000a08</value>
         <object_component_ref idref="oc-b3"/>
      </symbol>
      <symbol id="sm-7a5">
         <name>__aeabi_dmul</name>
         <value>0x7385</value>
         <object_component_ref idref="oc-fa"/>
      </symbol>
      <symbol id="sm-7af">
         <name>__aeabi_d2iz</name>
         <value>0x8555</value>
         <object_component_ref idref="oc-ff"/>
      </symbol>
      <symbol id="sm-7ba">
         <name>__aeabi_f2d</name>
         <value>0x859d</value>
         <object_component_ref idref="oc-f5"/>
      </symbol>
      <symbol id="sm-7d5">
         <name>memcpy</name>
         <value>0x7b15</value>
         <object_component_ref idref="oc-2f"/>
      </symbol>
      <symbol id="sm-7d6">
         <name>__aeabi_memcpy</name>
         <value>0x7b15</value>
         <object_component_ref idref="oc-2f"/>
      </symbol>
      <symbol id="sm-7d7">
         <name>__aeabi_memcpy8</name>
         <value>0x7b15</value>
         <object_component_ref idref="oc-2f"/>
      </symbol>
      <symbol id="sm-7d8">
         <name>__aeabi_memcpy4</name>
         <value>0x7b15</value>
         <object_component_ref idref="oc-2f"/>
      </symbol>
      <symbol id="sm-7e7">
         <name>__aeabi_memset</name>
         <value>0x7ef3</value>
         <object_component_ref idref="oc-48"/>
      </symbol>
      <symbol id="sm-7e8">
         <name>memset</name>
         <value>0x7ef9</value>
         <object_component_ref idref="oc-48"/>
      </symbol>
      <symbol id="sm-7e9">
         <name>__aeabi_memset8</name>
         <value>0x7ef3</value>
         <object_component_ref idref="oc-48"/>
      </symbol>
      <symbol id="sm-7ea">
         <name>__aeabi_memset4</name>
         <value>0x7ef3</value>
         <object_component_ref idref="oc-48"/>
      </symbol>
      <symbol id="sm-7eb">
         <name>__aeabi_memclr8</name>
         <value>0x7ef1</value>
         <object_component_ref idref="oc-48"/>
      </symbol>
      <symbol id="sm-7ec">
         <name>__aeabi_memclr4</name>
         <value>0x7ef1</value>
         <object_component_ref idref="oc-48"/>
      </symbol>
      <symbol id="sm-7ed">
         <name>__aeabi_memclr</name>
         <value>0x7ef1</value>
         <object_component_ref idref="oc-48"/>
      </symbol>
      <symbol id="sm-7f7">
         <name>__mpu_init</name>
         <value>0x51e7</value>
         <object_component_ref idref="oc-54"/>
      </symbol>
      <symbol id="sm-801">
         <name>_system_pre_init</name>
         <value>0x8997</value>
         <object_component_ref idref="oc-5a"/>
      </symbol>
      <symbol id="sm-81f">
         <name>printf</name>
         <value>0x8055</value>
         <object_component_ref idref="oc-e3"/>
      </symbol>
      <symbol id="sm-838">
         <name>sprintf</name>
         <value>0x82c5</value>
         <object_component_ref idref="oc-10a"/>
      </symbol>
      <symbol id="sm-85a">
         <name>sscanf</name>
         <value>0x783b</value>
         <object_component_ref idref="oc-ef"/>
      </symbol>
      <symbol id="sm-85b">
         <name>vsscanf</name>
         <value>0x7829</value>
         <object_component_ref idref="oc-ef"/>
      </symbol>
      <symbol id="sm-863">
         <name>main_func_sp</name>
         <value>0x20000a34</value>
         <object_component_ref idref="oc-72"/>
      </symbol>
      <symbol id="sm-871">
         <name>strcpy</name>
         <value>0x88bd</value>
         <object_component_ref idref="oc-14c"/>
      </symbol>
      <symbol id="sm-87f">
         <name>strlen</name>
         <value>0x88d1</value>
         <object_component_ref idref="oc-118"/>
      </symbol>
      <symbol id="sm-898">
         <name>_nop</name>
         <value>0x88a3</value>
         <object_component_ref idref="oc-1c0"/>
      </symbol>
      <symbol id="sm-899">
         <name>_lock</name>
         <value>0x20000a24</value>
         <object_component_ref idref="oc-b6"/>
      </symbol>
      <symbol id="sm-89a">
         <name>_unlock</name>
         <value>0x20000a28</value>
         <object_component_ref idref="oc-b6"/>
      </symbol>
      <symbol id="sm-89b">
         <name>_register_lock</name>
         <value>0x889b</value>
         <object_component_ref idref="oc-1c0"/>
      </symbol>
      <symbol id="sm-89c">
         <name>_register_unlock</name>
         <value>0x8895</value>
         <object_component_ref idref="oc-1c0"/>
      </symbol>
      <symbol id="sm-9a3">
         <name>__TI_printfi</name>
         <value>0x2b37</value>
         <object_component_ref idref="oc-21e"/>
      </symbol>
      <symbol id="sm-a3b">
         <name>__TI_scanfi</name>
         <value>0x4d39</value>
         <object_component_ref idref="oc-252"/>
      </symbol>
      <symbol id="sm-a4f">
         <name>_args_main</name>
         <value>0x87e1</value>
         <object_component_ref idref="oc-66"/>
      </symbol>
      <symbol id="sm-a65">
         <name>atoi</name>
         <value>0x84bd</value>
         <object_component_ref idref="oc-34a"/>
      </symbol>
      <symbol id="sm-a8a">
         <name>__TI_auto_init</name>
         <value>0x7fdd</value>
         <object_component_ref idref="oc-60"/>
      </symbol>
      <symbol id="sm-aa4">
         <name>copy_in</name>
         <value>0x8509</value>
         <object_component_ref idref="oc-a3"/>
      </symbol>
      <symbol id="sm-aaf">
         <name>_ctypes_</name>
         <value>0x8e9b</value>
         <object_component_ref idref="oc-258"/>
      </symbol>
      <symbol id="sm-ac4">
         <name>__TI_tmpnams</name>
         <value>0x20000520</value>
      </symbol>
      <symbol id="sm-ac5">
         <name>__aeabi_stdout</name>
         <value>0x200009f8</value>
         <object_component_ref idref="oc-3e1"/>
      </symbol>
      <symbol id="sm-ac6">
         <name>__aeabi_stderr</name>
         <value>0x200009fc</value>
         <object_component_ref idref="oc-3e1"/>
      </symbol>
      <symbol id="sm-ac7">
         <name>__aeabi_stdin</name>
         <value>0x200009f4</value>
         <object_component_ref idref="oc-3e1"/>
      </symbol>
      <symbol id="sm-ac8">
         <name>_ftable</name>
         <value>0x200007f0</value>
         <object_component_ref idref="oc-224"/>
      </symbol>
      <symbol id="sm-ac9">
         <name>__TI_ft_end</name>
         <value>0x200009f0</value>
         <object_component_ref idref="oc-3e1"/>
      </symbol>
      <symbol id="sm-ae0">
         <name>__aeabi_dsub</name>
         <value>0x6bad</value>
         <object_component_ref idref="oc-32d"/>
      </symbol>
      <symbol id="sm-ae1">
         <name>__aeabi_dadd</name>
         <value>0x6bb7</value>
         <object_component_ref idref="oc-32d"/>
      </symbol>
      <symbol id="sm-b03">
         <name>__aeabi_cdcmpeq</name>
         <value>0x7d69</value>
         <object_component_ref idref="oc-313"/>
      </symbol>
      <symbol id="sm-b04">
         <name>__aeabi_cdcmple</name>
         <value>0x7d69</value>
         <object_component_ref idref="oc-313"/>
      </symbol>
      <symbol id="sm-b05">
         <name>__aeabi_cdrcmple</name>
         <value>0x7def</value>
         <object_component_ref idref="oc-31d"/>
      </symbol>
      <symbol id="sm-b19">
         <name>__aeabi_ddiv</name>
         <value>0x6ed1</value>
         <object_component_ref idref="oc-318"/>
      </symbol>
      <symbol id="sm-b25">
         <name>__aeabi_d2f</name>
         <value>0x80bd</value>
         <object_component_ref idref="oc-39c"/>
      </symbol>
      <symbol id="sm-b47">
         <name>puts</name>
         <value>0x7115</value>
         <object_component_ref idref="oc-218"/>
      </symbol>
      <symbol id="sm-b48">
         <name>fputs</name>
         <value>0x7009</value>
         <object_component_ref idref="oc-218"/>
      </symbol>
      <symbol id="sm-b52">
         <name>__aeabi_i2d</name>
         <value>0x8695</value>
         <object_component_ref idref="oc-328"/>
      </symbol>
      <symbol id="sm-ba0">
         <name>open</name>
         <value>0x6207</value>
         <object_component_ref idref="oc-306"/>
      </symbol>
      <symbol id="sm-ba1">
         <name>add_device</name>
         <value>0x6329</value>
         <object_component_ref idref="oc-306"/>
      </symbol>
      <symbol id="sm-ba2">
         <name>remove_device</name>
         <value>0x61bb</value>
         <object_component_ref idref="oc-306"/>
      </symbol>
      <symbol id="sm-ba3">
         <name>lseek</name>
         <value>0x62b5</value>
         <object_component_ref idref="oc-306"/>
      </symbol>
      <symbol id="sm-ba4">
         <name>read</name>
         <value>0x61e3</value>
         <object_component_ref idref="oc-306"/>
      </symbol>
      <symbol id="sm-ba5">
         <name>rename</name>
         <value>0x617d</value>
         <object_component_ref idref="oc-306"/>
      </symbol>
      <symbol id="sm-ba6">
         <name>write</name>
         <value>0x60c9</value>
         <object_component_ref idref="oc-306"/>
      </symbol>
      <symbol id="sm-ba7">
         <name>close</name>
         <value>0x62d9</value>
         <object_component_ref idref="oc-306"/>
      </symbol>
      <symbol id="sm-ba8">
         <name>unlink</name>
         <value>0x6159</value>
         <object_component_ref idref="oc-306"/>
      </symbol>
      <symbol id="sm-bb7">
         <name>ltoa</name>
         <value>0x8325</value>
         <object_component_ref idref="oc-322"/>
      </symbol>
      <symbol id="sm-bc7">
         <name>memccpy</name>
         <value>0x8779</value>
         <object_component_ref idref="oc-344"/>
      </symbol>
      <symbol id="sm-bd7">
         <name>memchr</name>
         <value>0x873d</value>
         <object_component_ref idref="oc-2fa"/>
      </symbol>
      <symbol id="sm-bf2">
         <name>frexpl</name>
         <value>0x8261</value>
         <object_component_ref idref="oc-332"/>
      </symbol>
      <symbol id="sm-bf3">
         <name>frexp</name>
         <value>0x8261</value>
         <object_component_ref idref="oc-332"/>
      </symbol>
      <symbol id="sm-c10">
         <name>scalbn</name>
         <value>0x7481</value>
         <object_component_ref idref="oc-338"/>
      </symbol>
      <symbol id="sm-c11">
         <name>scalbnl</name>
         <value>0x7481</value>
         <object_component_ref idref="oc-338"/>
      </symbol>
      <symbol id="sm-c12">
         <name>ldexpl</name>
         <value>0x7481</value>
         <object_component_ref idref="oc-338"/>
      </symbol>
      <symbol id="sm-c13">
         <name>ldexp</name>
         <value>0x7481</value>
         <object_component_ref idref="oc-338"/>
      </symbol>
      <symbol id="sm-c1d">
         <name>_system_post_cinit</name>
         <value>0x6d63</value>
         <object_component_ref idref="oc-a9"/>
      </symbol>
      <symbol id="sm-c2d">
         <name>strchr</name>
         <value>0x8841</value>
         <object_component_ref idref="oc-33e"/>
      </symbol>
      <symbol id="sm-c3c">
         <name>strcmp</name>
         <value>0x8811</value>
         <object_component_ref idref="oc-3e6"/>
      </symbol>
      <symbol id="sm-c4c">
         <name>strncpy</name>
         <value>0x8665</value>
         <object_component_ref idref="oc-3ec"/>
      </symbol>
      <symbol id="sm-c5b">
         <name>strrchr</name>
         <value>0x8829</value>
         <object_component_ref idref="oc-3ae"/>
      </symbol>
      <symbol id="sm-c98">
         <name>strtold</name>
         <value>0x63d5</value>
         <object_component_ref idref="oc-396"/>
      </symbol>
      <symbol id="sm-c99">
         <name>strtod</name>
         <value>0x63d5</value>
         <object_component_ref idref="oc-396"/>
      </symbol>
      <symbol id="sm-cbe">
         <name>strtol</name>
         <value>0x713d</value>
         <object_component_ref idref="oc-3a1"/>
      </symbol>
      <symbol id="sm-ce7">
         <name>strtoll</name>
         <value>0x6805</value>
         <object_component_ref idref="oc-3a7"/>
      </symbol>
      <symbol id="sm-d08">
         <name>strtoul</name>
         <value>0x7271</value>
         <object_component_ref idref="oc-38a"/>
      </symbol>
      <symbol id="sm-d2e">
         <name>strtoull</name>
         <value>0x6d65</value>
         <object_component_ref idref="oc-390"/>
      </symbol>
      <symbol id="sm-d56">
         <name>HOSTgetenv</name>
         <value>0x6005</value>
         <object_component_ref idref="oc-487"/>
      </symbol>
      <symbol id="sm-d57">
         <name>HOSTrename</name>
         <value>0x5ead</value>
         <object_component_ref idref="oc-487"/>
      </symbol>
      <symbol id="sm-d58">
         <name>HOSTclose</name>
         <value>0x6043</value>
         <object_component_ref idref="oc-487"/>
      </symbol>
      <symbol id="sm-d59">
         <name>HOSTtime64</name>
         <value>0x5e29</value>
         <object_component_ref idref="oc-487"/>
      </symbol>
      <symbol id="sm-d5a">
         <name>HOSTunlink</name>
         <value>0x5df1</value>
         <object_component_ref idref="oc-487"/>
      </symbol>
      <symbol id="sm-d5b">
         <name>HOSTlseek</name>
         <value>0x5fa9</value>
         <object_component_ref idref="oc-487"/>
      </symbol>
      <symbol id="sm-d5c">
         <name>HOSTopen</name>
         <value>0x5f57</value>
         <object_component_ref idref="oc-487"/>
      </symbol>
      <symbol id="sm-d5d">
         <name>HOSTclock</name>
         <value>0x607b</value>
         <object_component_ref idref="oc-487"/>
      </symbol>
      <symbol id="sm-d5e">
         <name>HOSTwrite</name>
         <value>0x5da5</value>
         <object_component_ref idref="oc-487"/>
      </symbol>
      <symbol id="sm-d5f">
         <name>HOSTread</name>
         <value>0x5f0b</value>
         <object_component_ref idref="oc-487"/>
      </symbol>
      <symbol id="sm-d60">
         <name>HOSTtime</name>
         <value>0x5e73</value>
         <object_component_ref idref="oc-487"/>
      </symbol>
      <symbol id="sm-d7b">
         <name>__TI_readmsg</name>
         <value>0x81c7</value>
         <object_component_ref idref="oc-4ce"/>
      </symbol>
      <symbol id="sm-d7c">
         <name>C$$IO$$</name>
         <value>0x81c3</value>
         <object_component_ref idref="oc-4ce"/>
      </symbol>
      <symbol id="sm-d7d">
         <name>__CIOBUF_</name>
         <value>0x20000400</value>
         <object_component_ref idref="oc-4e5"/>
      </symbol>
      <symbol id="sm-d7e">
         <name>__TI_writemsg</name>
         <value>0x8195</value>
         <object_component_ref idref="oc-4ce"/>
      </symbol>
      <symbol id="sm-d9a">
         <name>__aeabi_uldivmod</name>
         <value>0x6611</value>
         <object_component_ref idref="oc-30e"/>
      </symbol>
      <symbol id="sm-db8">
         <name>__TI_wrt_ok</name>
         <value>0x7a69</value>
         <object_component_ref idref="oc-2f4"/>
      </symbol>
      <symbol id="sm-db9">
         <name>__TI_rd_ok</name>
         <value>0x7acb</value>
         <object_component_ref idref="oc-2f4"/>
      </symbol>
      <symbol id="sm-dc1">
         <name>errno</name>
         <value>0x20000a2c</value>
         <object_component_ref idref="oc-414"/>
      </symbol>
      <symbol id="sm-ddb">
         <name>__TI_doflush</name>
         <value>0x78f5</value>
         <object_component_ref idref="oc-300"/>
      </symbol>
      <symbol id="sm-ddc">
         <name>fflush</name>
         <value>0x7941</value>
         <object_component_ref idref="oc-300"/>
      </symbol>
      <symbol id="sm-dee">
         <name>fseek</name>
         <value>0x81fd</value>
         <object_component_ref idref="oc-3d1"/>
      </symbol>
      <symbol id="sm-df7">
         <name>__aeabi_lmul</name>
         <value>0x87f9</value>
         <object_component_ref idref="oc-44a"/>
      </symbol>
      <symbol id="sm-e01">
         <name>copysign</name>
         <value>0x88a9</value>
         <object_component_ref idref="oc-40e"/>
      </symbol>
      <symbol id="sm-e02">
         <name>copysignl</name>
         <value>0x88a9</value>
         <object_component_ref idref="oc-40e"/>
      </symbol>
      <symbol id="sm-e1e">
         <name>setvbuf</name>
         <value>0x774d</value>
         <object_component_ref idref="oc-3d7"/>
      </symbol>
      <symbol id="sm-e55">
         <name>__TI_cleanup</name>
         <value>0x6ab1</value>
         <object_component_ref idref="oc-46e"/>
      </symbol>
      <symbol id="sm-e56">
         <name>freopen</name>
         <value>0x6add</value>
         <object_component_ref idref="oc-46e"/>
      </symbol>
      <symbol id="sm-e57">
         <name>fopen</name>
         <value>0x6b07</value>
         <object_component_ref idref="oc-46e"/>
      </symbol>
      <symbol id="sm-ec6">
         <name>_sys_memory</name>
         <value>0x20000000</value>
         <object_component_ref idref="oc-2c"/>
      </symbol>
      <symbol id="sm-ec7">
         <name>free</name>
         <value>0x578f</value>
         <object_component_ref idref="oc-468"/>
      </symbol>
      <symbol id="sm-ec8">
         <name>realloc</name>
         <value>0x5851</value>
         <object_component_ref idref="oc-468"/>
      </symbol>
      <symbol id="sm-ec9">
         <name>memalign</name>
         <value>0x595d</value>
         <object_component_ref idref="oc-468"/>
      </symbol>
      <symbol id="sm-eca">
         <name>calloc</name>
         <value>0x5a41</value>
         <object_component_ref idref="oc-468"/>
      </symbol>
      <symbol id="sm-ecb">
         <name>malloc</name>
         <value>0x5727</value>
         <object_component_ref idref="oc-468"/>
      </symbol>
      <symbol id="sm-ecc">
         <name>minit</name>
         <value>0x5699</value>
         <object_component_ref idref="oc-468"/>
      </symbol>
      <symbol id="sm-ee2">
         <name>__TI_closefile</name>
         <value>0x7bb1</value>
         <object_component_ref idref="oc-4bf"/>
      </symbol>
      <symbol id="sm-ee3">
         <name>fclose</name>
         <value>0x7c17</value>
         <object_component_ref idref="oc-4bf"/>
      </symbol>
      <symbol id="sm-ee5">
         <name>__TI_static_base__</name>
         <value>0x0</value>
      </symbol>
      <symbol id="sm-ee8">
         <name>SHT$$INIT_ARRAY$$Limit</name>
         <value>0x0</value>
      </symbol>
      <symbol id="sm-ee9">
         <name>SHT$$INIT_ARRAY$$Base</name>
         <value>0x0</value>
      </symbol>
      <symbol id="sm-eea">
         <name>remove</name>
         <value>0x6159</value>
      </symbol>
   </symbol_table>
   <title>Link successful</title>
</link_info>
