******************************************************************************
                  TI ARM Linker PC v15.12.0                    
******************************************************************************
>> Linked Mon Mar 21 01:39:00 2016

OUTPUT FILE NAME:   <Project 1 Base Software.out>
ENTRY POINT SYMBOL: "_c_int00"  address: 00007251


MEMORY CONFIGURATION

         name            origin    length      used     unused   attr    fill
----------------------  --------  ---------  --------  --------  ----  --------
  MAIN                  00000000   00040000  00008100  00037f00  R  X
  INFO                  00200000   00004000  00000000  00004000  R  X
  SRAM_CODE             01000000   00010000  00000000  00010000  RW X
  SRAM_DATA             20000000   00010000  00000484  0000fb7c  RW  


SEGMENT ALLOCATION MAP

run origin  load origin   length   init length attrs members
----------  ----------- ---------- ----------- ----- -------
00000000    00000000    00008104   00008104    r-x
  00000000    00000000    00000140   00000140    r-- .intvecs
  00000140    00000140    00007776   00007776    r-x .text
  000078b8    000078b8    000007f6   000007f6    r-- .const
  000080b0    000080b0    00000054   00000054    r-- .cinit
20000000    20000000    00000284   00000000    rw-
  20000000    20000000    0000021c   00000000    rw- .bss
  2000021c    2000021c    00000068   00000000    rw- .data
2000fe00    2000fe00    00000200   00000000    rw-
  2000fe00    2000fe00    00000200   00000000    rw- .stack


SECTION ALLOCATION MAP

 output                                  attributes/
section   page    origin      length       input sections
--------  ----  ----------  ----------   ----------------
.intvecs   0    00000000    00000140     
                  00000000    00000140     msp432_startup_ccs.obj (.intvecs:retain)

.text      0    00000140    00007776     
                  00000140    00001aac     main.obj (.text)
                  00001bec    00001110     rtsv7M4_T_le_v4SPD16_eabi.lib : _printfi.obj (.text)
                  00002cfc    00000e6c     ST7735.obj (.text)
                  00003b68    00000c14     msprf24.obj (.text)
                  0000477c    0000092a     rtsv7M4_T_le_v4SPD16_eabi.lib : _scanfi.obj (.text)
                  000050a6    00000002                                   : mpu_init.obj (.text)
                  000050a8    000004c4     support.obj (.text)
                  0000556c    00000330     ClockSystem.obj (.text)
                  0000589c    0000023c     rtsv7M4_T_le_v4SPD16_eabi.lib : strtod.obj (.text)
                  00005ad8    000001f4                                   : ull_div_t2.obj (.text)
                  00005ccc    000001e4                                   : strtoll.obj (.text)
                  00005eb0    000001b6                                   : fd_add_t2.obj (.text)
                  00006066    00000002                                   : startup.obj (.text)
                  00006068    0000016c                                   : strtoull.obj (.text)
                  000061d4    00000136                                   : fd_div_t2.obj (.text)
                  0000630a    00000002     --HOLE-- [fill = 0]
                  0000630c    00000134                                   : strtol.obj (.text)
                  00006440    00000114                                   : strtoul.obj (.text)
                  00006554    000000fc                                   : fd_mul_t2.obj (.text)
                  00006650    000000fc                                   : s_scalbn.obj (.text)
                  0000674c    000000f0     dht22.obj (.text)
                  0000683c    000000e0     msp432p4xx_driverlib.lib : cs.o (.text:CS_initClockSignal)
                  0000691c    000000cc     rtsv7M4_T_le_v4SPD16_eabi.lib : sscanf.obj (.text)
                  000069e8    000000ac     msp430_spi.obj (.text)
                  00006a94    0000009c     msp432p4xx_driverlib.lib : cs.o (.text:_CSComputeCLKFrequency)
                  00006b30    0000009c     rtsv7M4_T_le_v4SPD16_eabi.lib : memcpy_t2.obj (.text)
                  00006bcc    00000090     msp432p4xx_driverlib.lib : cs.o (.text:CS_startHFXTWithTimeout)
                  00006c5c    00000090                              : cs.o (.text:CS_startLFXTWithTimeout)
                  00006cec    0000008c                              : cs.o (.text:CS_getDCOFrequency)
                  00006d78    00000086     rtsv7M4_T_le_v4SPD16_eabi.lib : fd_cmp_t2.obj (.text:__aeabi_cdcmple)
                  00006dfe    00000086                                   : fd_cmp_t2.obj (.text:__aeabi_cdrcmple)
                  00006e84    0000007c     msp432p4xx_driverlib.lib : spi.o (.text:SPI_initMaster)
                  00006f00    0000007a     rtsv7M4_T_le_v4SPD16_eabi.lib : memset_t2.obj (.text)
                  00006f7a    00000002     --HOLE-- [fill = 0]
                  00006f7c    00000070     msp432p4xx_driverlib.lib : cs.o (.text:_CSGetHFXTFrequency)
                  00006fec    00000070     rtsv7M4_T_le_v4SPD16_eabi.lib : autoinit.obj (.text)
                  0000705c    0000006e                                   : fd_tos_t2.obj (.text)
                  000070ca    0000006a                                   : copy_decompress_rle.obj (.text)
                  00007134    00000064                                   : s_frexp.obj (.text)
                  00007198    00000060                                   : sprintf.obj (.text)
                  000071f8    00000056                                   : ltoa.obj (.text)
                  0000724e    00000002     --HOLE-- [fill = 0]
                  00007250    00000054                                   : boot.obj (.text)
                  000072a4    00000054                                   : exit.obj (.text)
                  000072f8    0000004c     msp432p4xx_driverlib.lib : gpio.o (.text:GPIO_setAsPeripheralModuleFunctionInputPin)
                  00007344    0000004c                              : gpio.o (.text:GPIO_setAsPeripheralModuleFunctionOutputPin)
                  00007390    0000004c                              : cs.o (.text:_CSGetDOCFrequency)
                  000073dc    0000004c     rtsv7M4_T_le_v4SPD16_eabi.lib : atoi.obj (.text)
                  00007428    0000004c                                   : cpy_tbl.obj (.text)
                  00007474    00000048     msp432p4xx_driverlib.lib : cs.o (.text:_CSGetDividerValue)
                  000074bc    00000048     rtsv7M4_T_le_v4SPD16_eabi.lib : fd_toi_t2.obj (.text)
                  00007504    00000030     msp432p4xx_driverlib.lib : gpio.o (.text:GPIO_getEnabledInterruptStatus)
                  00007534    00000030                              : gpio.o (.text:GPIO_setAsInputPinWithPullUpResistor)
                  00007564    00000030                              : spi.o (.text:is_A_Module)
                  00007594    0000002e     rtsv7M4_T_le_v4SPD16_eabi.lib : i_tofd_t2.obj (.text)
                  000075c2    00000002     --HOLE-- [fill = 0]
                  000075c4    0000002c     msp432p4xx_driverlib.lib : gpio.o (.text:GPIO_setAsInputPin)
                  000075f0    00000028     msprf24.obj (.text:pulse_ce)
                  00007618    00000024     msp432p4xx_driverlib.lib : cs.o (.text:CS_clearInterruptFlag)
                  0000763c    00000024                              : gpio.o (.text:GPIO_setAsOutputPin)
                  00007660    0000001c                              : gpio.o (.text:GPIO_getInputPinValue)
                  0000767c    0000001c     rtsv7M4_T_le_v4SPD16_eabi.lib : memccpy.obj (.text)
                  00007698    0000001a     msp432p4xx_driverlib.lib : spi.o (.text:SPI_enableModule)
                  000076b2    00000002     --HOLE-- [fill = 0]
                  000076b4    00000018                              : cs.o (.text:CS_getMCLK)
                  000076cc    00000018                              : cs.o (.text:CS_getSMCLK)
                  000076e4    00000018                              : gpio.o (.text:GPIO_clearInterruptFlag)
                  000076fc    00000018                              : gpio.o (.text:GPIO_setOutputLowOnPin)
                  00007714    00000018     rtsv7M4_T_le_v4SPD16_eabi.lib : args_main.obj (.text)
                  0000772c    00000018                                   : ll_mul_t2.obj (.text)
                  00007744    00000018                                   : strrchr.obj (.text)
                  0000775c    00000016                                   : strchr.obj (.text)
                  00007772    00000002     --HOLE-- [fill = 0]
                  00007774    00000014     msp432p4xx_driverlib.lib : cs.o (.text:CS_setExternalClockSourceFrequency)
                  00007788    00000014                              : gpio.o (.text:GPIO_enableInterrupt)
                  0000779c    00000014                              : gpio.o (.text:GPIO_toggleOutputOnPin)
                  000077b0    00000014     rtsv7M4_T_le_v4SPD16_eabi.lib : _lock.obj (.text)
                  000077c4    00000014                                   : s_copysign.obj (.text)
                  000077d8    00000014                                   : strcpy.obj (.text)
                  000077ec    00000014                                   : strlen.obj (.text)
                  00007800    00000010     msp432p4xx_driverlib.lib : gpio.o (.text:GPIO_getInterruptStatus)
                  00007810    00000010                              : interrupt.o (.text:Interrupt_enableMaster)
                  00007820    00000010                              : sysctl.o (.text:SysCtl_disableNMISource)
                  00007830    00000010                              : sysctl.o (.text:SysCtl_enableNMISource)
                  00007840    00000010     msprf24.obj (.text:_msprf24_crc_mask)
                  00007850    0000000e     rtsv7M4_T_le_v4SPD16_eabi.lib : copy_decompress_none.obj (.text:decompress:none)
                  0000785e    0000000c     msp432p4xx_driverlib.lib : cpu.o (.text:CPU_cpsie)
                  0000786a    0000000c                              : spi.o (.text:EUSCI_A_SPI_enable)
                  00007876    0000000c                              : spi.o (.text:EUSCI_B_SPI_enable)
                  00007882    00000002     --HOLE-- [fill = 0]
                  00007884    0000000c                              : sysctl.o (.text:SysCtl_getNMISourceStatus)
                  00007890    0000000c     msp432_startup_ccs.obj (.text)
                  0000789c    00000006     msp432p4xx_driverlib.lib : cs.o (.text:CS_startHFXT)
                  000078a2    00000006                              : cs.o (.text:CS_startLFXT)
                  000078a8    00000006     rtsv7M4_T_le_v4SPD16_eabi.lib : copy_decompress_rle.obj (.text:decompress:rle24)
                  000078ae    00000004     msprf24.obj (.text:_msprf24_irq_mask)
                  000078b2    00000004     rtsv7M4_T_le_v4SPD16_eabi.lib : pre_init.obj (.text)

.const     0    000078b8    000007f6     
                  000078b8    000004fb     ST7735.obj (.const:.string:Font)
                  00007db3    00000101     rtsv7M4_T_le_v4SPD16_eabi.lib : ctype.obj (.const:.string:_ctypes_)
                  00007eb4    00000004     --HOLE-- [fill = 0]
                  00007eb8    00000098                                   : strtod.obj (.const:$O1$$)
                  00007f50    00000067     ST7735.obj (.const:.string:Bcmd)
                  00007fb7    0000003b     ST7735.obj (.const:.string:Rcmd1)
                  00007ff2    00000002     --HOLE-- [fill = 0]
                  00007ff4    00000030     msp432p4xx_driverlib.lib : gpio.o (.const:GPIO_PORT_TO_BASE)
                  00008024    0000002b     ST7735.obj (.const:.string:Rcmd3)
                  0000804f    00000001     --HOLE-- [fill = 0]
                  00008050    0000001c     msp430_spi.obj (.const:spiMasterConfig)
                  0000806c    00000018     main.obj (.const:upConfig)
                  00008084    00000010     rtsv7M4_T_le_v4SPD16_eabi.lib : _scanfi.obj (.const:$O1$$)
                  00008094    0000000d     ST7735.obj (.const:.string:Rcmd2green)
                  000080a1    0000000d     ST7735.obj (.const:.string:Rcmd2red)

.cinit     0    000080b0    00000054     
                  000080b0    0000002e     (.cinit..data.load) [load image, compression = rle]
                  000080de    00000002     --HOLE-- [fill = 0]
                  000080e0    0000000b     (.cinit..bss.load) [load image, compression = rle]
                  000080eb    00000001     --HOLE-- [fill = 0]
                  000080ec    00000008     (__TI_handler_table)
                  000080f4    00000010     (__TI_cinit_table)

.init_array 
*          0    00000000    00000000     UNINITIALIZED

.bss       0    20000000    0000021c     UNINITIALIZED
                  20000000    0000003c     (.common:months)
                  2000003c    00000034     (.common:temp)
                  20000070    00000034     (.common:tempString)
                  200000a4    00000028     (.common:dateStringColor)
                  200000cc    00000028     (.common:lightIndexString)
                  200000f4    00000028     (.common:timeStringColor)
                  2000011c    00000020     (.common:data)
                  2000013c    0000001c     main.obj (.bss:setTime)
                  20000158    0000001c     (.common:newTime)
                  20000174    00000014     (.common:dateString)
                  20000188    00000014     (.common:timeString)
                  2000019c    0000000c     (.common:Light)
                  200001a8    0000000c     (.common:date)
                  200001b4    0000000c     (.common:time)
                  200001c0    00000008     (.common:addr)
                  200001c8    00000008     (.common:lightIndex)
                  200001d0    00000005     (.common:dht_data)
                  200001d5    00000004     ST7735.obj (.bss)
                  200001d9    00000001     (.common:dht_current_state)
                  200001da    00000004     main.obj (.bss:humidityIN)
                  200001de    00000004     main.obj (.bss:humidityOUT)
                  200001e2    00000004     main.obj (.bss:lux)
                  200001e6    00000004     main.obj (.bss:pressure)
                  200001ea    00000004     main.obj (.bss:temperatureIN)
                  200001ee    00000004     main.obj (.bss:temperatureOUT)
                  200001f2    00000004     (.common:Encoder1)
                  200001f6    00000004     (.common:Encoder2)
                  200001fa    00000004     (.common:PushButton)
                  200001fe    00000001     (.common:dht_data_bit)
                  200001ff    00000001     (.common:dht_data_byte)
                  20000200    00000004     (.common:hfxtFreq)
                  20000204    00000004     (.common:lfxtFreq)
                  20000208    00000004     (.common:screen)
                  2000020c    00000004     (.common:status)
                  20000210    00000004     (.common:user)
                  20000214    00000001     (.common:flag)
                  20000215    00000001     (.common:rf_addr_width)
                  20000216    00000001     (.common:rf_channel)
                  20000217    00000001     (.common:rf_crc)
                  20000218    00000001     (.common:rf_feature)
                  20000219    00000001     (.common:rf_irq)
                  2000021a    00000001     (.common:rf_speed_power)
                  2000021b    00000001     (.common:rf_status)

.data      0    2000021c    00000068     UNINITIALIZED
                  2000021c    00000018     main.obj (.data)
                  20000234    00000014     ClockSystem.obj (.data)
                  20000248    00000014     ST7735.obj (.data)
                  2000025c    0000000c     rtsv7M4_T_le_v4SPD16_eabi.lib : exit.obj (.data:$O1$$)
                  20000268    0000000c     support.obj (.data)
                  20000274    00000008     rtsv7M4_T_le_v4SPD16_eabi.lib : _lock.obj (.data:$O1$$)
                  2000027c    00000004                                   : errno.obj (.data)
                  20000280    00000004                                   : stkdepth_vars.obj (.data)

.stack     0    2000fe00    00000200     UNINITIALIZED
                  2000fe00    00000200     --HOLE--

MODULE SUMMARY

       Module                     code    ro data   rw data
       ------                     ----    -------   -------
    .\
       main.obj                   6828    24        497    
       ST7735.obj                 3692    1506      24     
       msprf24.obj                3152    0         7      
       support.obj                1220    0         24     
       ClockSystem.obj            816     0         20     
       msp432_startup_ccs.obj     12      320       0      
       dht22.obj                  240     0         36     
       msp430_spi.obj             172     28        0      
    +--+--------------------------+-------+---------+---------+
       Total:                     16132   1878      608    
                                                           
    ../msp432p4xx_driverlib.lib
       cs.o                       1184    0         8      
       gpio.o                     460     48        0      
       spi.o                      222     0         0      
       sysctl.o                   44      0         0      
       interrupt.o                16      0         0      
       cpu.o                      12      0         0      
    +--+--------------------------+-------+---------+---------+
       Total:                     1938    48        8      
                                                           
    C:\ti\ccsv6\tools\compiler\ti-cgt-arm_15.12.0.LTS\lib\rtsv7M4_T_le_v4SPD16_eabi.lib
       _printfi.obj               4368    0         0      
       _scanfi.obj                2346    16        0      
       strtod.obj                 572     152       0      
       ull_div_t2.obj             500     0         0      
       strtoll.obj                484     0         0      
       fd_add_t2.obj              438     0         0      
       strtoull.obj               364     0         0      
       fd_div_t2.obj              310     0         0      
       strtol.obj                 308     0         0      
       strtoul.obj                276     0         0      
       fd_cmp_t2.obj              268     0         0      
       ctype.obj                  0       257       0      
       fd_mul_t2.obj              252     0         0      
       s_scalbn.obj               252     0         0      
       sscanf.obj                 204     0         0      
       memcpy_t2.obj              156     0         0      
       memset_t2.obj              122     0         0      
       autoinit.obj               112     0         0      
       copy_decompress_rle.obj    112     0         0      
       fd_tos_t2.obj              110     0         0      
       s_frexp.obj                100     0         0      
       exit.obj                   84      0         12     
       sprintf.obj                96      0         0      
       ltoa.obj                   86      0         0      
       boot.obj                   84      0         0      
       atoi.obj                   76      0         0      
       cpy_tbl.obj                76      0         0      
       fd_toi_t2.obj              72      0         0      
       i_tofd_t2.obj              46      0         0      
       _lock.obj                  20      0         8      
       memccpy.obj                28      0         0      
       args_main.obj              24      0         0      
       ll_mul_t2.obj              24      0         0      
       strrchr.obj                24      0         0      
       strchr.obj                 22      0         0      
       s_copysign.obj             20      0         0      
       strcpy.obj                 20      0         0      
       strlen.obj                 20      0         0      
       copy_decompress_none.obj   14      0         0      
       errno.obj                  0       0         4      
       pre_init.obj               4       0         0      
       stkdepth_vars.obj          0       0         4      
       mpu_init.obj               2       0         0      
       startup.obj                2       0         0      
    +--+--------------------------+-------+---------+---------+
       Total:                     12498   425       28     
                                                           
       Stack:                     0       0         512    
       Linker Generated:          0       81        0      
    +--+--------------------------+-------+---------+---------+
       Grand Total:               30568   2432      1156   


LINKER GENERATED COPY TABLES

__TI_cinit_table @ 000080f4 records: 2, size/record: 8, table size: 16
	.data: load addr=000080b0, load size=0000002e bytes, run addr=2000021c, run size=00000068 bytes, compression=rle
	.bss: load addr=000080e0, load size=0000000b bytes, run addr=20000000, run size=0000021c bytes, compression=rle


LINKER GENERATED HANDLER TABLE

__TI_handler_table @ 000080ec records: 2, size/record: 4, table size: 8
	index: 0, handler: __TI_decompress_rle24
	index: 1, handler: __TI_decompress_none


GLOBAL SYMBOLS: SORTED ALPHABETICALLY BY Name 

address   name                                       
-------   ----                                       
20000254  BgColor                                    
000072a5  C$$EXIT                                    
20000238  CPMwait                                    
0000785f  CPU_cpsie                                  
00007619  CS_clearInterruptFlag                      
00006ced  CS_getDCOFrequency                         
000076b5  CS_getMCLK                                 
000076cd  CS_getSMCLK                                
0000683d  CS_initClockSignal                         
00007775  CS_setExternalClockSourceFrequency         
0000789d  CS_startHFXT                               
00006bcd  CS_startHFXTWithTimeout                    
000078a3  CS_startLFXT                               
00006c5d  CS_startLFXTWithTimeout                    
0000556d  Clock_Init                                 
000056a7  Clock_Init32kHz                            
000055b7  Clock_Init48MHz                            
00005799  Clock_InitLowPower                         
20000244  Crystalstable                              
000051e9  Debouncer                                  
00002d93  Delay1ms                                   
00000141  DelayWait10ms                              
00001769  DisplayInit                                
0000786b  EUSCI_A_SPI_enable                         
00007877  EUSCI_B_SPI_enable                         
200001f2  Encoder1                                   
200001f6  Encoder2                                   
00005249  EncoderDecipher                            
000076e5  GPIO_clearInterruptFlag                    
00007789  GPIO_enableInterrupt                       
00007505  GPIO_getEnabledInterruptStatus             
00007661  GPIO_getInputPinValue                      
00007801  GPIO_getInterruptStatus                    
000075c5  GPIO_setAsInputPin                         
00007535  GPIO_setAsInputPinWithPullUpResistor       
0000763d  GPIO_setAsOutputPin                        
000072f9  GPIO_setAsPeripheralModuleFunctionInputPin 
00007345  GPIO_setAsPeripheralModuleFunctionOutputPin
000076fd  GPIO_setOutputLowOnPin                     
0000779d  GPIO_toggleOutputOnPin                     
20000240  IFlags                                     
000050a9  InitFunction                               
00001821  InitOneWire                                
00007811  Interrupt_enableMaster                     
2000019c  Light                                      
00003aff  Output_Clear                               
00003b19  Output_Color                               
00003aef  Output_Init                                
00003b09  Output_Off                                 
00003b11  Output_On                                  
2000023c  Postwait                                   
20000234  Prewait                                    
200001fa  PushButton                                 
00001871  RF_Init                                    
UNDEFED   SHT$$INIT_ARRAY$$Base                      
UNDEFED   SHT$$INIT_ARRAY$$Limit                     
00007699  SPI_enableModule                           
00006e85  SPI_initMaster                             
0000517b  SSR_Init                                   
000031e9  ST7735_Color565                            
0000326d  ST7735_DrawBitmap                          
000035e1  ST7735_DrawChar                            
00003475  ST7735_DrawCharS                           
00003049  ST7735_DrawPixel                           
00003759  ST7735_DrawString                          
000037dd  ST7735_DrawStringHorizontal                
00003853  ST7735_DrawStringVertical                  
000030d9  ST7735_FillRect                            
000030a3  ST7735_FillScreen                          
00002f17  ST7735_InitB                               
00002f37  ST7735_InitR                               
000039ad  ST7735_InvertDisplay                       
000039c5  ST7735_OutChar                             
00003a91  ST7735_OutString                           
000038bd  ST7735_SetCursor                           
000038e3  ST7735_SetRotation                         
00003aaf  ST7735_SetTextColor                        
00003225  ST7735_SwapColor                           
20000228  Setup                                      
20000250  StTextColor                                
20000248  StX                                        
2000024c  StY                                        
00007821  SysCtl_disableNMISource                    
00007831  SysCtl_enableNMISource                     
00007885  SysCtl_getNMISourceStatus                  
20000252  TextColor                                  
20000256  TextSize                                   
20000220  Top                                        
4000480c  WDTCTL_SYM                                 
20010000  __STACK_END                                
00000200  __STACK_SIZE                               
000080f4  __TI_CINIT_Base                            
00008104  __TI_CINIT_Limit                           
000080ec  __TI_Handler_Table_Base                    
000080f4  __TI_Handler_Table_Limit                   
00006fed  __TI_auto_init                             
2000025c  __TI_cleanup_ptr                           
00007851  __TI_decompress_none                       
000078a9  __TI_decompress_rle24                      
20000260  __TI_dtors_ptr                             
20000264  __TI_enable_exit_profile_output            
ffffffff  __TI_pprof_out_hndl                        
000029f7  __TI_printfi                               
ffffffff  __TI_prof_data_size                        
ffffffff  __TI_prof_data_start                       
00004bf9  __TI_scanfi                                
00000000  __TI_static_base__                         
00006d79  __aeabi_cdcmpeq                            
00006d79  __aeabi_cdcmple                            
00006dff  __aeabi_cdrcmple                           
0000705d  __aeabi_d2f                                
000074bd  __aeabi_d2iz                               
00005ebb  __aeabi_dadd                               
000061d5  __aeabi_ddiv                               
00006555  __aeabi_dmul                               
00005eb1  __aeabi_dsub                               
00007595  __aeabi_i2d                                
0000772d  __aeabi_lmul                               
00006f01  __aeabi_memclr                             
00006f01  __aeabi_memclr4                            
00006f01  __aeabi_memclr8                            
00006b31  __aeabi_memcpy                             
00006b31  __aeabi_memcpy4                            
00006b31  __aeabi_memcpy8                            
00006f03  __aeabi_memset                             
00006f03  __aeabi_memset4                            
00006f03  __aeabi_memset8                            
00005ad9  __aeabi_uldivmod                           
ffffffff  __binit__                                  
ffffffff  __c_args__                                 
000050a7  __mpu_init                                 
2000fe00  __stack                                    
00007715  _args_main                                 
00007251  _c_int00                                   
00007db3  _ctypes_                                   
20000274  _lock                                      
00007841  _msprf24_crc_mask                          
000078af  _msprf24_irq_mask                          
000077bf  _nop                                       
000077b7  _register_lock                             
000077b1  _register_unlock                           
00006067  _system_post_cinit                         
000078b3  _system_pre_init                           
20000278  _unlock                                    
000072a9  abort                                      
200001c0  addr                                       
000073dd  atoi                                       
000051a5  binaryToDecimal                            
ffffffff  binit                                      
000053c9  calculateLighting                          
00007429  copy_in                                    
000077c5  copysign                                   
000077c5  copysignl                                  
2000011c  data                                       
200001a8  date                                       
20000174  dateString                                 
200000a4  dateStringColor                            
200001d9  dht_current_state                          
200001d0  dht_data                                   
200001fe  dht_data_bit                               
200001ff  dht_data_byte                              
00006787  dht_get_rh                                 
0000674d  dht_get_temp                               
000067b1  dht_start_read                             
20000230  err                                        
2000027c  errno                                      
000072b1  exit                                       
00003ae1  ferror                                     
00003ad5  fgetc                                      
20000214  flag                                       
00003f27  flush_rx                                   
00003f05  flush_tx                                   
00003ac3  fputc                                      
00007135  frexp                                      
00007135  frexpl                                     
00001945  gpio_isr                                   
00000000  interruptVectors                           
00006651  ldexp                                      
00006651  ldexpl                                     
200001c8  lightIndex                                 
200000cc  lightIndexString                           
000071f9  ltoa                                       
00000153  main                                       
20000280  main_func_sp                               
0000767d  memccpy                                    
00006b31  memcpy                                     
00006f09  memset                                     
20000000  months                                     
2000022c  movement                                   
000045bb  msprf24_activate_rx                        
000045df  msprf24_activate_tx                        
0000417f  msprf24_close_pipe                         
000041db  msprf24_close_pipe_all                     
00004509  msprf24_current_state                      
0000414f  msprf24_disable_feature                    
00004115  msprf24_enable_feature                     
000046b1  msprf24_get_irq_reason                     
0000441f  msprf24_get_last_retransmits               
0000442d  msprf24_get_lostpackets                    
00004031  msprf24_init                               
000046f1  msprf24_irq_clear                          
0000443b  msprf24_is_alive                           
00004201  msprf24_open_pipe                          
0000427b  msprf24_pipe_isopen                        
00004565  msprf24_powerdown                          
000045f3  msprf24_queue_state                        
0000467d  msprf24_rx_pending                         
000045fd  msprf24_scan                               
000044e3  msprf24_set_address_width                  
000044c3  msprf24_set_channel                        
00004465  msprf24_set_config                         
000042b7  msprf24_set_pipe_packetsize                
000043f5  msprf24_set_retransmit_count               
00004359  msprf24_set_retransmit_delay               
00004495  msprf24_set_speed_power                    
00004579  msprf24_standby                            
20000158  newTime                                    
00002d85  parrotdelay                                
000075f1  pulse_ce                                   
00003b69  r_reg                                      
00003e3d  r_rx_payload                               
00003e01  r_rx_peek_payload_size                     
20000215  rf_addr_width                              
20000216  rf_channel                                 
20000217  rf_crc                                     
20000218  rf_feature                                 
20000219  rf_irq                                     
2000021a  rf_speed_power                             
2000021b  rf_status                                  
00001703  rtc_isr                                    
00006651  scalbn                                     
00006651  scalbnl                                    
20000208  screen                                     
00008050  spiMasterConfig                            
000069e9  spi_init                                   
00006a15  spi_transfer                               
00006a37  spi_transfer16                             
00007199  sprintf                                    
0000692f  sscanf                                     
2000020c  status                                     
0000775d  strchr                                     
000077d9  strcpy                                     
000077ed  strlen                                     
00007745  strrchr                                    
0000589d  strtod                                     
0000630d  strtol                                     
0000589d  strtold                                    
00005ccd  strtoll                                    
00006441  strtoul                                    
00006069  strtoull                                   
000016c5  systick_isr                                
2000003c  temp                                       
20000070  tempString                                 
20000224  tick                                       
200001b4  time                                       
20000188  timeString                                 
200000f4  timeStringColor                            
00001a11  timer0_a0_isr                              
00003f4d  tx_reuse_lastpayload                       
0000806c  upConfig                                   
20000210  user                                       
0000691d  vsscanf                                    
00003f6f  w_ack_payload                              
00003bb3  w_reg                                      
00003c47  w_rx_addr                                  
00003bff  w_tx_addr                                  
00003cbd  w_tx_payload                               
00003d5b  w_tx_payload_noack                         
2000021c  z                                          


GLOBAL SYMBOLS: SORTED BY Symbol Address 

address   name                                       
-------   ----                                       
00000000  __TI_static_base__                         
00000000  interruptVectors                           
00000141  DelayWait10ms                              
00000153  main                                       
00000200  __STACK_SIZE                               
000016c5  systick_isr                                
00001703  rtc_isr                                    
00001769  DisplayInit                                
00001821  InitOneWire                                
00001871  RF_Init                                    
00001945  gpio_isr                                   
00001a11  timer0_a0_isr                              
000029f7  __TI_printfi                               
00002d85  parrotdelay                                
00002d93  Delay1ms                                   
00002f17  ST7735_InitB                               
00002f37  ST7735_InitR                               
00003049  ST7735_DrawPixel                           
000030a3  ST7735_FillScreen                          
000030d9  ST7735_FillRect                            
000031e9  ST7735_Color565                            
00003225  ST7735_SwapColor                           
0000326d  ST7735_DrawBitmap                          
00003475  ST7735_DrawCharS                           
000035e1  ST7735_DrawChar                            
00003759  ST7735_DrawString                          
000037dd  ST7735_DrawStringHorizontal                
00003853  ST7735_DrawStringVertical                  
000038bd  ST7735_SetCursor                           
000038e3  ST7735_SetRotation                         
000039ad  ST7735_InvertDisplay                       
000039c5  ST7735_OutChar                             
00003a91  ST7735_OutString                           
00003aaf  ST7735_SetTextColor                        
00003ac3  fputc                                      
00003ad5  fgetc                                      
00003ae1  ferror                                     
00003aef  Output_Init                                
00003aff  Output_Clear                               
00003b09  Output_Off                                 
00003b11  Output_On                                  
00003b19  Output_Color                               
00003b69  r_reg                                      
00003bb3  w_reg                                      
00003bff  w_tx_addr                                  
00003c47  w_rx_addr                                  
00003cbd  w_tx_payload                               
00003d5b  w_tx_payload_noack                         
00003e01  r_rx_peek_payload_size                     
00003e3d  r_rx_payload                               
00003f05  flush_tx                                   
00003f27  flush_rx                                   
00003f4d  tx_reuse_lastpayload                       
00003f6f  w_ack_payload                              
00004031  msprf24_init                               
00004115  msprf24_enable_feature                     
0000414f  msprf24_disable_feature                    
0000417f  msprf24_close_pipe                         
000041db  msprf24_close_pipe_all                     
00004201  msprf24_open_pipe                          
0000427b  msprf24_pipe_isopen                        
000042b7  msprf24_set_pipe_packetsize                
00004359  msprf24_set_retransmit_delay               
000043f5  msprf24_set_retransmit_count               
0000441f  msprf24_get_last_retransmits               
0000442d  msprf24_get_lostpackets                    
0000443b  msprf24_is_alive                           
00004465  msprf24_set_config                         
00004495  msprf24_set_speed_power                    
000044c3  msprf24_set_channel                        
000044e3  msprf24_set_address_width                  
00004509  msprf24_current_state                      
00004565  msprf24_powerdown                          
00004579  msprf24_standby                            
000045bb  msprf24_activate_rx                        
000045df  msprf24_activate_tx                        
000045f3  msprf24_queue_state                        
000045fd  msprf24_scan                               
0000467d  msprf24_rx_pending                         
000046b1  msprf24_get_irq_reason                     
000046f1  msprf24_irq_clear                          
00004bf9  __TI_scanfi                                
000050a7  __mpu_init                                 
000050a9  InitFunction                               
0000517b  SSR_Init                                   
000051a5  binaryToDecimal                            
000051e9  Debouncer                                  
00005249  EncoderDecipher                            
000053c9  calculateLighting                          
0000556d  Clock_Init                                 
000055b7  Clock_Init48MHz                            
000056a7  Clock_Init32kHz                            
00005799  Clock_InitLowPower                         
0000589d  strtod                                     
0000589d  strtold                                    
00005ad9  __aeabi_uldivmod                           
00005ccd  strtoll                                    
00005eb1  __aeabi_dsub                               
00005ebb  __aeabi_dadd                               
00006067  _system_post_cinit                         
00006069  strtoull                                   
000061d5  __aeabi_ddiv                               
0000630d  strtol                                     
00006441  strtoul                                    
00006555  __aeabi_dmul                               
00006651  ldexp                                      
00006651  ldexpl                                     
00006651  scalbn                                     
00006651  scalbnl                                    
0000674d  dht_get_temp                               
00006787  dht_get_rh                                 
000067b1  dht_start_read                             
0000683d  CS_initClockSignal                         
0000691d  vsscanf                                    
0000692f  sscanf                                     
000069e9  spi_init                                   
00006a15  spi_transfer                               
00006a37  spi_transfer16                             
00006b31  __aeabi_memcpy                             
00006b31  __aeabi_memcpy4                            
00006b31  __aeabi_memcpy8                            
00006b31  memcpy                                     
00006bcd  CS_startHFXTWithTimeout                    
00006c5d  CS_startLFXTWithTimeout                    
00006ced  CS_getDCOFrequency                         
00006d79  __aeabi_cdcmpeq                            
00006d79  __aeabi_cdcmple                            
00006dff  __aeabi_cdrcmple                           
00006e85  SPI_initMaster                             
00006f01  __aeabi_memclr                             
00006f01  __aeabi_memclr4                            
00006f01  __aeabi_memclr8                            
00006f03  __aeabi_memset                             
00006f03  __aeabi_memset4                            
00006f03  __aeabi_memset8                            
00006f09  memset                                     
00006fed  __TI_auto_init                             
0000705d  __aeabi_d2f                                
00007135  frexp                                      
00007135  frexpl                                     
00007199  sprintf                                    
000071f9  ltoa                                       
00007251  _c_int00                                   
000072a5  C$$EXIT                                    
000072a9  abort                                      
000072b1  exit                                       
000072f9  GPIO_setAsPeripheralModuleFunctionInputPin 
00007345  GPIO_setAsPeripheralModuleFunctionOutputPin
000073dd  atoi                                       
00007429  copy_in                                    
000074bd  __aeabi_d2iz                               
00007505  GPIO_getEnabledInterruptStatus             
00007535  GPIO_setAsInputPinWithPullUpResistor       
00007595  __aeabi_i2d                                
000075c5  GPIO_setAsInputPin                         
000075f1  pulse_ce                                   
00007619  CS_clearInterruptFlag                      
0000763d  GPIO_setAsOutputPin                        
00007661  GPIO_getInputPinValue                      
0000767d  memccpy                                    
00007699  SPI_enableModule                           
000076b5  CS_getMCLK                                 
000076cd  CS_getSMCLK                                
000076e5  GPIO_clearInterruptFlag                    
000076fd  GPIO_setOutputLowOnPin                     
00007715  _args_main                                 
0000772d  __aeabi_lmul                               
00007745  strrchr                                    
0000775d  strchr                                     
00007775  CS_setExternalClockSourceFrequency         
00007789  GPIO_enableInterrupt                       
0000779d  GPIO_toggleOutputOnPin                     
000077b1  _register_unlock                           
000077b7  _register_lock                             
000077bf  _nop                                       
000077c5  copysign                                   
000077c5  copysignl                                  
000077d9  strcpy                                     
000077ed  strlen                                     
00007801  GPIO_getInterruptStatus                    
00007811  Interrupt_enableMaster                     
00007821  SysCtl_disableNMISource                    
00007831  SysCtl_enableNMISource                     
00007841  _msprf24_crc_mask                          
00007851  __TI_decompress_none                       
0000785f  CPU_cpsie                                  
0000786b  EUSCI_A_SPI_enable                         
00007877  EUSCI_B_SPI_enable                         
00007885  SysCtl_getNMISourceStatus                  
0000789d  CS_startHFXT                               
000078a3  CS_startLFXT                               
000078a9  __TI_decompress_rle24                      
000078af  _msprf24_irq_mask                          
000078b3  _system_pre_init                           
00007db3  _ctypes_                                   
00008050  spiMasterConfig                            
0000806c  upConfig                                   
000080ec  __TI_Handler_Table_Base                    
000080f4  __TI_CINIT_Base                            
000080f4  __TI_Handler_Table_Limit                   
00008104  __TI_CINIT_Limit                           
20000000  months                                     
2000003c  temp                                       
20000070  tempString                                 
200000a4  dateStringColor                            
200000cc  lightIndexString                           
200000f4  timeStringColor                            
2000011c  data                                       
20000158  newTime                                    
20000174  dateString                                 
20000188  timeString                                 
2000019c  Light                                      
200001a8  date                                       
200001b4  time                                       
200001c0  addr                                       
200001c8  lightIndex                                 
200001d0  dht_data                                   
200001d9  dht_current_state                          
200001f2  Encoder1                                   
200001f6  Encoder2                                   
200001fa  PushButton                                 
200001fe  dht_data_bit                               
200001ff  dht_data_byte                              
20000208  screen                                     
2000020c  status                                     
20000210  user                                       
20000214  flag                                       
20000215  rf_addr_width                              
20000216  rf_channel                                 
20000217  rf_crc                                     
20000218  rf_feature                                 
20000219  rf_irq                                     
2000021a  rf_speed_power                             
2000021b  rf_status                                  
2000021c  z                                          
20000220  Top                                        
20000224  tick                                       
20000228  Setup                                      
2000022c  movement                                   
20000230  err                                        
20000234  Prewait                                    
20000238  CPMwait                                    
2000023c  Postwait                                   
20000240  IFlags                                     
20000244  Crystalstable                              
20000248  StX                                        
2000024c  StY                                        
20000250  StTextColor                                
20000252  TextColor                                  
20000254  BgColor                                    
20000256  TextSize                                   
2000025c  __TI_cleanup_ptr                           
20000260  __TI_dtors_ptr                             
20000264  __TI_enable_exit_profile_output            
20000274  _lock                                      
20000278  _unlock                                    
2000027c  errno                                      
20000280  main_func_sp                               
2000fe00  __stack                                    
20010000  __STACK_END                                
4000480c  WDTCTL_SYM                                 
ffffffff  __TI_pprof_out_hndl                        
ffffffff  __TI_prof_data_size                        
ffffffff  __TI_prof_data_start                       
ffffffff  __binit__                                  
ffffffff  __c_args__                                 
ffffffff  binit                                      
UNDEFED   SHT$$INIT_ARRAY$$Base                      
UNDEFED   SHT$$INIT_ARRAY$$Limit                     

[269 symbols]
