<?xml version="1.0"?>
<link_info>
   <banner>TI ARM Linker PC v15.12.0.LTS</banner>
   <copyright>Copyright (c) 1996-2015 Texas Instruments Incorporated</copyright>
   <link_time>0x56ef88f4</link_time>
   <link_errors>0x0</link_errors>
   <output_file>Project 1 Base Software.out</output_file>
   <entry_point>
      <name>_c_int00</name>
      <address>0x7251</address>
   </entry_point>
   <input_file_list>
      <input_file id="fl-2">
         <path>.\</path>
         <kind>object</kind>
         <file>ClockSystem.obj</file>
         <name>ClockSystem.obj</name>
      </input_file>
      <input_file id="fl-3">
         <path>.\</path>
         <kind>object</kind>
         <file>ST7735.obj</file>
         <name>ST7735.obj</name>
      </input_file>
      <input_file id="fl-4">
         <path>.\</path>
         <kind>object</kind>
         <file>dht22.obj</file>
         <name>dht22.obj</name>
      </input_file>
      <input_file id="fl-5">
         <path>.\</path>
         <kind>object</kind>
         <file>main.obj</file>
         <name>main.obj</name>
      </input_file>
      <input_file id="fl-6">
         <path>.\</path>
         <kind>object</kind>
         <file>msp430_spi.obj</file>
         <name>msp430_spi.obj</name>
      </input_file>
      <input_file id="fl-7">
         <path>.\</path>
         <kind>object</kind>
         <file>msp432_startup_ccs.obj</file>
         <name>msp432_startup_ccs.obj</name>
      </input_file>
      <input_file id="fl-8">
         <path>.\</path>
         <kind>object</kind>
         <file>msprf24.obj</file>
         <name>msprf24.obj</name>
      </input_file>
      <input_file id="fl-9">
         <path>.\</path>
         <kind>object</kind>
         <file>support.obj</file>
         <name>support.obj</name>
      </input_file>
      <input_file id="fl-f">
         <path>..\</path>
         <kind>archive</kind>
         <file>msp432p4xx_driverlib.lib</file>
         <name>cs.o</name>
      </input_file>
      <input_file id="fl-10">
         <path>..\</path>
         <kind>archive</kind>
         <file>msp432p4xx_driverlib.lib</file>
         <name>gpio.o</name>
      </input_file>
      <input_file id="fl-11">
         <path>..\</path>
         <kind>archive</kind>
         <file>msp432p4xx_driverlib.lib</file>
         <name>interrupt.o</name>
      </input_file>
      <input_file id="fl-12">
         <path>..\</path>
         <kind>archive</kind>
         <file>msp432p4xx_driverlib.lib</file>
         <name>spi.o</name>
      </input_file>
      <input_file id="fl-13">
         <path>..\</path>
         <kind>archive</kind>
         <file>msp432p4xx_driverlib.lib</file>
         <name>sysctl.o</name>
      </input_file>
      <input_file id="fl-14">
         <path>..\</path>
         <kind>archive</kind>
         <file>msp432p4xx_driverlib.lib</file>
         <name>cpu.o</name>
      </input_file>
      <input_file id="fl-ca">
         <path>C:\ti\ccsv6\tools\compiler\ti-cgt-arm_15.12.0.LTS\lib\</path>
         <kind>archive</kind>
         <file>rtsv7M4_T_le_v4SPD16_eabi.lib</file>
         <name>boot.obj</name>
      </input_file>
      <input_file id="fl-cb">
         <path>C:\ti\ccsv6\tools\compiler\ti-cgt-arm_15.12.0.LTS\lib\</path>
         <kind>archive</kind>
         <file>rtsv7M4_T_le_v4SPD16_eabi.lib</file>
         <name>copy_decompress_none.obj</name>
      </input_file>
      <input_file id="fl-cc">
         <path>C:\ti\ccsv6\tools\compiler\ti-cgt-arm_15.12.0.LTS\lib\</path>
         <kind>archive</kind>
         <file>rtsv7M4_T_le_v4SPD16_eabi.lib</file>
         <name>copy_decompress_rle.obj</name>
      </input_file>
      <input_file id="fl-cd">
         <path>C:\ti\ccsv6\tools\compiler\ti-cgt-arm_15.12.0.LTS\lib\</path>
         <kind>archive</kind>
         <file>rtsv7M4_T_le_v4SPD16_eabi.lib</file>
         <name>copy_zero_init.obj</name>
      </input_file>
      <input_file id="fl-ce">
         <path>C:\ti\ccsv6\tools\compiler\ti-cgt-arm_15.12.0.LTS\lib\</path>
         <kind>archive</kind>
         <file>rtsv7M4_T_le_v4SPD16_eabi.lib</file>
         <name>exit.obj</name>
      </input_file>
      <input_file id="fl-cf">
         <path>C:\ti\ccsv6\tools\compiler\ti-cgt-arm_15.12.0.LTS\lib\</path>
         <kind>archive</kind>
         <file>rtsv7M4_T_le_v4SPD16_eabi.lib</file>
         <name>memcpy_t2.obj</name>
      </input_file>
      <input_file id="fl-d0">
         <path>C:\ti\ccsv6\tools\compiler\ti-cgt-arm_15.12.0.LTS\lib\</path>
         <kind>archive</kind>
         <file>rtsv7M4_T_le_v4SPD16_eabi.lib</file>
         <name>memset_t2.obj</name>
      </input_file>
      <input_file id="fl-d1">
         <path>C:\ti\ccsv6\tools\compiler\ti-cgt-arm_15.12.0.LTS\lib\</path>
         <kind>archive</kind>
         <file>rtsv7M4_T_le_v4SPD16_eabi.lib</file>
         <name>mpu_init.obj</name>
      </input_file>
      <input_file id="fl-d2">
         <path>C:\ti\ccsv6\tools\compiler\ti-cgt-arm_15.12.0.LTS\lib\</path>
         <kind>archive</kind>
         <file>rtsv7M4_T_le_v4SPD16_eabi.lib</file>
         <name>pre_init.obj</name>
      </input_file>
      <input_file id="fl-d3">
         <path>C:\ti\ccsv6\tools\compiler\ti-cgt-arm_15.12.0.LTS\lib\</path>
         <kind>archive</kind>
         <file>rtsv7M4_T_le_v4SPD16_eabi.lib</file>
         <name>sprintf.obj</name>
      </input_file>
      <input_file id="fl-d4">
         <path>C:\ti\ccsv6\tools\compiler\ti-cgt-arm_15.12.0.LTS\lib\</path>
         <kind>archive</kind>
         <file>rtsv7M4_T_le_v4SPD16_eabi.lib</file>
         <name>sscanf.obj</name>
      </input_file>
      <input_file id="fl-d5">
         <path>C:\ti\ccsv6\tools\compiler\ti-cgt-arm_15.12.0.LTS\lib\</path>
         <kind>archive</kind>
         <file>rtsv7M4_T_le_v4SPD16_eabi.lib</file>
         <name>stkdepth_vars.obj</name>
      </input_file>
      <input_file id="fl-d6">
         <path>C:\ti\ccsv6\tools\compiler\ti-cgt-arm_15.12.0.LTS\lib\</path>
         <kind>archive</kind>
         <file>rtsv7M4_T_le_v4SPD16_eabi.lib</file>
         <name>strcpy.obj</name>
      </input_file>
      <input_file id="fl-d7">
         <path>C:\ti\ccsv6\tools\compiler\ti-cgt-arm_15.12.0.LTS\lib\</path>
         <kind>archive</kind>
         <file>rtsv7M4_T_le_v4SPD16_eabi.lib</file>
         <name>strlen.obj</name>
      </input_file>
      <input_file id="fl-d8">
         <path>C:\ti\ccsv6\tools\compiler\ti-cgt-arm_15.12.0.LTS\lib\</path>
         <kind>archive</kind>
         <file>rtsv7M4_T_le_v4SPD16_eabi.lib</file>
         <name>_lock.obj</name>
      </input_file>
      <input_file id="fl-d9">
         <path>C:\ti\ccsv6\tools\compiler\ti-cgt-arm_15.12.0.LTS\lib\</path>
         <kind>archive</kind>
         <file>rtsv7M4_T_le_v4SPD16_eabi.lib</file>
         <name>_printfi.obj</name>
      </input_file>
      <input_file id="fl-da">
         <path>C:\ti\ccsv6\tools\compiler\ti-cgt-arm_15.12.0.LTS\lib\</path>
         <kind>archive</kind>
         <file>rtsv7M4_T_le_v4SPD16_eabi.lib</file>
         <name>_scanfi.obj</name>
      </input_file>
      <input_file id="fl-db">
         <path>C:\ti\ccsv6\tools\compiler\ti-cgt-arm_15.12.0.LTS\lib\</path>
         <kind>archive</kind>
         <file>rtsv7M4_T_le_v4SPD16_eabi.lib</file>
         <name>args_main.obj</name>
      </input_file>
      <input_file id="fl-dc">
         <path>C:\ti\ccsv6\tools\compiler\ti-cgt-arm_15.12.0.LTS\lib\</path>
         <kind>archive</kind>
         <file>rtsv7M4_T_le_v4SPD16_eabi.lib</file>
         <name>atoi.obj</name>
      </input_file>
      <input_file id="fl-dd">
         <path>C:\ti\ccsv6\tools\compiler\ti-cgt-arm_15.12.0.LTS\lib\</path>
         <kind>archive</kind>
         <file>rtsv7M4_T_le_v4SPD16_eabi.lib</file>
         <name>autoinit.obj</name>
      </input_file>
      <input_file id="fl-de">
         <path>C:\ti\ccsv6\tools\compiler\ti-cgt-arm_15.12.0.LTS\lib\</path>
         <kind>archive</kind>
         <file>rtsv7M4_T_le_v4SPD16_eabi.lib</file>
         <name>cpy_tbl.obj</name>
      </input_file>
      <input_file id="fl-df">
         <path>C:\ti\ccsv6\tools\compiler\ti-cgt-arm_15.12.0.LTS\lib\</path>
         <kind>archive</kind>
         <file>rtsv7M4_T_le_v4SPD16_eabi.lib</file>
         <name>ctype.obj</name>
      </input_file>
      <input_file id="fl-e0">
         <path>C:\ti\ccsv6\tools\compiler\ti-cgt-arm_15.12.0.LTS\lib\</path>
         <kind>archive</kind>
         <file>rtsv7M4_T_le_v4SPD16_eabi.lib</file>
         <name>fd_add_t2.obj</name>
      </input_file>
      <input_file id="fl-e1">
         <path>C:\ti\ccsv6\tools\compiler\ti-cgt-arm_15.12.0.LTS\lib\</path>
         <kind>archive</kind>
         <file>rtsv7M4_T_le_v4SPD16_eabi.lib</file>
         <name>fd_cmp_t2.obj</name>
      </input_file>
      <input_file id="fl-e2">
         <path>C:\ti\ccsv6\tools\compiler\ti-cgt-arm_15.12.0.LTS\lib\</path>
         <kind>archive</kind>
         <file>rtsv7M4_T_le_v4SPD16_eabi.lib</file>
         <name>fd_div_t2.obj</name>
      </input_file>
      <input_file id="fl-e3">
         <path>C:\ti\ccsv6\tools\compiler\ti-cgt-arm_15.12.0.LTS\lib\</path>
         <kind>archive</kind>
         <file>rtsv7M4_T_le_v4SPD16_eabi.lib</file>
         <name>fd_mul_t2.obj</name>
      </input_file>
      <input_file id="fl-e4">
         <path>C:\ti\ccsv6\tools\compiler\ti-cgt-arm_15.12.0.LTS\lib\</path>
         <kind>archive</kind>
         <file>rtsv7M4_T_le_v4SPD16_eabi.lib</file>
         <name>fd_toi_t2.obj</name>
      </input_file>
      <input_file id="fl-e5">
         <path>C:\ti\ccsv6\tools\compiler\ti-cgt-arm_15.12.0.LTS\lib\</path>
         <kind>archive</kind>
         <file>rtsv7M4_T_le_v4SPD16_eabi.lib</file>
         <name>fd_tos_t2.obj</name>
      </input_file>
      <input_file id="fl-e6">
         <path>C:\ti\ccsv6\tools\compiler\ti-cgt-arm_15.12.0.LTS\lib\</path>
         <kind>archive</kind>
         <file>rtsv7M4_T_le_v4SPD16_eabi.lib</file>
         <name>i_tofd_t2.obj</name>
      </input_file>
      <input_file id="fl-e7">
         <path>C:\ti\ccsv6\tools\compiler\ti-cgt-arm_15.12.0.LTS\lib\</path>
         <kind>archive</kind>
         <file>rtsv7M4_T_le_v4SPD16_eabi.lib</file>
         <name>ltoa.obj</name>
      </input_file>
      <input_file id="fl-e8">
         <path>C:\ti\ccsv6\tools\compiler\ti-cgt-arm_15.12.0.LTS\lib\</path>
         <kind>archive</kind>
         <file>rtsv7M4_T_le_v4SPD16_eabi.lib</file>
         <name>memccpy.obj</name>
      </input_file>
      <input_file id="fl-e9">
         <path>C:\ti\ccsv6\tools\compiler\ti-cgt-arm_15.12.0.LTS\lib\</path>
         <kind>archive</kind>
         <file>rtsv7M4_T_le_v4SPD16_eabi.lib</file>
         <name>s_frexp.obj</name>
      </input_file>
      <input_file id="fl-ea">
         <path>C:\ti\ccsv6\tools\compiler\ti-cgt-arm_15.12.0.LTS\lib\</path>
         <kind>archive</kind>
         <file>rtsv7M4_T_le_v4SPD16_eabi.lib</file>
         <name>s_scalbn.obj</name>
      </input_file>
      <input_file id="fl-eb">
         <path>C:\ti\ccsv6\tools\compiler\ti-cgt-arm_15.12.0.LTS\lib\</path>
         <kind>archive</kind>
         <file>rtsv7M4_T_le_v4SPD16_eabi.lib</file>
         <name>startup.obj</name>
      </input_file>
      <input_file id="fl-ec">
         <path>C:\ti\ccsv6\tools\compiler\ti-cgt-arm_15.12.0.LTS\lib\</path>
         <kind>archive</kind>
         <file>rtsv7M4_T_le_v4SPD16_eabi.lib</file>
         <name>strchr.obj</name>
      </input_file>
      <input_file id="fl-ed">
         <path>C:\ti\ccsv6\tools\compiler\ti-cgt-arm_15.12.0.LTS\lib\</path>
         <kind>archive</kind>
         <file>rtsv7M4_T_le_v4SPD16_eabi.lib</file>
         <name>strrchr.obj</name>
      </input_file>
      <input_file id="fl-ee">
         <path>C:\ti\ccsv6\tools\compiler\ti-cgt-arm_15.12.0.LTS\lib\</path>
         <kind>archive</kind>
         <file>rtsv7M4_T_le_v4SPD16_eabi.lib</file>
         <name>strtod.obj</name>
      </input_file>
      <input_file id="fl-ef">
         <path>C:\ti\ccsv6\tools\compiler\ti-cgt-arm_15.12.0.LTS\lib\</path>
         <kind>archive</kind>
         <file>rtsv7M4_T_le_v4SPD16_eabi.lib</file>
         <name>strtol.obj</name>
      </input_file>
      <input_file id="fl-f0">
         <path>C:\ti\ccsv6\tools\compiler\ti-cgt-arm_15.12.0.LTS\lib\</path>
         <kind>archive</kind>
         <file>rtsv7M4_T_le_v4SPD16_eabi.lib</file>
         <name>strtoll.obj</name>
      </input_file>
      <input_file id="fl-f1">
         <path>C:\ti\ccsv6\tools\compiler\ti-cgt-arm_15.12.0.LTS\lib\</path>
         <kind>archive</kind>
         <file>rtsv7M4_T_le_v4SPD16_eabi.lib</file>
         <name>strtoul.obj</name>
      </input_file>
      <input_file id="fl-f2">
         <path>C:\ti\ccsv6\tools\compiler\ti-cgt-arm_15.12.0.LTS\lib\</path>
         <kind>archive</kind>
         <file>rtsv7M4_T_le_v4SPD16_eabi.lib</file>
         <name>strtoull.obj</name>
      </input_file>
      <input_file id="fl-f3">
         <path>C:\ti\ccsv6\tools\compiler\ti-cgt-arm_15.12.0.LTS\lib\</path>
         <kind>archive</kind>
         <file>rtsv7M4_T_le_v4SPD16_eabi.lib</file>
         <name>ull_div_t2.obj</name>
      </input_file>
      <input_file id="fl-f4">
         <path>C:\ti\ccsv6\tools\compiler\ti-cgt-arm_15.12.0.LTS\lib\</path>
         <kind>archive</kind>
         <file>rtsv7M4_T_le_v4SPD16_eabi.lib</file>
         <name>errno.obj</name>
      </input_file>
      <input_file id="fl-f5">
         <path>C:\ti\ccsv6\tools\compiler\ti-cgt-arm_15.12.0.LTS\lib\</path>
         <kind>archive</kind>
         <file>rtsv7M4_T_le_v4SPD16_eabi.lib</file>
         <name>ll_mul_t2.obj</name>
      </input_file>
      <input_file id="fl-f6">
         <path>C:\ti\ccsv6\tools\compiler\ti-cgt-arm_15.12.0.LTS\lib\</path>
         <kind>archive</kind>
         <file>rtsv7M4_T_le_v4SPD16_eabi.lib</file>
         <name>s_copysign.obj</name>
      </input_file>
   </input_file_list>
   <object_component_list>
      <object_component id="oc-28">
         <name>.intvecs:retain</name>
         <load_address>0x0</load_address>
         <run_address>0x0</run_address>
         <size>0x140</size>
         <input_file_ref idref="fl-7"/>
      </object_component>
      <object_component id="oc-79">
         <name>.text</name>
         <load_address>0x140</load_address>
         <run_address>0x140</run_address>
         <size>0x1aac</size>
         <input_file_ref idref="fl-5"/>
      </object_component>
      <object_component id="oc-22f">
         <name>.text</name>
         <load_address>0x1bec</load_address>
         <run_address>0x1bec</run_address>
         <size>0x1110</size>
         <input_file_ref idref="fl-d9"/>
      </object_component>
      <object_component id="oc-b8">
         <name>.text</name>
         <load_address>0x2cfc</load_address>
         <run_address>0x2cfc</run_address>
         <size>0xe6c</size>
         <input_file_ref idref="fl-3"/>
      </object_component>
      <object_component id="oc-dc">
         <name>.text</name>
         <load_address>0x3b68</load_address>
         <run_address>0x3b68</run_address>
         <size>0xc14</size>
         <input_file_ref idref="fl-8"/>
      </object_component>
      <object_component id="oc-21e">
         <name>.text</name>
         <load_address>0x477c</load_address>
         <run_address>0x477c</run_address>
         <size>0x92a</size>
         <input_file_ref idref="fl-da"/>
      </object_component>
      <object_component id="oc-51">
         <name>.text</name>
         <load_address>0x50a6</load_address>
         <run_address>0x50a6</run_address>
         <size>0x2</size>
         <input_file_ref idref="fl-d1"/>
      </object_component>
      <object_component id="oc-d6">
         <name>.text</name>
         <load_address>0x50a8</load_address>
         <run_address>0x50a8</run_address>
         <size>0x4c4</size>
         <input_file_ref idref="fl-9"/>
      </object_component>
      <object_component id="oc-134">
         <name>.text</name>
         <load_address>0x556c</load_address>
         <run_address>0x556c</run_address>
         <size>0x330</size>
         <input_file_ref idref="fl-2"/>
      </object_component>
      <object_component id="oc-300">
         <name>.text</name>
         <load_address>0x589c</load_address>
         <run_address>0x589c</run_address>
         <size>0x23c</size>
         <input_file_ref idref="fl-ee"/>
      </object_component>
      <object_component id="oc-331">
         <name>.text</name>
         <load_address>0x5ad8</load_address>
         <run_address>0x5ad8</run_address>
         <size>0x1f4</size>
         <input_file_ref idref="fl-f3"/>
      </object_component>
      <object_component id="oc-311">
         <name>.text</name>
         <load_address>0x5ccc</load_address>
         <run_address>0x5ccc</run_address>
         <size>0x1e4</size>
         <input_file_ref idref="fl-f0"/>
      </object_component>
      <object_component id="oc-35a">
         <name>.text</name>
         <load_address>0x5eb0</load_address>
         <run_address>0x5eb0</run_address>
         <size>0x1b6</size>
         <input_file_ref idref="fl-e0"/>
      </object_component>
      <object_component id="oc-a2">
         <name>.text</name>
         <load_address>0x6066</load_address>
         <run_address>0x6066</run_address>
         <size>0x2</size>
         <input_file_ref idref="fl-eb"/>
      </object_component>
      <object_component id="oc-2fa">
         <name>.text</name>
         <load_address>0x6068</load_address>
         <run_address>0x6068</run_address>
         <size>0x16c</size>
         <input_file_ref idref="fl-f2"/>
      </object_component>
      <object_component id="oc-340">
         <name>.text</name>
         <load_address>0x61d4</load_address>
         <run_address>0x61d4</run_address>
         <size>0x136</size>
         <input_file_ref idref="fl-e2"/>
      </object_component>
      <object_component id="oc-30b">
         <name>.text</name>
         <load_address>0x630c</load_address>
         <run_address>0x630c</run_address>
         <size>0x134</size>
         <input_file_ref idref="fl-ef"/>
      </object_component>
      <object_component id="oc-2f4">
         <name>.text</name>
         <load_address>0x6440</load_address>
         <run_address>0x6440</run_address>
         <size>0x114</size>
         <input_file_ref idref="fl-f1"/>
      </object_component>
      <object_component id="oc-33b">
         <name>.text</name>
         <load_address>0x6554</load_address>
         <run_address>0x6554</run_address>
         <size>0xfc</size>
         <input_file_ref idref="fl-e3"/>
      </object_component>
      <object_component id="oc-365">
         <name>.text</name>
         <load_address>0x6650</load_address>
         <run_address>0x6650</run_address>
         <size>0xfc</size>
         <input_file_ref idref="fl-ea"/>
      </object_component>
      <object_component id="oc-e8">
         <name>.text</name>
         <load_address>0x674c</load_address>
         <run_address>0x674c</run_address>
         <size>0xf0</size>
         <input_file_ref idref="fl-4"/>
      </object_component>
      <object_component id="oc-ca">
         <name>.text:CS_initClockSignal</name>
         <load_address>0x683c</load_address>
         <run_address>0x683c</run_address>
         <size>0xe0</size>
         <input_file_ref idref="fl-f"/>
      </object_component>
      <object_component id="oc-e2">
         <name>.text</name>
         <load_address>0x691c</load_address>
         <run_address>0x691c</run_address>
         <size>0xcc</size>
         <input_file_ref idref="fl-d4"/>
      </object_component>
      <object_component id="oc-1fa">
         <name>.text</name>
         <load_address>0x69e8</load_address>
         <run_address>0x69e8</run_address>
         <size>0xac</size>
         <input_file_ref idref="fl-6"/>
      </object_component>
      <object_component id="oc-26d">
         <name>.text:_CSComputeCLKFrequency</name>
         <load_address>0x6a94</load_address>
         <run_address>0x6a94</run_address>
         <size>0x9c</size>
         <input_file_ref idref="fl-f"/>
      </object_component>
      <object_component id="oc-2c">
         <name>.text</name>
         <load_address>0x6b30</load_address>
         <run_address>0x6b30</run_address>
         <size>0x9c</size>
         <input_file_ref idref="fl-cf"/>
      </object_component>
      <object_component id="oc-1d3">
         <name>.text:CS_startHFXTWithTimeout</name>
         <load_address>0x6bcc</load_address>
         <run_address>0x6bcc</run_address>
         <size>0x90</size>
         <input_file_ref idref="fl-f"/>
      </object_component>
      <object_component id="oc-2c8">
         <name>.text:CS_startLFXTWithTimeout</name>
         <load_address>0x6c5c</load_address>
         <run_address>0x6c5c</run_address>
         <size>0x90</size>
         <input_file_ref idref="fl-f"/>
      </object_component>
      <object_component id="oc-391">
         <name>.text:CS_getDCOFrequency</name>
         <load_address>0x6cec</load_address>
         <run_address>0x6cec</run_address>
         <size>0x8c</size>
         <input_file_ref idref="fl-f"/>
      </object_component>
      <object_component id="oc-336">
         <name>.text:__aeabi_cdcmple</name>
         <load_address>0x6d78</load_address>
         <run_address>0x6d78</run_address>
         <size>0x86</size>
         <input_file_ref idref="fl-e1"/>
      </object_component>
      <object_component id="oc-345">
         <name>.text:__aeabi_cdrcmple</name>
         <load_address>0x6dfe</load_address>
         <run_address>0x6dfe</run_address>
         <size>0x86</size>
         <input_file_ref idref="fl-e1"/>
      </object_component>
      <object_component id="oc-2d6">
         <name>.text:SPI_initMaster</name>
         <load_address>0x6e84</load_address>
         <run_address>0x6e84</run_address>
         <size>0x7c</size>
         <input_file_ref idref="fl-12"/>
      </object_component>
      <object_component id="oc-45">
         <name>.text</name>
         <load_address>0x6f00</load_address>
         <run_address>0x6f00</run_address>
         <size>0x7a</size>
         <input_file_ref idref="fl-d0"/>
      </object_component>
      <object_component id="oc-2b6">
         <name>.text:_CSGetHFXTFrequency</name>
         <load_address>0x6f7c</load_address>
         <run_address>0x6f7c</run_address>
         <size>0x70</size>
         <input_file_ref idref="fl-f"/>
      </object_component>
      <object_component id="oc-5d">
         <name>.text</name>
         <load_address>0x6fec</load_address>
         <run_address>0x6fec</run_address>
         <size>0x70</size>
         <input_file_ref idref="fl-dd"/>
      </object_component>
      <object_component id="oc-306">
         <name>.text</name>
         <load_address>0x705c</load_address>
         <run_address>0x705c</run_address>
         <size>0x6e</size>
         <input_file_ref idref="fl-e5"/>
      </object_component>
      <object_component id="oc-38">
         <name>.text</name>
         <load_address>0x70ca</load_address>
         <run_address>0x70ca</run_address>
         <size>0x6a</size>
         <input_file_ref idref="fl-cc"/>
      </object_component>
      <object_component id="oc-35f">
         <name>.text</name>
         <load_address>0x7134</load_address>
         <run_address>0x7134</run_address>
         <size>0x64</size>
         <input_file_ref idref="fl-e9"/>
      </object_component>
      <object_component id="oc-ee">
         <name>.text</name>
         <load_address>0x7198</load_address>
         <run_address>0x7198</run_address>
         <size>0x60</size>
         <input_file_ref idref="fl-d3"/>
      </object_component>
      <object_component id="oc-34f">
         <name>.text</name>
         <load_address>0x71f8</load_address>
         <run_address>0x71f8</run_address>
         <size>0x56</size>
         <input_file_ref idref="fl-e7"/>
      </object_component>
      <object_component id="oc-22">
         <name>.text</name>
         <load_address>0x7250</load_address>
         <run_address>0x7250</run_address>
         <size>0x54</size>
         <input_file_ref idref="fl-ca"/>
      </object_component>
      <object_component id="oc-69">
         <name>.text</name>
         <load_address>0x72a4</load_address>
         <run_address>0x72a4</run_address>
         <size>0x54</size>
         <input_file_ref idref="fl-ce"/>
      </object_component>
      <object_component id="oc-2d0">
         <name>.text:GPIO_setAsPeripheralModuleFunctionInputPin</name>
         <load_address>0x72f8</load_address>
         <run_address>0x72f8</run_address>
         <size>0x4c</size>
         <input_file_ref idref="fl-10"/>
      </object_component>
      <object_component id="oc-d0">
         <name>.text:GPIO_setAsPeripheralModuleFunctionOutputPin</name>
         <load_address>0x7344</load_address>
         <run_address>0x7344</run_address>
         <size>0x4c</size>
         <input_file_ref idref="fl-10"/>
      </object_component>
      <object_component id="oc-40b">
         <name>.text:_CSGetDOCFrequency</name>
         <load_address>0x7390</load_address>
         <run_address>0x7390</run_address>
         <size>0x4c</size>
         <input_file_ref idref="fl-f"/>
      </object_component>
      <object_component id="oc-31e">
         <name>.text</name>
         <load_address>0x73dc</load_address>
         <run_address>0x73dc</run_address>
         <size>0x4c</size>
         <input_file_ref idref="fl-dc"/>
      </object_component>
      <object_component id="oc-9c">
         <name>.text</name>
         <load_address>0x7428</load_address>
         <run_address>0x7428</run_address>
         <size>0x4c</size>
         <input_file_ref idref="fl-de"/>
      </object_component>
      <object_component id="oc-38b">
         <name>.text:_CSGetDividerValue</name>
         <load_address>0x7474</load_address>
         <run_address>0x7474</run_address>
         <size>0x48</size>
         <input_file_ref idref="fl-f"/>
      </object_component>
      <object_component id="oc-34a">
         <name>.text</name>
         <load_address>0x74bc</load_address>
         <run_address>0x74bc</run_address>
         <size>0x48</size>
         <input_file_ref idref="fl-e4"/>
      </object_component>
      <object_component id="oc-167">
         <name>.text:GPIO_getEnabledInterruptStatus</name>
         <load_address>0x7504</load_address>
         <run_address>0x7504</run_address>
         <size>0x30</size>
         <input_file_ref idref="fl-10"/>
      </object_component>
      <object_component id="oc-1e0">
         <name>.text:GPIO_setAsInputPinWithPullUpResistor</name>
         <load_address>0x7534</load_address>
         <run_address>0x7534</run_address>
         <size>0x30</size>
         <input_file_ref idref="fl-10"/>
      </object_component>
      <object_component id="oc-3a6">
         <name>.text:is_A_Module</name>
         <load_address>0x7564</load_address>
         <run_address>0x7564</run_address>
         <size>0x30</size>
         <input_file_ref idref="fl-12"/>
      </object_component>
      <object_component id="oc-355">
         <name>.text</name>
         <load_address>0x7594</load_address>
         <run_address>0x7594</run_address>
         <size>0x2e</size>
         <input_file_ref idref="fl-e6"/>
      </object_component>
      <object_component id="oc-152">
         <name>.text:GPIO_setAsInputPin</name>
         <load_address>0x75c4</load_address>
         <run_address>0x75c4</run_address>
         <size>0x2c</size>
         <input_file_ref idref="fl-10"/>
      </object_component>
      <object_component id="oc-216">
         <name>.text:pulse_ce</name>
         <load_address>0x75f0</load_address>
         <run_address>0x75f0</run_address>
         <size>0x28</size>
         <input_file_ref idref="fl-8"/>
      </object_component>
      <object_component id="oc-397">
         <name>.text:CS_clearInterruptFlag</name>
         <load_address>0x7618</load_address>
         <run_address>0x7618</run_address>
         <size>0x24</size>
         <input_file_ref idref="fl-f"/>
      </object_component>
      <object_component id="oc-146">
         <name>.text:GPIO_setAsOutputPin</name>
         <load_address>0x763c</load_address>
         <run_address>0x763c</run_address>
         <size>0x24</size>
         <input_file_ref idref="fl-10"/>
      </object_component>
      <object_component id="oc-1ec">
         <name>.text:GPIO_getInputPinValue</name>
         <load_address>0x7660</load_address>
         <run_address>0x7660</run_address>
         <size>0x1c</size>
         <input_file_ref idref="fl-10"/>
      </object_component>
      <object_component id="oc-36b">
         <name>.text</name>
         <load_address>0x767c</load_address>
         <run_address>0x767c</run_address>
         <size>0x1c</size>
         <input_file_ref idref="fl-e8"/>
      </object_component>
      <object_component id="oc-2dc">
         <name>.text:SPI_enableModule</name>
         <load_address>0x7698</load_address>
         <run_address>0x7698</run_address>
         <size>0x1a</size>
         <input_file_ref idref="fl-12"/>
      </object_component>
      <object_component id="oc-13a">
         <name>.text:CS_getMCLK</name>
         <load_address>0x76b4</load_address>
         <run_address>0x76b4</run_address>
         <size>0x18</size>
         <input_file_ref idref="fl-f"/>
      </object_component>
      <object_component id="oc-140">
         <name>.text:CS_getSMCLK</name>
         <load_address>0x76cc</load_address>
         <run_address>0x76cc</run_address>
         <size>0x18</size>
         <input_file_ref idref="fl-f"/>
      </object_component>
      <object_component id="oc-158">
         <name>.text:GPIO_clearInterruptFlag</name>
         <load_address>0x76e4</load_address>
         <run_address>0x76e4</run_address>
         <size>0x18</size>
         <input_file_ref idref="fl-10"/>
      </object_component>
      <object_component id="oc-14c">
         <name>.text:GPIO_setOutputLowOnPin</name>
         <load_address>0x76fc</load_address>
         <run_address>0x76fc</run_address>
         <size>0x18</size>
         <input_file_ref idref="fl-10"/>
      </object_component>
      <object_component id="oc-63">
         <name>.text</name>
         <load_address>0x7714</load_address>
         <run_address>0x7714</run_address>
         <size>0x18</size>
         <input_file_ref idref="fl-db"/>
      </object_component>
      <object_component id="oc-3cc">
         <name>.text</name>
         <load_address>0x772c</load_address>
         <run_address>0x772c</run_address>
         <size>0x18</size>
         <input_file_ref idref="fl-f5"/>
      </object_component>
      <object_component id="oc-318">
         <name>.text</name>
         <load_address>0x7744</load_address>
         <run_address>0x7744</run_address>
         <size>0x18</size>
         <input_file_ref idref="fl-ed"/>
      </object_component>
      <object_component id="oc-2ee">
         <name>.text</name>
         <load_address>0x775c</load_address>
         <run_address>0x775c</run_address>
         <size>0x16</size>
         <input_file_ref idref="fl-ec"/>
      </object_component>
      <object_component id="oc-be">
         <name>.text:CS_setExternalClockSourceFrequency</name>
         <load_address>0x7774</load_address>
         <run_address>0x7774</run_address>
         <size>0x14</size>
         <input_file_ref idref="fl-f"/>
      </object_component>
      <object_component id="oc-15e">
         <name>.text:GPIO_enableInterrupt</name>
         <load_address>0x7788</load_address>
         <run_address>0x7788</run_address>
         <size>0x14</size>
         <input_file_ref idref="fl-10"/>
      </object_component>
      <object_component id="oc-128">
         <name>.text:GPIO_toggleOutputOnPin</name>
         <load_address>0x779c</load_address>
         <run_address>0x779c</run_address>
         <size>0x14</size>
         <input_file_ref idref="fl-10"/>
      </object_component>
      <object_component id="oc-1a2">
         <name>.text</name>
         <load_address>0x77b0</load_address>
         <run_address>0x77b0</run_address>
         <size>0x14</size>
         <input_file_ref idref="fl-d8"/>
      </object_component>
      <object_component id="oc-3f7">
         <name>.text</name>
         <load_address>0x77c4</load_address>
         <run_address>0x77c4</run_address>
         <size>0x14</size>
         <input_file_ref idref="fl-f6"/>
      </object_component>
      <object_component id="oc-12e">
         <name>.text</name>
         <load_address>0x77d8</load_address>
         <run_address>0x77d8</run_address>
         <size>0x14</size>
         <input_file_ref idref="fl-d6"/>
      </object_component>
      <object_component id="oc-f4">
         <name>.text</name>
         <load_address>0x77ec</load_address>
         <run_address>0x77ec</run_address>
         <size>0x14</size>
         <input_file_ref idref="fl-d7"/>
      </object_component>
      <object_component id="oc-27c">
         <name>.text:GPIO_getInterruptStatus</name>
         <load_address>0x7800</load_address>
         <run_address>0x7800</run_address>
         <size>0x10</size>
         <input_file_ref idref="fl-10"/>
      </object_component>
      <object_component id="oc-202">
         <name>.text:Interrupt_enableMaster</name>
         <load_address>0x7810</load_address>
         <run_address>0x7810</run_address>
         <size>0x10</size>
         <input_file_ref idref="fl-11"/>
      </object_component>
      <object_component id="oc-2b0">
         <name>.text:SysCtl_disableNMISource</name>
         <load_address>0x7820</load_address>
         <run_address>0x7820</run_address>
         <size>0x10</size>
         <input_file_ref idref="fl-13"/>
      </object_component>
      <object_component id="oc-2bc">
         <name>.text:SysCtl_enableNMISource</name>
         <load_address>0x7830</load_address>
         <run_address>0x7830</run_address>
         <size>0x10</size>
         <input_file_ref idref="fl-13"/>
      </object_component>
      <object_component id="oc-208">
         <name>.text:_msprf24_crc_mask</name>
         <load_address>0x7840</load_address>
         <run_address>0x7840</run_address>
         <size>0x10</size>
         <input_file_ref idref="fl-8"/>
      </object_component>
      <object_component id="oc-10">
         <name>.text:decompress:none</name>
         <load_address>0x7850</load_address>
         <run_address>0x7850</run_address>
         <size>0xe</size>
         <input_file_ref idref="fl-cb"/>
      </object_component>
      <object_component id="oc-2e7">
         <name>.text:CPU_cpsie</name>
         <load_address>0x785e</load_address>
         <run_address>0x785e</run_address>
         <size>0xc</size>
         <input_file_ref idref="fl-14"/>
      </object_component>
      <object_component id="oc-3b4">
         <name>.text:EUSCI_A_SPI_enable</name>
         <load_address>0x786a</load_address>
         <run_address>0x786a</run_address>
         <size>0xc</size>
         <input_file_ref idref="fl-12"/>
      </object_component>
      <object_component id="oc-3ae">
         <name>.text:EUSCI_B_SPI_enable</name>
         <load_address>0x7876</load_address>
         <run_address>0x7876</run_address>
         <size>0xc</size>
         <input_file_ref idref="fl-12"/>
      </object_component>
      <object_component id="oc-2aa">
         <name>.text:SysCtl_getNMISourceStatus</name>
         <load_address>0x7884</load_address>
         <run_address>0x7884</run_address>
         <size>0xc</size>
         <input_file_ref idref="fl-13"/>
      </object_component>
      <object_component id="oc-73">
         <name>.text</name>
         <load_address>0x7890</load_address>
         <run_address>0x7890</run_address>
         <size>0xc</size>
         <input_file_ref idref="fl-7"/>
      </object_component>
      <object_component id="oc-c4">
         <name>.text:CS_startHFXT</name>
         <load_address>0x789c</load_address>
         <run_address>0x789c</run_address>
         <size>0x6</size>
         <input_file_ref idref="fl-f"/>
      </object_component>
      <object_component id="oc-1e6">
         <name>.text:CS_startLFXT</name>
         <load_address>0x78a2</load_address>
         <run_address>0x78a2</run_address>
         <size>0x6</size>
         <input_file_ref idref="fl-f"/>
      </object_component>
      <object_component id="oc-16">
         <name>.text:decompress:rle24</name>
         <load_address>0x78a8</load_address>
         <run_address>0x78a8</run_address>
         <size>0x6</size>
         <input_file_ref idref="fl-cc"/>
      </object_component>
      <object_component id="oc-20f">
         <name>.text:_msprf24_irq_mask</name>
         <load_address>0x78ae</load_address>
         <run_address>0x78ae</run_address>
         <size>0x4</size>
         <input_file_ref idref="fl-8"/>
      </object_component>
      <object_component id="oc-57">
         <name>.text</name>
         <load_address>0x78b2</load_address>
         <run_address>0x78b2</run_address>
         <size>0x4</size>
         <input_file_ref idref="fl-d2"/>
      </object_component>
      <object_component id="oc-1c3">
         <name>.const:.string:Font</name>
         <load_address>0x78b8</load_address>
         <run_address>0x78b8</run_address>
         <size>0x4fb</size>
         <input_file_ref idref="fl-3"/>
      </object_component>
      <object_component id="oc-224">
         <name>.const:.string:_ctypes_</name>
         <load_address>0x7db3</load_address>
         <run_address>0x7db3</run_address>
         <size>0x101</size>
         <input_file_ref idref="fl-df"/>
      </object_component>
      <object_component id="oc-3d3">
         <name>.const:$O1$$</name>
         <load_address>0x7eb8</load_address>
         <run_address>0x7eb8</run_address>
         <size>0x98</size>
         <input_file_ref idref="fl-ee"/>
      </object_component>
      <object_component id="oc-1b1">
         <name>.const:.string:Bcmd</name>
         <load_address>0x7f50</load_address>
         <run_address>0x7f50</run_address>
         <size>0x67</size>
         <input_file_ref idref="fl-3"/>
      </object_component>
      <object_component id="oc-1b7">
         <name>.const:.string:Rcmd1</name>
         <load_address>0x7fb7</load_address>
         <run_address>0x7fb7</run_address>
         <size>0x3b</size>
         <input_file_ref idref="fl-3"/>
      </object_component>
      <object_component id="oc-1db">
         <name>.const:GPIO_PORT_TO_BASE</name>
         <load_address>0x7ff4</load_address>
         <run_address>0x7ff4</run_address>
         <size>0x30</size>
         <input_file_ref idref="fl-10"/>
      </object_component>
      <object_component id="oc-1c0">
         <name>.const:.string:Rcmd3</name>
         <load_address>0x8024</load_address>
         <run_address>0x8024</run_address>
         <size>0x2b</size>
         <input_file_ref idref="fl-3"/>
      </object_component>
      <object_component id="oc-2e2">
         <name>.const:spiMasterConfig</name>
         <load_address>0x8050</load_address>
         <run_address>0x8050</run_address>
         <size>0x1c</size>
         <input_file_ref idref="fl-6"/>
      </object_component>
      <object_component id="oc-16d">
         <name>.const:upConfig</name>
         <load_address>0x806c</load_address>
         <run_address>0x806c</run_address>
         <size>0x18</size>
         <input_file_ref idref="fl-5"/>
      </object_component>
      <object_component id="oc-317">
         <name>.const:$O1$$</name>
         <load_address>0x8084</load_address>
         <run_address>0x8084</run_address>
         <size>0x10</size>
         <input_file_ref idref="fl-da"/>
      </object_component>
      <object_component id="oc-1ba">
         <name>.const:.string:Rcmd2green</name>
         <load_address>0x8094</load_address>
         <run_address>0x8094</run_address>
         <size>0xd</size>
         <input_file_ref idref="fl-3"/>
      </object_component>
      <object_component id="oc-1bd">
         <name>.const:.string:Rcmd2red</name>
         <load_address>0x80a1</load_address>
         <run_address>0x80a1</run_address>
         <size>0xd</size>
         <input_file_ref idref="fl-3"/>
      </object_component>
      <object_component id="oc-45b">
         <name>.cinit..data.load</name>
         <load_address>0x80b0</load_address>
         <run_address>0x80b0</run_address>
         <size>0x2e</size>
      </object_component>
      <object_component id="oc-45c">
         <name>.cinit..bss.load</name>
         <load_address>0x80e0</load_address>
         <run_address>0x80e0</run_address>
         <size>0xb</size>
      </object_component>
      <object_component id="oc-459">
         <name>__TI_handler_table</name>
         <load_address>0x80ec</load_address>
         <run_address>0x80ec</run_address>
         <size>0x8</size>
      </object_component>
      <object_component id="oc-45a">
         <name>__TI_cinit_table</name>
         <load_address>0x80f4</load_address>
         <run_address>0x80f4</run_address>
         <size>0x10</size>
      </object_component>
      <object_component id="oc-264">
         <name>.data</name>
         <load_address>0x20000234</load_address>
         <run_address>0x20000234</run_address>
         <size>0x14</size>
         <input_file_ref idref="fl-2"/>
      </object_component>
      <object_component id="oc-1b4">
         <name>.data</name>
         <load_address>0x20000248</load_address>
         <run_address>0x20000248</run_address>
         <size>0x14</size>
         <input_file_ref idref="fl-3"/>
      </object_component>
      <object_component id="oc-fd">
         <name>.data</name>
         <load_address>0x2000021c</load_address>
         <run_address>0x2000021c</run_address>
         <size>0x18</size>
         <input_file_ref idref="fl-5"/>
      </object_component>
      <object_component id="oc-1f2">
         <name>.data</name>
         <load_address>0x20000268</load_address>
         <run_address>0x20000268</run_address>
         <size>0xc</size>
         <input_file_ref idref="fl-9"/>
      </object_component>
      <object_component id="oc-ac">
         <name>.data:$O1$$</name>
         <load_address>0x2000025c</load_address>
         <run_address>0x2000025c</run_address>
         <size>0xc</size>
         <input_file_ref idref="fl-ce"/>
      </object_component>
      <object_component id="oc-6f">
         <name>.data</name>
         <load_address>0x20000280</load_address>
         <run_address>0x20000280</run_address>
         <size>0x4</size>
         <input_file_ref idref="fl-d5"/>
      </object_component>
      <object_component id="oc-af">
         <name>.data:$O1$$</name>
         <load_address>0x20000274</load_address>
         <run_address>0x20000274</run_address>
         <size>0x8</size>
         <input_file_ref idref="fl-d8"/>
      </object_component>
      <object_component id="oc-3c7">
         <name>.data</name>
         <load_address>0x2000027c</load_address>
         <run_address>0x2000027c</run_address>
         <size>0x4</size>
         <input_file_ref idref="fl-f4"/>
      </object_component>
      <object_component id="oc-1ae">
         <name>.bss</name>
         <uninitialized>true</uninitialized>
         <run_address>0x200001d5</run_address>
         <size>0x4</size>
         <input_file_ref idref="fl-3"/>
      </object_component>
      <object_component id="oc-100">
         <name>.bss:temperatureOUT</name>
         <uninitialized>true</uninitialized>
         <run_address>0x200001ee</run_address>
         <size>0x4</size>
         <input_file_ref idref="fl-5"/>
      </object_component>
      <object_component id="oc-103">
         <name>.bss:temperatureIN</name>
         <uninitialized>true</uninitialized>
         <run_address>0x200001ea</run_address>
         <size>0x4</size>
         <input_file_ref idref="fl-5"/>
      </object_component>
      <object_component id="oc-10f">
         <name>.bss:lux</name>
         <uninitialized>true</uninitialized>
         <run_address>0x200001e2</run_address>
         <size>0x4</size>
         <input_file_ref idref="fl-5"/>
      </object_component>
      <object_component id="oc-106">
         <name>.bss:humidityOUT</name>
         <uninitialized>true</uninitialized>
         <run_address>0x200001de</run_address>
         <size>0x4</size>
         <input_file_ref idref="fl-5"/>
      </object_component>
      <object_component id="oc-109">
         <name>.bss:humidityIN</name>
         <uninitialized>true</uninitialized>
         <run_address>0x200001da</run_address>
         <size>0x4</size>
         <input_file_ref idref="fl-5"/>
      </object_component>
      <object_component id="oc-10c">
         <name>.bss:pressure</name>
         <uninitialized>true</uninitialized>
         <run_address>0x200001e6</run_address>
         <size>0x4</size>
         <input_file_ref idref="fl-5"/>
      </object_component>
      <object_component id="oc-164">
         <name>.bss:setTime</name>
         <uninitialized>true</uninitialized>
         <run_address>0x2000013c</run_address>
         <size>0x1c</size>
         <input_file_ref idref="fl-5"/>
      </object_component>
      <object_component id="oc-17c">
         <name>.common:dht_data</name>
         <uninitialized>true</uninitialized>
         <run_address>0x200001d0</run_address>
         <size>0x5</size>
      </object_component>
      <object_component id="oc-17a">
         <name>.common:dht_data_byte</name>
         <uninitialized>true</uninitialized>
         <run_address>0x200001ff</run_address>
         <size>0x1</size>
      </object_component>
      <object_component id="oc-17b">
         <name>.common:dht_data_bit</name>
         <uninitialized>true</uninitialized>
         <run_address>0x200001fe</run_address>
         <size>0x1</size>
      </object_component>
      <object_component id="oc-179">
         <name>.common:dht_current_state</name>
         <uninitialized>true</uninitialized>
         <run_address>0x200001d9</run_address>
         <size>0x1</size>
      </object_component>
      <object_component id="oc-117">
         <name>.common:newTime</name>
         <uninitialized>true</uninitialized>
         <run_address>0x20000158</run_address>
         <size>0x1c</size>
      </object_component>
      <object_component id="oc-126">
         <name>.common:date</name>
         <uninitialized>true</uninitialized>
         <run_address>0x200001a8</run_address>
         <size>0xc</size>
      </object_component>
      <object_component id="oc-125">
         <name>.common:time</name>
         <uninitialized>true</uninitialized>
         <run_address>0x200001b4</run_address>
         <size>0xc</size>
      </object_component>
      <object_component id="oc-121">
         <name>.common:Encoder1</name>
         <uninitialized>true</uninitialized>
         <run_address>0x200001f2</run_address>
         <size>0x4</size>
      </object_component>
      <object_component id="oc-122">
         <name>.common:Encoder2</name>
         <uninitialized>true</uninitialized>
         <run_address>0x200001f6</run_address>
         <size>0x4</size>
      </object_component>
      <object_component id="oc-123">
         <name>.common:PushButton</name>
         <uninitialized>true</uninitialized>
         <run_address>0x200001fa</run_address>
         <size>0x4</size>
      </object_component>
      <object_component id="oc-127">
         <name>.common:flag</name>
         <uninitialized>true</uninitialized>
         <run_address>0x20000214</run_address>
         <size>0x1</size>
      </object_component>
      <object_component id="oc-11f">
         <name>.common:dateStringColor</name>
         <uninitialized>true</uninitialized>
         <run_address>0x200000a4</run_address>
         <size>0x28</size>
      </object_component>
      <object_component id="oc-11e">
         <name>.common:timeStringColor</name>
         <uninitialized>true</uninitialized>
         <run_address>0x200000f4</run_address>
         <size>0x28</size>
      </object_component>
      <object_component id="oc-11c">
         <name>.common:dateString</name>
         <uninitialized>true</uninitialized>
         <run_address>0x20000174</run_address>
         <size>0x14</size>
      </object_component>
      <object_component id="oc-11d">
         <name>.common:timeString</name>
         <uninitialized>true</uninitialized>
         <run_address>0x20000188</run_address>
         <size>0x14</size>
      </object_component>
      <object_component id="oc-115">
         <name>.common:lightIndexString</name>
         <uninitialized>true</uninitialized>
         <run_address>0x200000cc</run_address>
         <size>0x28</size>
      </object_component>
      <object_component id="oc-116">
         <name>.common:months</name>
         <uninitialized>true</uninitialized>
         <run_address>0x20000000</run_address>
         <size>0x3c</size>
      </object_component>
      <object_component id="oc-124">
         <name>.common:temp</name>
         <uninitialized>true</uninitialized>
         <run_address>0x2000003c</run_address>
         <size>0x34</size>
      </object_component>
      <object_component id="oc-120">
         <name>.common:tempString</name>
         <uninitialized>true</uninitialized>
         <run_address>0x20000070</run_address>
         <size>0x34</size>
      </object_component>
      <object_component id="oc-112">
         <name>.common:lightIndex</name>
         <uninitialized>true</uninitialized>
         <run_address>0x200001c8</run_address>
         <size>0x8</size>
      </object_component>
      <object_component id="oc-177">
         <name>.common:addr</name>
         <uninitialized>true</uninitialized>
         <run_address>0x200001c0</run_address>
         <size>0x8</size>
      </object_component>
      <object_component id="oc-114">
         <name>.common:data</name>
         <uninitialized>true</uninitialized>
         <run_address>0x2000011c</run_address>
         <size>0x20</size>
      </object_component>
      <object_component id="oc-176">
         <name>.common:user</name>
         <uninitialized>true</uninitialized>
         <run_address>0x20000210</run_address>
         <size>0x4</size>
      </object_component>
      <object_component id="oc-113">
         <name>.common:status</name>
         <uninitialized>true</uninitialized>
         <run_address>0x2000020c</run_address>
         <size>0x4</size>
      </object_component>
      <object_component id="oc-fa">
         <name>.common:screen</name>
         <uninitialized>true</uninitialized>
         <run_address>0x20000208</run_address>
         <size>0x4</size>
      </object_component>
      <object_component id="oc-201">
         <name>.common:rf_feature</name>
         <uninitialized>true</uninitialized>
         <run_address>0x20000218</run_address>
         <size>0x1</size>
      </object_component>
      <object_component id="oc-170">
         <name>.common:rf_crc</name>
         <uninitialized>true</uninitialized>
         <run_address>0x20000217</run_address>
         <size>0x1</size>
      </object_component>
      <object_component id="oc-173">
         <name>.common:rf_addr_width</name>
         <uninitialized>true</uninitialized>
         <run_address>0x20000215</run_address>
         <size>0x1</size>
      </object_component>
      <object_component id="oc-174">
         <name>.common:rf_speed_power</name>
         <uninitialized>true</uninitialized>
         <run_address>0x2000021a</run_address>
         <size>0x1</size>
      </object_component>
      <object_component id="oc-175">
         <name>.common:rf_channel</name>
         <uninitialized>true</uninitialized>
         <run_address>0x20000216</run_address>
         <size>0x1</size>
      </object_component>
      <object_component id="oc-200">
         <name>.common:rf_status</name>
         <uninitialized>true</uninitialized>
         <run_address>0x2000021b</run_address>
         <size>0x1</size>
      </object_component>
      <object_component id="oc-178">
         <name>.common:rf_irq</name>
         <uninitialized>true</uninitialized>
         <run_address>0x20000219</run_address>
         <size>0x1</size>
      </object_component>
      <object_component id="oc-1f3">
         <name>.common:Light</name>
         <uninitialized>true</uninitialized>
         <run_address>0x2000019c</run_address>
         <size>0xc</size>
      </object_component>
      <object_component id="oc-1d1">
         <name>.common:hfxtFreq</name>
         <uninitialized>true</uninitialized>
         <run_address>0x20000200</run_address>
         <size>0x4</size>
      </object_component>
      <object_component id="oc-1ce">
         <name>.common:lfxtFreq</name>
         <uninitialized>true</uninitialized>
         <run_address>0x20000204</run_address>
         <size>0x4</size>
      </object_component>
      <object_component id="oc-2b">
         <name>.stack</name>
         <uninitialized>true</uninitialized>
         <run_address>0x2000fe00</run_address>
         <size>0x0</size>
         <input_file_ref idref="fl-ca"/>
      </object_component>
      <object_component id="oc-45d">
         <name>.stack</name>
         <uninitialized>true</uninitialized>
         <run_address>0x2000fe00</run_address>
         <size>0x0</size>
      </object_component>
      <object_component id="oc-386">
         <name>.debug_info</name>
         <load_address>0x0</load_address>
         <run_address>0x0</run_address>
         <size>0x2f7</size>
         <input_file_ref idref="fl-2"/>
      </object_component>
      <object_component id="oc-265">
         <name>.debug_info</name>
         <load_address>0x2f7</load_address>
         <run_address>0x2f7</run_address>
         <size>0x165</size>
         <input_file_ref idref="fl-2"/>
      </object_component>
      <object_component id="oc-135">
         <name>.debug_info</name>
         <load_address>0x45c</load_address>
         <run_address>0x45c</run_address>
         <size>0x266</size>
         <input_file_ref idref="fl-2"/>
      </object_component>
      <object_component id="oc-23b">
         <name>.debug_info</name>
         <load_address>0x6c2</load_address>
         <run_address>0x6c2</run_address>
         <size>0x103e</size>
         <input_file_ref idref="fl-2"/>
      </object_component>
      <object_component id="oc-8a">
         <name>.debug_info</name>
         <load_address>0x1700</load_address>
         <run_address>0x1700</run_address>
         <size>0x84</size>
         <input_file_ref idref="fl-2"/>
      </object_component>
      <object_component id="oc-17e">
         <name>.debug_info</name>
         <load_address>0x1784</load_address>
         <run_address>0x1784</run_address>
         <size>0x18b</size>
         <input_file_ref idref="fl-2"/>
      </object_component>
      <object_component id="oc-268">
         <name>.debug_info</name>
         <load_address>0x190f</load_address>
         <run_address>0x190f</run_address>
         <size>0x57</size>
         <input_file_ref idref="fl-2"/>
      </object_component>
      <object_component id="oc-1c7">
         <name>.debug_info</name>
         <load_address>0x1966</load_address>
         <run_address>0x1966</run_address>
         <size>0x3de</size>
         <input_file_ref idref="fl-3"/>
      </object_component>
      <object_component id="oc-1b5">
         <name>.debug_info</name>
         <load_address>0x1d44</load_address>
         <run_address>0x1d44</run_address>
         <size>0x1ad</size>
         <input_file_ref idref="fl-3"/>
      </object_component>
      <object_component id="oc-1c4">
         <name>.debug_info</name>
         <load_address>0x1ef1</load_address>
         <run_address>0x1ef1</run_address>
         <size>0xd1</size>
         <input_file_ref idref="fl-3"/>
      </object_component>
      <object_component id="oc-1af">
         <name>.debug_info</name>
         <load_address>0x1fc2</load_address>
         <run_address>0x1fc2</run_address>
         <size>0x13d</size>
         <input_file_ref idref="fl-3"/>
      </object_component>
      <object_component id="oc-1b2">
         <name>.debug_info</name>
         <load_address>0x20ff</load_address>
         <run_address>0x20ff</run_address>
         <size>0xd2</size>
         <input_file_ref idref="fl-3"/>
      </object_component>
      <object_component id="oc-1b8">
         <name>.debug_info</name>
         <load_address>0x21d1</load_address>
         <run_address>0x21d1</run_address>
         <size>0xd4</size>
         <input_file_ref idref="fl-3"/>
      </object_component>
      <object_component id="oc-1bb">
         <name>.debug_info</name>
         <load_address>0x22a5</load_address>
         <run_address>0x22a5</run_address>
         <size>0xde</size>
         <input_file_ref idref="fl-3"/>
      </object_component>
      <object_component id="oc-1be">
         <name>.debug_info</name>
         <load_address>0x2383</load_address>
         <run_address>0x2383</run_address>
         <size>0xda</size>
         <input_file_ref idref="fl-3"/>
      </object_component>
      <object_component id="oc-1c1">
         <name>.debug_info</name>
         <load_address>0x245d</load_address>
         <run_address>0x245d</run_address>
         <size>0xd4</size>
         <input_file_ref idref="fl-3"/>
      </object_component>
      <object_component id="oc-bb">
         <name>.debug_info</name>
         <load_address>0x2531</load_address>
         <run_address>0x2531</run_address>
         <size>0x1af8</size>
         <input_file_ref idref="fl-3"/>
      </object_component>
      <object_component id="oc-24a">
         <name>.debug_info</name>
         <load_address>0x4029</load_address>
         <run_address>0x4029</run_address>
         <size>0xc8</size>
         <input_file_ref idref="fl-3"/>
      </object_component>
      <object_component id="oc-229">
         <name>.debug_info</name>
         <load_address>0x40f1</load_address>
         <run_address>0x40f1</run_address>
         <size>0x4e</size>
         <input_file_ref idref="fl-3"/>
      </object_component>
      <object_component id="oc-1c9">
         <name>.debug_info</name>
         <load_address>0x413f</load_address>
         <run_address>0x413f</run_address>
         <size>0x51</size>
         <input_file_ref idref="fl-3"/>
      </object_component>
      <object_component id="oc-118">
         <name>.debug_info</name>
         <load_address>0x4190</load_address>
         <run_address>0x4190</run_address>
         <size>0x3d6</size>
         <input_file_ref idref="fl-4"/>
      </object_component>
      <object_component id="oc-e9">
         <name>.debug_info</name>
         <load_address>0x4566</load_address>
         <run_address>0x4566</run_address>
         <size>0x1ea</size>
         <input_file_ref idref="fl-4"/>
      </object_component>
      <object_component id="oc-245">
         <name>.debug_info</name>
         <load_address>0x4750</load_address>
         <run_address>0x4750</run_address>
         <size>0x115</size>
         <input_file_ref idref="fl-4"/>
      </object_component>
      <object_component id="oc-1f5">
         <name>.debug_info</name>
         <load_address>0x4865</load_address>
         <run_address>0x4865</run_address>
         <size>0xc6</size>
         <input_file_ref idref="fl-4"/>
      </object_component>
      <object_component id="oc-240">
         <name>.debug_info</name>
         <load_address>0x492b</load_address>
         <run_address>0x492b</run_address>
         <size>0x341</size>
         <input_file_ref idref="fl-4"/>
      </object_component>
      <object_component id="oc-3bf">
         <name>.debug_info</name>
         <load_address>0x4c6c</load_address>
         <run_address>0x4c6c</run_address>
         <size>0x131</size>
         <input_file_ref idref="fl-4"/>
      </object_component>
      <object_component id="oc-fb">
         <name>.debug_info</name>
         <load_address>0x4d9d</load_address>
         <run_address>0x4d9d</run_address>
         <size>0x1275</size>
         <input_file_ref idref="fl-5"/>
      </object_component>
      <object_component id="oc-fe">
         <name>.debug_info</name>
         <load_address>0x6012</load_address>
         <run_address>0x6012</run_address>
         <size>0x14d</size>
         <input_file_ref idref="fl-5"/>
      </object_component>
      <object_component id="oc-101">
         <name>.debug_info</name>
         <load_address>0x615f</load_address>
         <run_address>0x615f</run_address>
         <size>0xe3</size>
         <input_file_ref idref="fl-5"/>
      </object_component>
      <object_component id="oc-104">
         <name>.debug_info</name>
         <load_address>0x6242</load_address>
         <run_address>0x6242</run_address>
         <size>0xe1</size>
         <input_file_ref idref="fl-5"/>
      </object_component>
      <object_component id="oc-110">
         <name>.debug_info</name>
         <load_address>0x6323</load_address>
         <run_address>0x6323</run_address>
         <size>0xcd</size>
         <input_file_ref idref="fl-5"/>
      </object_component>
      <object_component id="oc-107">
         <name>.debug_info</name>
         <load_address>0x63f0</load_address>
         <run_address>0x63f0</run_address>
         <size>0xdd</size>
         <input_file_ref idref="fl-5"/>
      </object_component>
      <object_component id="oc-10a">
         <name>.debug_info</name>
         <load_address>0x64cd</load_address>
         <run_address>0x64cd</run_address>
         <size>0xdb</size>
         <input_file_ref idref="fl-5"/>
      </object_component>
      <object_component id="oc-10d">
         <name>.debug_info</name>
         <load_address>0x65a8</load_address>
         <run_address>0x65a8</run_address>
         <size>0xd7</size>
         <input_file_ref idref="fl-5"/>
      </object_component>
      <object_component id="oc-165">
         <name>.debug_info</name>
         <load_address>0x667f</load_address>
         <run_address>0x667f</run_address>
         <size>0xd5</size>
         <input_file_ref idref="fl-5"/>
      </object_component>
      <object_component id="oc-16e">
         <name>.debug_info</name>
         <load_address>0x6754</load_address>
         <run_address>0x6754</run_address>
         <size>0xd8</size>
         <input_file_ref idref="fl-5"/>
      </object_component>
      <object_component id="oc-7a">
         <name>.debug_info</name>
         <load_address>0x682c</load_address>
         <run_address>0x682c</run_address>
         <size>0x198c</size>
         <input_file_ref idref="fl-5"/>
      </object_component>
      <object_component id="oc-183">
         <name>.debug_info</name>
         <load_address>0x81b8</load_address>
         <run_address>0x81b8</run_address>
         <size>0x8b</size>
         <input_file_ref idref="fl-5"/>
      </object_component>
      <object_component id="oc-2e6">
         <name>.debug_info</name>
         <load_address>0x8243</load_address>
         <run_address>0x8243</run_address>
         <size>0x463</size>
         <input_file_ref idref="fl-6"/>
      </object_component>
      <object_component id="oc-2e3">
         <name>.debug_info</name>
         <load_address>0x86a6</load_address>
         <run_address>0x86a6</run_address>
         <size>0xec</size>
         <input_file_ref idref="fl-6"/>
      </object_component>
      <object_component id="oc-1fb">
         <name>.debug_info</name>
         <load_address>0x8792</load_address>
         <run_address>0x8792</run_address>
         <size>0x2d8</size>
         <input_file_ref idref="fl-6"/>
      </object_component>
      <object_component id="oc-81">
         <name>.debug_info</name>
         <load_address>0x8a6a</load_address>
         <run_address>0x8a6a</run_address>
         <size>0x171</size>
         <input_file_ref idref="fl-7"/>
      </object_component>
      <object_component id="oc-29">
         <name>.debug_info</name>
         <load_address>0x8bdb</load_address>
         <run_address>0x8bdb</run_address>
         <size>0xf6</size>
         <input_file_ref idref="fl-7"/>
      </object_component>
      <object_component id="oc-74">
         <name>.debug_info</name>
         <load_address>0x8cd1</load_address>
         <run_address>0x8cd1</run_address>
         <size>0x224</size>
         <input_file_ref idref="fl-7"/>
      </object_component>
      <object_component id="oc-171">
         <name>.debug_info</name>
         <load_address>0x8ef5</load_address>
         <run_address>0x8ef5</run_address>
         <size>0x4d7</size>
         <input_file_ref idref="fl-8"/>
      </object_component>
      <object_component id="oc-217">
         <name>.debug_info</name>
         <load_address>0x93cc</load_address>
         <run_address>0x93cc</run_address>
         <size>0x10b</size>
         <input_file_ref idref="fl-8"/>
      </object_component>
      <object_component id="oc-209">
         <name>.debug_info</name>
         <load_address>0x94d7</load_address>
         <run_address>0x94d7</run_address>
         <size>0x124</size>
         <input_file_ref idref="fl-8"/>
      </object_component>
      <object_component id="oc-211">
         <name>.debug_info</name>
         <load_address>0x95fb</load_address>
         <run_address>0x95fb</run_address>
         <size>0x124</size>
         <input_file_ref idref="fl-8"/>
      </object_component>
      <object_component id="oc-df">
         <name>.debug_info</name>
         <load_address>0x971f</load_address>
         <run_address>0x971f</run_address>
         <size>0x1c0d</size>
         <input_file_ref idref="fl-8"/>
      </object_component>
      <object_component id="oc-11a">
         <name>.debug_info</name>
         <load_address>0xb32c</load_address>
         <run_address>0xb32c</run_address>
         <size>0x621</size>
         <input_file_ref idref="fl-9"/>
      </object_component>
      <object_component id="oc-d8">
         <name>.debug_info</name>
         <load_address>0xb94d</load_address>
         <run_address>0xb94d</run_address>
         <size>0x6fb</size>
         <input_file_ref idref="fl-9"/>
      </object_component>
      <object_component id="oc-1cf">
         <name>.debug_info</name>
         <load_address>0xc048</load_address>
         <run_address>0xc048</run_address>
         <size>0x52b</size>
         <input_file_ref idref="fl-f"/>
      </object_component>
      <object_component id="oc-2ca">
         <name>.debug_info</name>
         <load_address>0xc573</load_address>
         <run_address>0xc573</run_address>
         <size>0x216</size>
         <input_file_ref idref="fl-f"/>
      </object_component>
      <object_component id="oc-1e8">
         <name>.debug_info</name>
         <load_address>0xc789</load_address>
         <run_address>0xc789</run_address>
         <size>0x12f</size>
         <input_file_ref idref="fl-f"/>
      </object_component>
      <object_component id="oc-2b8">
         <name>.debug_info</name>
         <load_address>0xc8b8</load_address>
         <run_address>0xc8b8</run_address>
         <size>0xfc</size>
         <input_file_ref idref="fl-f"/>
      </object_component>
      <object_component id="oc-1d5">
         <name>.debug_info</name>
         <load_address>0xc9b4</load_address>
         <run_address>0xc9b4</run_address>
         <size>0x238</size>
         <input_file_ref idref="fl-f"/>
      </object_component>
      <object_component id="oc-c6">
         <name>.debug_info</name>
         <load_address>0xcbec</load_address>
         <run_address>0xcbec</run_address>
         <size>0x13b</size>
         <input_file_ref idref="fl-f"/>
      </object_component>
      <object_component id="oc-c0">
         <name>.debug_info</name>
         <load_address>0xcd27</load_address>
         <run_address>0xcd27</run_address>
         <size>0x1dd</size>
         <input_file_ref idref="fl-f"/>
      </object_component>
      <object_component id="oc-cc">
         <name>.debug_info</name>
         <load_address>0xcf04</load_address>
         <run_address>0xcf04</run_address>
         <size>0x1e8</size>
         <input_file_ref idref="fl-f"/>
      </object_component>
      <object_component id="oc-38d">
         <name>.debug_info</name>
         <load_address>0xd0ec</load_address>
         <run_address>0xd0ec</run_address>
         <size>0x14a</size>
         <input_file_ref idref="fl-f"/>
      </object_component>
      <object_component id="oc-40d">
         <name>.debug_info</name>
         <load_address>0xd236</load_address>
         <run_address>0xd236</run_address>
         <size>0x129</size>
         <input_file_ref idref="fl-f"/>
      </object_component>
      <object_component id="oc-393">
         <name>.debug_info</name>
         <load_address>0xd35f</load_address>
         <run_address>0xd35f</run_address>
         <size>0x178</size>
         <input_file_ref idref="fl-f"/>
      </object_component>
      <object_component id="oc-399">
         <name>.debug_info</name>
         <load_address>0xd4d7</load_address>
         <run_address>0xd4d7</run_address>
         <size>0x120</size>
         <input_file_ref idref="fl-f"/>
      </object_component>
      <object_component id="oc-26f">
         <name>.debug_info</name>
         <load_address>0xd5f7</load_address>
         <run_address>0xd5f7</run_address>
         <size>0x1f9</size>
         <input_file_ref idref="fl-f"/>
      </object_component>
      <object_component id="oc-142">
         <name>.debug_info</name>
         <load_address>0xd7f0</load_address>
         <run_address>0xd7f0</run_address>
         <size>0x132</size>
         <input_file_ref idref="fl-f"/>
      </object_component>
      <object_component id="oc-13c">
         <name>.debug_info</name>
         <load_address>0xd922</load_address>
         <run_address>0xd922</run_address>
         <size>0x130</size>
         <input_file_ref idref="fl-f"/>
      </object_component>
      <object_component id="oc-2a5">
         <name>.debug_info</name>
         <load_address>0xda52</load_address>
         <run_address>0xda52</run_address>
         <size>0x103c</size>
         <input_file_ref idref="fl-f"/>
      </object_component>
      <object_component id="oc-1df">
         <name>.debug_info</name>
         <load_address>0xea8e</load_address>
         <run_address>0xea8e</run_address>
         <size>0x440</size>
         <input_file_ref idref="fl-10"/>
      </object_component>
      <object_component id="oc-1dc">
         <name>.debug_info</name>
         <load_address>0xeece</load_address>
         <run_address>0xeece</run_address>
         <size>0xd0</size>
         <input_file_ref idref="fl-10"/>
      </object_component>
      <object_component id="oc-12a">
         <name>.debug_info</name>
         <load_address>0xef9e</load_address>
         <run_address>0xef9e</run_address>
         <size>0x183</size>
         <input_file_ref idref="fl-10"/>
      </object_component>
      <object_component id="oc-14e">
         <name>.debug_info</name>
         <load_address>0xf121</load_address>
         <run_address>0xf121</run_address>
         <size>0x183</size>
         <input_file_ref idref="fl-10"/>
      </object_component>
      <object_component id="oc-d2">
         <name>.debug_info</name>
         <load_address>0xf2a4</load_address>
         <run_address>0xf2a4</run_address>
         <size>0x1ee</size>
         <input_file_ref idref="fl-10"/>
      </object_component>
      <object_component id="oc-2d2">
         <name>.debug_info</name>
         <load_address>0xf492</load_address>
         <run_address>0xf492</run_address>
         <size>0x1ec</size>
         <input_file_ref idref="fl-10"/>
      </object_component>
      <object_component id="oc-148">
         <name>.debug_info</name>
         <load_address>0xf67e</load_address>
         <run_address>0xf67e</run_address>
         <size>0x17d</size>
         <input_file_ref idref="fl-10"/>
      </object_component>
      <object_component id="oc-1e2">
         <name>.debug_info</name>
         <load_address>0xf7fb</load_address>
         <run_address>0xf7fb</run_address>
         <size>0x19f</size>
         <input_file_ref idref="fl-10"/>
      </object_component>
      <object_component id="oc-153">
         <name>.debug_info</name>
         <load_address>0xf99a</load_address>
         <run_address>0xf99a</run_address>
         <size>0x17b</size>
         <input_file_ref idref="fl-10"/>
      </object_component>
      <object_component id="oc-27d">
         <name>.debug_info</name>
         <load_address>0xfb15</load_address>
         <run_address>0xfb15</run_address>
         <size>0x189</size>
         <input_file_ref idref="fl-10"/>
      </object_component>
      <object_component id="oc-1ed">
         <name>.debug_info</name>
         <load_address>0xfc9e</load_address>
         <run_address>0xfc9e</run_address>
         <size>0x185</size>
         <input_file_ref idref="fl-10"/>
      </object_component>
      <object_component id="oc-168">
         <name>.debug_info</name>
         <load_address>0xfe23</load_address>
         <run_address>0xfe23</run_address>
         <size>0x1ae</size>
         <input_file_ref idref="fl-10"/>
      </object_component>
      <object_component id="oc-15f">
         <name>.debug_info</name>
         <load_address>0xffd1</load_address>
         <run_address>0xffd1</run_address>
         <size>0x17f</size>
         <input_file_ref idref="fl-10"/>
      </object_component>
      <object_component id="oc-159">
         <name>.debug_info</name>
         <load_address>0x10150</load_address>
         <run_address>0x10150</run_address>
         <size>0x185</size>
         <input_file_ref idref="fl-10"/>
      </object_component>
      <object_component id="oc-203">
         <name>.debug_info</name>
         <load_address>0x102d5</load_address>
         <run_address>0x102d5</run_address>
         <size>0x122</size>
         <input_file_ref idref="fl-11"/>
      </object_component>
      <object_component id="oc-3ad">
         <name>.debug_info</name>
         <load_address>0x103f7</load_address>
         <run_address>0x103f7</run_address>
         <size>0x44d</size>
         <input_file_ref idref="fl-12"/>
      </object_component>
      <object_component id="oc-3aa">
         <name>.debug_info</name>
         <load_address>0x10844</load_address>
         <run_address>0x10844</run_address>
         <size>0x113</size>
         <input_file_ref idref="fl-12"/>
      </object_component>
      <object_component id="oc-2d8">
         <name>.debug_info</name>
         <load_address>0x10957</load_address>
         <run_address>0x10957</run_address>
         <size>0x17c</size>
         <input_file_ref idref="fl-12"/>
      </object_component>
      <object_component id="oc-3b0">
         <name>.debug_info</name>
         <load_address>0x10ad3</load_address>
         <run_address>0x10ad3</run_address>
         <size>0x135</size>
         <input_file_ref idref="fl-12"/>
      </object_component>
      <object_component id="oc-3b6">
         <name>.debug_info</name>
         <load_address>0x10c08</load_address>
         <run_address>0x10c08</run_address>
         <size>0x135</size>
         <input_file_ref idref="fl-12"/>
      </object_component>
      <object_component id="oc-2de">
         <name>.debug_info</name>
         <load_address>0x10d3d</load_address>
         <run_address>0x10d3d</run_address>
         <size>0x187</size>
         <input_file_ref idref="fl-12"/>
      </object_component>
      <object_component id="oc-3a1">
         <name>.debug_info</name>
         <load_address>0x10ec4</load_address>
         <run_address>0x10ec4</run_address>
         <size>0x2f4</size>
         <input_file_ref idref="fl-13"/>
      </object_component>
      <object_component id="oc-2ad">
         <name>.debug_info</name>
         <load_address>0x111b8</load_address>
         <run_address>0x111b8</run_address>
         <size>0x10f</size>
         <input_file_ref idref="fl-13"/>
      </object_component>
      <object_component id="oc-2bf">
         <name>.debug_info</name>
         <load_address>0x112c7</load_address>
         <run_address>0x112c7</run_address>
         <size>0x12b</size>
         <input_file_ref idref="fl-13"/>
      </object_component>
      <object_component id="oc-2b3">
         <name>.debug_info</name>
         <load_address>0x113f2</load_address>
         <run_address>0x113f2</run_address>
         <size>0x12d</size>
         <input_file_ref idref="fl-13"/>
      </object_component>
      <object_component id="oc-2e9">
         <name>.debug_info</name>
         <load_address>0x1151f</load_address>
         <run_address>0x1151f</run_address>
         <size>0xe7</size>
         <input_file_ref idref="fl-14"/>
      </object_component>
      <object_component id="oc-24">
         <name>.debug_info</name>
         <load_address>0x11606</load_address>
         <run_address>0x11606</run_address>
         <size>0x17c</size>
         <input_file_ref idref="fl-ca"/>
      </object_component>
      <object_component id="oc-37">
         <name>.debug_info</name>
         <load_address>0x11782</load_address>
         <run_address>0x11782</run_address>
         <size>0x15c</size>
         <input_file_ref idref="fl-cb"/>
      </object_component>
      <object_component id="oc-13">
         <name>.debug_info</name>
         <load_address>0x118de</load_address>
         <run_address>0x118de</run_address>
         <size>0x1fb</size>
         <input_file_ref idref="fl-cb"/>
      </object_component>
      <object_component id="oc-32">
         <name>.debug_info</name>
         <load_address>0x11ad9</load_address>
         <run_address>0x11ad9</run_address>
         <size>0x46</size>
         <input_file_ref idref="fl-cb"/>
      </object_component>
      <object_component id="oc-83">
         <name>.debug_info</name>
         <load_address>0x11b1f</load_address>
         <run_address>0x11b1f</run_address>
         <size>0x2c</size>
         <input_file_ref idref="fl-cb"/>
      </object_component>
      <object_component id="oc-3f">
         <name>.debug_info</name>
         <load_address>0x11b4b</load_address>
         <run_address>0x11b4b</run_address>
         <size>0x150</size>
         <input_file_ref idref="fl-cc"/>
      </object_component>
      <object_component id="oc-39">
         <name>.debug_info</name>
         <load_address>0x11c9b</load_address>
         <run_address>0x11c9b</run_address>
         <size>0x263</size>
         <input_file_ref idref="fl-cc"/>
      </object_component>
      <object_component id="oc-17">
         <name>.debug_info</name>
         <load_address>0x11efe</load_address>
         <run_address>0x11efe</run_address>
         <size>0x1cd</size>
         <input_file_ref idref="fl-cc"/>
      </object_component>
      <object_component id="oc-40">
         <name>.debug_info</name>
         <load_address>0x120cb</load_address>
         <run_address>0x120cb</run_address>
         <size>0x39</size>
         <input_file_ref idref="fl-cc"/>
      </object_component>
      <object_component id="oc-92">
         <name>.debug_info</name>
         <load_address>0x12104</load_address>
         <run_address>0x12104</run_address>
         <size>0x2c</size>
         <input_file_ref idref="fl-cc"/>
      </object_component>
      <object_component id="oc-b3">
         <name>.debug_info</name>
         <load_address>0x12130</load_address>
         <run_address>0x12130</run_address>
         <size>0x250</size>
         <input_file_ref idref="fl-ce"/>
      </object_component>
      <object_component id="oc-ad">
         <name>.debug_info</name>
[...]
         <value>0x4201</value>
         <object_component_ref idref="oc-dc"/>
      </symbol>
      <symbol id="sm-505">
         <name>_msprf24_crc_mask</name>
         <value>0x7841</value>
         <object_component_ref idref="oc-208"/>
      </symbol>
      <symbol id="sm-506">
         <name>msprf24_activate_tx</name>
         <value>0x45df</value>
         <object_component_ref idref="oc-dc"/>
      </symbol>
      <symbol id="sm-507">
         <name>tx_reuse_lastpayload</name>
         <value>0x3f4d</value>
         <object_component_ref idref="oc-dc"/>
      </symbol>
      <symbol id="sm-508">
         <name>msprf24_enable_feature</name>
         <value>0x4115</value>
         <object_component_ref idref="oc-dc"/>
      </symbol>
      <symbol id="sm-509">
         <name>msprf24_scan</name>
         <value>0x45fd</value>
         <object_component_ref idref="oc-dc"/>
      </symbol>
      <symbol id="sm-50a">
         <name>w_ack_payload</name>
         <value>0x3f6f</value>
         <object_component_ref idref="oc-dc"/>
      </symbol>
      <symbol id="sm-50b">
         <name>msprf24_queue_state</name>
         <value>0x45f3</value>
         <object_component_ref idref="oc-dc"/>
      </symbol>
      <symbol id="sm-50c">
         <name>msprf24_close_pipe</name>
         <value>0x417f</value>
         <object_component_ref idref="oc-dc"/>
      </symbol>
      <symbol id="sm-50d">
         <name>msprf24_init</name>
         <value>0x4031</value>
         <object_component_ref idref="oc-dc"/>
      </symbol>
      <symbol id="sm-50e">
         <name>msprf24_get_irq_reason</name>
         <value>0x46b1</value>
         <object_component_ref idref="oc-dc"/>
      </symbol>
      <symbol id="sm-50f">
         <name>pulse_ce</name>
         <value>0x75f1</value>
         <object_component_ref idref="oc-216"/>
      </symbol>
      <symbol id="sm-510">
         <name>msprf24_set_retransmit_count</name>
         <value>0x43f5</value>
         <object_component_ref idref="oc-dc"/>
      </symbol>
      <symbol id="sm-566">
         <name>Light</name>
         <value>0x2000019c</value>
      </symbol>
      <symbol id="sm-567">
         <name>EncoderDecipher</name>
         <value>0x5249</value>
         <object_component_ref idref="oc-d6"/>
      </symbol>
      <symbol id="sm-568">
         <name>InitFunction</name>
         <value>0x50a9</value>
         <object_component_ref idref="oc-d6"/>
      </symbol>
      <symbol id="sm-569">
         <name>Debouncer</name>
         <value>0x51e9</value>
         <object_component_ref idref="oc-d6"/>
      </symbol>
      <symbol id="sm-56a">
         <name>SSR_Init</name>
         <value>0x517b</value>
         <object_component_ref idref="oc-d6"/>
      </symbol>
      <symbol id="sm-56b">
         <name>binaryToDecimal</name>
         <value>0x51a5</value>
         <object_component_ref idref="oc-d6"/>
      </symbol>
      <symbol id="sm-56c">
         <name>calculateLighting</name>
         <value>0x53c9</value>
         <object_component_ref idref="oc-d6"/>
      </symbol>
      <symbol id="sm-651">
         <name>CS_startLFXT</name>
         <value>0x78a3</value>
         <object_component_ref idref="oc-1e6"/>
      </symbol>
      <symbol id="sm-652">
         <name>CS_getMCLK</name>
         <value>0x76b5</value>
         <object_component_ref idref="oc-13a"/>
      </symbol>
      <symbol id="sm-653">
         <name>CS_clearInterruptFlag</name>
         <value>0x7619</value>
         <object_component_ref idref="oc-397"/>
      </symbol>
      <symbol id="sm-654">
         <name>CS_startHFXT</name>
         <value>0x789d</value>
         <object_component_ref idref="oc-c4"/>
      </symbol>
      <symbol id="sm-655">
         <name>CS_getDCOFrequency</name>
         <value>0x6ced</value>
         <object_component_ref idref="oc-391"/>
      </symbol>
      <symbol id="sm-656">
         <name>CS_setExternalClockSourceFrequency</name>
         <value>0x7775</value>
         <object_component_ref idref="oc-be"/>
      </symbol>
      <symbol id="sm-657">
         <name>CS_getSMCLK</name>
         <value>0x76cd</value>
         <object_component_ref idref="oc-140"/>
      </symbol>
      <symbol id="sm-658">
         <name>CS_startHFXTWithTimeout</name>
         <value>0x6bcd</value>
         <object_component_ref idref="oc-1d3"/>
      </symbol>
      <symbol id="sm-659">
         <name>CS_startLFXTWithTimeout</name>
         <value>0x6c5d</value>
         <object_component_ref idref="oc-2c8"/>
      </symbol>
      <symbol id="sm-65a">
         <name>CS_initClockSignal</name>
         <value>0x683d</value>
         <object_component_ref idref="oc-ca"/>
      </symbol>
      <symbol id="sm-6eb">
         <name>GPIO_setAsInputPin</name>
         <value>0x75c5</value>
         <object_component_ref idref="oc-152"/>
      </symbol>
      <symbol id="sm-6ec">
         <name>GPIO_setAsInputPinWithPullUpResistor</name>
         <value>0x7535</value>
         <object_component_ref idref="oc-1e0"/>
      </symbol>
      <symbol id="sm-6ed">
         <name>GPIO_getInterruptStatus</name>
         <value>0x7801</value>
         <object_component_ref idref="oc-27c"/>
      </symbol>
      <symbol id="sm-6ee">
         <name>GPIO_enableInterrupt</name>
         <value>0x7789</value>
         <object_component_ref idref="oc-15e"/>
      </symbol>
      <symbol id="sm-6ef">
         <name>GPIO_getEnabledInterruptStatus</name>
         <value>0x7505</value>
         <object_component_ref idref="oc-167"/>
      </symbol>
      <symbol id="sm-6f0">
         <name>GPIO_setAsOutputPin</name>
         <value>0x763d</value>
         <object_component_ref idref="oc-146"/>
      </symbol>
      <symbol id="sm-6f1">
         <name>GPIO_setOutputLowOnPin</name>
         <value>0x76fd</value>
         <object_component_ref idref="oc-14c"/>
      </symbol>
      <symbol id="sm-6f2">
         <name>GPIO_clearInterruptFlag</name>
         <value>0x76e5</value>
         <object_component_ref idref="oc-158"/>
      </symbol>
      <symbol id="sm-6f3">
         <name>GPIO_toggleOutputOnPin</name>
         <value>0x779d</value>
         <object_component_ref idref="oc-128"/>
      </symbol>
      <symbol id="sm-6f4">
         <name>GPIO_setAsPeripheralModuleFunctionOutputPin</name>
         <value>0x7345</value>
         <object_component_ref idref="oc-d0"/>
      </symbol>
      <symbol id="sm-6f5">
         <name>GPIO_getInputPinValue</name>
         <value>0x7661</value>
         <object_component_ref idref="oc-1ec"/>
      </symbol>
      <symbol id="sm-6f6">
         <name>GPIO_setAsPeripheralModuleFunctionInputPin</name>
         <value>0x72f9</value>
         <object_component_ref idref="oc-2d0"/>
      </symbol>
      <symbol id="sm-701">
         <name>Interrupt_enableMaster</name>
         <value>0x7811</value>
         <object_component_ref idref="oc-202"/>
      </symbol>
      <symbol id="sm-737">
         <name>EUSCI_B_SPI_enable</name>
         <value>0x7877</value>
         <object_component_ref idref="oc-3ae"/>
      </symbol>
      <symbol id="sm-738">
         <name>SPI_enableModule</name>
         <value>0x7699</value>
         <object_component_ref idref="oc-2dc"/>
      </symbol>
      <symbol id="sm-739">
         <name>EUSCI_A_SPI_enable</name>
         <value>0x786b</value>
         <object_component_ref idref="oc-3b4"/>
      </symbol>
      <symbol id="sm-73a">
         <name>SPI_initMaster</name>
         <value>0x6e85</value>
         <object_component_ref idref="oc-2d6"/>
      </symbol>
      <symbol id="sm-75d">
         <name>SysCtl_getNMISourceStatus</name>
         <value>0x7885</value>
         <object_component_ref idref="oc-2aa"/>
      </symbol>
      <symbol id="sm-75e">
         <name>SysCtl_enableNMISource</name>
         <value>0x7831</value>
         <object_component_ref idref="oc-2bc"/>
      </symbol>
      <symbol id="sm-75f">
         <name>SysCtl_disableNMISource</name>
         <value>0x7821</value>
         <object_component_ref idref="oc-2b0"/>
      </symbol>
      <symbol id="sm-769">
         <name>CPU_cpsie</name>
         <value>0x785f</value>
         <object_component_ref idref="oc-2e7"/>
      </symbol>
      <symbol id="sm-77a">
         <name>_c_int00</name>
         <value>0x7251</value>
         <object_component_ref idref="oc-22"/>
      </symbol>
      <symbol id="sm-77b">
         <name>__stack</name>
         <value>0x2000fe00</value>
         <object_component_ref idref="oc-2b"/>
      </symbol>
      <symbol id="sm-792">
         <name>__TI_decompress_none</name>
         <value>0x7851</value>
         <object_component_ref idref="oc-10"/>
      </symbol>
      <symbol id="sm-7ba">
         <name>__TI_decompress_rle24</name>
         <value>0x78a9</value>
         <object_component_ref idref="oc-16"/>
      </symbol>
      <symbol id="sm-7dc">
         <name>C$$EXIT</name>
         <value>0x72a5</value>
         <object_component_ref idref="oc-69"/>
      </symbol>
      <symbol id="sm-7dd">
         <name>abort</name>
         <value>0x72a9</value>
         <object_component_ref idref="oc-69"/>
      </symbol>
      <symbol id="sm-7de">
         <name>exit</name>
         <value>0x72b1</value>
         <object_component_ref idref="oc-69"/>
      </symbol>
      <symbol id="sm-7df">
         <name>__TI_dtors_ptr</name>
         <value>0x20000260</value>
         <object_component_ref idref="oc-ac"/>
      </symbol>
      <symbol id="sm-7e0">
         <name>__TI_cleanup_ptr</name>
         <value>0x2000025c</value>
         <object_component_ref idref="oc-ac"/>
      </symbol>
      <symbol id="sm-7e1">
         <name>__TI_enable_exit_profile_output</name>
         <value>0x20000264</value>
         <object_component_ref idref="oc-ac"/>
      </symbol>
      <symbol id="sm-7fc">
         <name>memcpy</name>
         <value>0x6b31</value>
         <object_component_ref idref="oc-2c"/>
      </symbol>
      <symbol id="sm-7fd">
         <name>__aeabi_memcpy</name>
         <value>0x6b31</value>
         <object_component_ref idref="oc-2c"/>
      </symbol>
      <symbol id="sm-7fe">
         <name>__aeabi_memcpy8</name>
         <value>0x6b31</value>
         <object_component_ref idref="oc-2c"/>
      </symbol>
      <symbol id="sm-7ff">
         <name>__aeabi_memcpy4</name>
         <value>0x6b31</value>
         <object_component_ref idref="oc-2c"/>
      </symbol>
      <symbol id="sm-80e">
         <name>__aeabi_memset</name>
         <value>0x6f03</value>
         <object_component_ref idref="oc-45"/>
      </symbol>
      <symbol id="sm-80f">
         <name>memset</name>
         <value>0x6f09</value>
         <object_component_ref idref="oc-45"/>
      </symbol>
      <symbol id="sm-810">
         <name>__aeabi_memset8</name>
         <value>0x6f03</value>
         <object_component_ref idref="oc-45"/>
      </symbol>
      <symbol id="sm-811">
         <name>__aeabi_memset4</name>
         <value>0x6f03</value>
         <object_component_ref idref="oc-45"/>
      </symbol>
      <symbol id="sm-812">
         <name>__aeabi_memclr8</name>
         <value>0x6f01</value>
         <object_component_ref idref="oc-45"/>
      </symbol>
      <symbol id="sm-813">
         <name>__aeabi_memclr4</name>
         <value>0x6f01</value>
         <object_component_ref idref="oc-45"/>
      </symbol>
      <symbol id="sm-814">
         <name>__aeabi_memclr</name>
         <value>0x6f01</value>
         <object_component_ref idref="oc-45"/>
      </symbol>
      <symbol id="sm-81e">
         <name>__mpu_init</name>
         <value>0x50a7</value>
         <object_component_ref idref="oc-51"/>
      </symbol>
      <symbol id="sm-828">
         <name>_system_pre_init</name>
         <value>0x78b3</value>
         <object_component_ref idref="oc-57"/>
      </symbol>
      <symbol id="sm-841">
         <name>sprintf</name>
         <value>0x7199</value>
         <object_component_ref idref="oc-ee"/>
      </symbol>
      <symbol id="sm-863">
         <name>sscanf</name>
         <value>0x692f</value>
         <object_component_ref idref="oc-e2"/>
      </symbol>
      <symbol id="sm-864">
         <name>vsscanf</name>
         <value>0x691d</value>
         <object_component_ref idref="oc-e2"/>
      </symbol>
      <symbol id="sm-86c">
         <name>main_func_sp</name>
         <value>0x20000280</value>
         <object_component_ref idref="oc-6f"/>
      </symbol>
      <symbol id="sm-87a">
         <name>strcpy</name>
         <value>0x77d9</value>
         <object_component_ref idref="oc-12e"/>
      </symbol>
      <symbol id="sm-888">
         <name>strlen</name>
         <value>0x77ed</value>
         <object_component_ref idref="oc-f4"/>
      </symbol>
      <symbol id="sm-8a1">
         <name>_nop</name>
         <value>0x77bf</value>
         <object_component_ref idref="oc-1a2"/>
      </symbol>
      <symbol id="sm-8a2">
         <name>_lock</name>
         <value>0x20000274</value>
         <object_component_ref idref="oc-af"/>
      </symbol>
      <symbol id="sm-8a3">
         <name>_unlock</name>
         <value>0x20000278</value>
         <object_component_ref idref="oc-af"/>
      </symbol>
      <symbol id="sm-8a4">
         <name>_register_lock</name>
         <value>0x77b7</value>
         <object_component_ref idref="oc-1a2"/>
      </symbol>
      <symbol id="sm-8a5">
         <name>_register_unlock</name>
         <value>0x77b1</value>
         <object_component_ref idref="oc-1a2"/>
      </symbol>
      <symbol id="sm-9ac">
         <name>__TI_printfi</name>
         <value>0x29f7</value>
         <object_component_ref idref="oc-22f"/>
      </symbol>
      <symbol id="sm-a44">
         <name>__TI_scanfi</name>
         <value>0x4bf9</value>
         <object_component_ref idref="oc-21e"/>
      </symbol>
      <symbol id="sm-a58">
         <name>_args_main</name>
         <value>0x7715</value>
         <object_component_ref idref="oc-63"/>
      </symbol>
      <symbol id="sm-a6e">
         <name>atoi</name>
         <value>0x73dd</value>
         <object_component_ref idref="oc-31e"/>
      </symbol>
      <symbol id="sm-a93">
         <name>__TI_auto_init</name>
         <value>0x6fed</value>
         <object_component_ref idref="oc-5d"/>
      </symbol>
      <symbol id="sm-aad">
         <name>copy_in</name>
         <value>0x7429</value>
         <object_component_ref idref="oc-9c"/>
      </symbol>
      <symbol id="sm-ab8">
         <name>_ctypes_</name>
         <value>0x7db3</value>
         <object_component_ref idref="oc-224"/>
      </symbol>
      <symbol id="sm-acf">
         <name>__aeabi_dsub</name>
         <value>0x5eb1</value>
         <object_component_ref idref="oc-35a"/>
      </symbol>
      <symbol id="sm-ad0">
         <name>__aeabi_dadd</name>
         <value>0x5ebb</value>
         <object_component_ref idref="oc-35a"/>
      </symbol>
      <symbol id="sm-af2">
         <name>__aeabi_cdcmpeq</name>
         <value>0x6d79</value>
         <object_component_ref idref="oc-336"/>
      </symbol>
      <symbol id="sm-af3">
         <name>__aeabi_cdcmple</name>
         <value>0x6d79</value>
         <object_component_ref idref="oc-336"/>
      </symbol>
      <symbol id="sm-af4">
         <name>__aeabi_cdrcmple</name>
         <value>0x6dff</value>
         <object_component_ref idref="oc-345"/>
      </symbol>
      <symbol id="sm-b08">
         <name>__aeabi_ddiv</name>
         <value>0x61d5</value>
         <object_component_ref idref="oc-340"/>
      </symbol>
      <symbol id="sm-b13">
         <name>__aeabi_dmul</name>
         <value>0x6555</value>
         <object_component_ref idref="oc-33b"/>
      </symbol>
      <symbol id="sm-b1d">
         <name>__aeabi_d2iz</name>
         <value>0x74bd</value>
         <object_component_ref idref="oc-34a"/>
      </symbol>
      <symbol id="sm-b29">
         <name>__aeabi_d2f</name>
         <value>0x705d</value>
         <object_component_ref idref="oc-306"/>
      </symbol>
      <symbol id="sm-b33">
         <name>__aeabi_i2d</name>
         <value>0x7595</value>
         <object_component_ref idref="oc-355"/>
      </symbol>
      <symbol id="sm-b42">
         <name>ltoa</name>
         <value>0x71f9</value>
         <object_component_ref idref="oc-34f"/>
      </symbol>
      <symbol id="sm-b52">
         <name>memccpy</name>
         <value>0x767d</value>
         <object_component_ref idref="oc-36b"/>
      </symbol>
      <symbol id="sm-b6d">
         <name>frexpl</name>
         <value>0x7135</value>
         <object_component_ref idref="oc-35f"/>
      </symbol>
      <symbol id="sm-b6e">
         <name>frexp</name>
         <value>0x7135</value>
         <object_component_ref idref="oc-35f"/>
      </symbol>
      <symbol id="sm-b8b">
         <name>scalbn</name>
         <value>0x6651</value>
         <object_component_ref idref="oc-365"/>
      </symbol>
      <symbol id="sm-b8c">
         <name>scalbnl</name>
         <value>0x6651</value>
         <object_component_ref idref="oc-365"/>
      </symbol>
      <symbol id="sm-b8d">
         <name>ldexpl</name>
         <value>0x6651</value>
         <object_component_ref idref="oc-365"/>
      </symbol>
      <symbol id="sm-b8e">
         <name>ldexp</name>
         <value>0x6651</value>
         <object_component_ref idref="oc-365"/>
      </symbol>
      <symbol id="sm-b98">
         <name>_system_post_cinit</name>
         <value>0x6067</value>
         <object_component_ref idref="oc-a2"/>
      </symbol>
      <symbol id="sm-ba8">
         <name>strchr</name>
         <value>0x775d</value>
         <object_component_ref idref="oc-2ee"/>
      </symbol>
      <symbol id="sm-bb7">
         <name>strrchr</name>
         <value>0x7745</value>
         <object_component_ref idref="oc-318"/>
      </symbol>
      <symbol id="sm-bf4">
         <name>strtold</name>
         <value>0x589d</value>
         <object_component_ref idref="oc-300"/>
      </symbol>
      <symbol id="sm-bf5">
         <name>strtod</name>
         <value>0x589d</value>
         <object_component_ref idref="oc-300"/>
      </symbol>
      <symbol id="sm-c1a">
         <name>strtol</name>
         <value>0x630d</value>
         <object_component_ref idref="oc-30b"/>
      </symbol>
      <symbol id="sm-c43">
         <name>strtoll</name>
         <value>0x5ccd</value>
         <object_component_ref idref="oc-311"/>
      </symbol>
      <symbol id="sm-c64">
         <name>strtoul</name>
         <value>0x6441</value>
         <object_component_ref idref="oc-2f4"/>
      </symbol>
      <symbol id="sm-c8a">
         <name>strtoull</name>
         <value>0x6069</value>
         <object_component_ref idref="oc-2fa"/>
      </symbol>
      <symbol id="sm-ca6">
         <name>__aeabi_uldivmod</name>
         <value>0x5ad9</value>
         <object_component_ref idref="oc-331"/>
      </symbol>
      <symbol id="sm-cae">
         <name>errno</name>
         <value>0x2000027c</value>
         <object_component_ref idref="oc-3c7"/>
      </symbol>
      <symbol id="sm-cb7">
         <name>__aeabi_lmul</name>
         <value>0x772d</value>
         <object_component_ref idref="oc-3cc"/>
      </symbol>
      <symbol id="sm-cc1">
         <name>copysign</name>
         <value>0x77c5</value>
         <object_component_ref idref="oc-3f7"/>
      </symbol>
      <symbol id="sm-cc2">
         <name>copysignl</name>
         <value>0x77c5</value>
         <object_component_ref idref="oc-3f7"/>
      </symbol>
      <symbol id="sm-cc3">
         <name>__TI_static_base__</name>
         <value>0x0</value>
      </symbol>
      <symbol id="sm-cc6">
         <name>SHT$$INIT_ARRAY$$Limit</name>
         <value>0x0</value>
      </symbol>
      <symbol id="sm-cc7">
         <name>SHT$$INIT_ARRAY$$Base</name>
         <value>0x0</value>
      </symbol>
   </symbol_table>
   <title>Link successful</title>
</link_info>
