******************************************************************************
                  TI ARM Linker PC v15.12.0                    
******************************************************************************
>> Linked Tue Mar 22 09:08:50 2016

OUTPUT FILE NAME:   <Project 1 Base Software.out>
ENTRY POINT SYMBOL: "_c_int00"  address: 00007325


MEMORY CONFIGURATION

         name            origin    length      used     unused   attr    fill
----------------------  --------  ---------  --------  --------  ----  --------
  MAIN                  00000000   00040000  000081d4  00037e2c  R  X
  INFO                  00200000   00004000  00000000  00004000  R  X
  SRAM_CODE             01000000   00010000  00000000  00010000  RW X
  SRAM_DATA             20000000   00010000  00000489  0000fb77  RW  


SEGMENT ALLOCATION MAP

run origin  load origin   length   init length attrs members
----------  ----------- ---------- ----------- ----- -------
00000000    00000000    000081dc   000081dc    r-x
  00000000    00000000    00000140   00000140    r-- .intvecs
  00000140    00000140    0000784a   0000784a    r-x .text
  00007990    00007990    000007f6   000007f6    r-- .const
  00008188    00008188    00000054   00000054    r-- .cinit
20000000    20000000    0000028c   00000000    rw-
  20000000    20000000    00000221   00000000    rw- .bss
  20000224    20000224    00000068   00000000    rw- .data
2000fe00    2000fe00    00000200   00000000    rw-
  2000fe00    2000fe00    00000200   00000000    rw- .stack


SECTION ALLOCATION MAP

 output                                  attributes/
section   page    origin      length       input sections
--------  ----  ----------  ----------   ----------------
.intvecs   0    00000000    00000140     
                  00000000    00000140     msp432_startup_ccs.obj (.intvecs:retain)

.text      0    00000140    0000784a     
                  00000140    00001b80     main.obj (.text)
                  00001cc0    00001110     rtsv7M4_T_le_v4SPD16_eabi.lib : _printfi.obj (.text)
                  00002dd0    00000e6c     ST7735.obj (.text)
                  00003c3c    00000c14     msprf24.obj (.text)
                  00004850    0000092a     rtsv7M4_T_le_v4SPD16_eabi.lib : _scanfi.obj (.text)
                  0000517a    00000002                                   : mpu_init.obj (.text)
                  0000517c    000004c4     support.obj (.text)
                  00005640    00000330     ClockSystem.obj (.text)
                  00005970    0000023c     rtsv7M4_T_le_v4SPD16_eabi.lib : strtod.obj (.text)
                  00005bac    000001f4                                   : ull_div_t2.obj (.text)
                  00005da0    000001e4                                   : strtoll.obj (.text)
                  00005f84    000001b6                                   : fd_add_t2.obj (.text)
                  0000613a    00000002                                   : startup.obj (.text)
                  0000613c    0000016c                                   : strtoull.obj (.text)
                  000062a8    00000136                                   : fd_div_t2.obj (.text)
                  000063de    00000002     --HOLE-- [fill = 0]
                  000063e0    00000134                                   : strtol.obj (.text)
                  00006514    00000114                                   : strtoul.obj (.text)
                  00006628    000000fc                                   : fd_mul_t2.obj (.text)
                  00006724    000000fc                                   : s_scalbn.obj (.text)
                  00006820    000000f0     dht22.obj (.text)
                  00006910    000000e0     msp432p4xx_driverlib.lib : cs.o (.text:CS_initClockSignal)
                  000069f0    000000cc     rtsv7M4_T_le_v4SPD16_eabi.lib : sscanf.obj (.text)
                  00006abc    000000ac     msp430_spi.obj (.text)
                  00006b68    0000009c     msp432p4xx_driverlib.lib : cs.o (.text:_CSComputeCLKFrequency)
                  00006c04    0000009c     rtsv7M4_T_le_v4SPD16_eabi.lib : memcpy_t2.obj (.text)
                  00006ca0    00000090     msp432p4xx_driverlib.lib : cs.o (.text:CS_startHFXTWithTimeout)
                  00006d30    00000090                              : cs.o (.text:CS_startLFXTWithTimeout)
                  00006dc0    0000008c                              : cs.o (.text:CS_getDCOFrequency)
                  00006e4c    00000086     rtsv7M4_T_le_v4SPD16_eabi.lib : fd_cmp_t2.obj (.text:__aeabi_cdcmple)
                  00006ed2    00000086                                   : fd_cmp_t2.obj (.text:__aeabi_cdrcmple)
                  00006f58    0000007c     msp432p4xx_driverlib.lib : spi.o (.text:SPI_initMaster)
                  00006fd4    0000007a     rtsv7M4_T_le_v4SPD16_eabi.lib : memset_t2.obj (.text)
                  0000704e    00000002     --HOLE-- [fill = 0]
                  00007050    00000070     msp432p4xx_driverlib.lib : cs.o (.text:_CSGetHFXTFrequency)
                  000070c0    00000070     rtsv7M4_T_le_v4SPD16_eabi.lib : autoinit.obj (.text)
                  00007130    0000006e                                   : fd_tos_t2.obj (.text)
                  0000719e    0000006a                                   : copy_decompress_rle.obj (.text)
                  00007208    00000064                                   : s_frexp.obj (.text)
                  0000726c    00000060                                   : sprintf.obj (.text)
                  000072cc    00000056                                   : ltoa.obj (.text)
                  00007322    00000002     --HOLE-- [fill = 0]
                  00007324    00000054                                   : boot.obj (.text)
                  00007378    00000054                                   : exit.obj (.text)
                  000073cc    0000004c     msp432p4xx_driverlib.lib : gpio.o (.text:GPIO_setAsPeripheralModuleFunctionInputPin)
                  00007418    0000004c                              : gpio.o (.text:GPIO_setAsPeripheralModuleFunctionOutputPin)
                  00007464    0000004c                              : cs.o (.text:_CSGetDOCFrequency)
                  000074b0    0000004c     rtsv7M4_T_le_v4SPD16_eabi.lib : atoi.obj (.text)
                  000074fc    0000004c                                   : cpy_tbl.obj (.text)
                  00007548    00000048     msp432p4xx_driverlib.lib : cs.o (.text:_CSGetDividerValue)
                  00007590    00000048     rtsv7M4_T_le_v4SPD16_eabi.lib : fd_toi_t2.obj (.text)
                  000075d8    00000030     msp432p4xx_driverlib.lib : gpio.o (.text:GPIO_getEnabledInterruptStatus)
                  00007608    00000030                              : gpio.o (.text:GPIO_setAsInputPinWithPullUpResistor)
                  00007638    00000030                              : spi.o (.text:is_A_Module)
                  00007668    0000002e     rtsv7M4_T_le_v4SPD16_eabi.lib : i_tofd_t2.obj (.text)
                  00007696    00000002     --HOLE-- [fill = 0]
                  00007698    0000002c     msp432p4xx_driverlib.lib : gpio.o (.text:GPIO_setAsInputPin)
                  000076c4    00000028     msprf24.obj (.text:pulse_ce)
                  000076ec    00000024     msp432p4xx_driverlib.lib : cs.o (.text:CS_clearInterruptFlag)
                  00007710    00000024                              : gpio.o (.text:GPIO_setAsOutputPin)
                  00007734    0000001c                              : gpio.o (.text:GPIO_getInputPinValue)
                  00007750    0000001c     rtsv7M4_T_le_v4SPD16_eabi.lib : memccpy.obj (.text)
                  0000776c    0000001a     msp432p4xx_driverlib.lib : spi.o (.text:SPI_enableModule)
                  00007786    00000002     --HOLE-- [fill = 0]
                  00007788    00000018                              : cs.o (.text:CS_getMCLK)
                  000077a0    00000018                              : cs.o (.text:CS_getSMCLK)
                  000077b8    00000018                              : gpio.o (.text:GPIO_clearInterruptFlag)
                  000077d0    00000018                              : gpio.o (.text:GPIO_setOutputLowOnPin)
                  000077e8    00000018     rtsv7M4_T_le_v4SPD16_eabi.lib : args_main.obj (.text)
                  00007800    00000018                                   : ll_mul_t2.obj (.text)
                  00007818    00000018                                   : strrchr.obj (.text)
                  00007830    00000016                                   : strchr.obj (.text)
                  00007846    00000002     --HOLE-- [fill = 0]
                  00007848    00000014     msp432p4xx_driverlib.lib : cs.o (.text:CS_setExternalClockSourceFrequency)
                  0000785c    00000014                              : gpio.o (.text:GPIO_enableInterrupt)
                  00007870    00000014                              : gpio.o (.text:GPIO_toggleOutputOnPin)
                  00007884    00000014     rtsv7M4_T_le_v4SPD16_eabi.lib : _lock.obj (.text)
                  00007898    00000014                                   : s_copysign.obj (.text)
                  000078ac    00000014                                   : strcpy.obj (.text)
                  000078c0    00000014                                   : strlen.obj (.text)
                  000078d4    00000010     msp432p4xx_driverlib.lib : gpio.o (.text:GPIO_getInterruptStatus)
                  000078e4    00000010                              : interrupt.o (.text:Interrupt_enableMaster)
                  000078f4    00000010                              : sysctl.o (.text:SysCtl_disableNMISource)
                  00007904    00000010                              : sysctl.o (.text:SysCtl_enableNMISource)
                  00007914    00000010     msprf24.obj (.text:_msprf24_crc_mask)
                  00007924    0000000e     rtsv7M4_T_le_v4SPD16_eabi.lib : copy_decompress_none.obj (.text:decompress:none)
                  00007932    0000000c     msp432p4xx_driverlib.lib : cpu.o (.text:CPU_cpsie)
                  0000793e    0000000c                              : spi.o (.text:EUSCI_A_SPI_enable)
                  0000794a    0000000c                              : spi.o (.text:EUSCI_B_SPI_enable)
                  00007956    00000002     --HOLE-- [fill = 0]
                  00007958    0000000c                              : sysctl.o (.text:SysCtl_getNMISourceStatus)
                  00007964    0000000c     msp432_startup_ccs.obj (.text)
                  00007970    00000006     msp432p4xx_driverlib.lib : cs.o (.text:CS_startHFXT)
                  00007976    00000006                              : cs.o (.text:CS_startLFXT)
                  0000797c    00000006     rtsv7M4_T_le_v4SPD16_eabi.lib : copy_decompress_rle.obj (.text:decompress:rle24)
                  00007982    00000004     msprf24.obj (.text:_msprf24_irq_mask)
                  00007986    00000004     rtsv7M4_T_le_v4SPD16_eabi.lib : pre_init.obj (.text)

.const     0    00007990    000007f6     
                  00007990    000004fb     ST7735.obj (.const:.string:Font)
                  00007e8b    00000101     rtsv7M4_T_le_v4SPD16_eabi.lib : ctype.obj (.const:.string:_ctypes_)
                  00007f8c    00000004     --HOLE-- [fill = 0]
                  00007f90    00000098                                   : strtod.obj (.const:$O1$$)
                  00008028    00000067     ST7735.obj (.const:.string:Bcmd)
                  0000808f    0000003b     ST7735.obj (.const:.string:Rcmd1)
                  000080ca    00000002     --HOLE-- [fill = 0]
                  000080cc    00000030     msp432p4xx_driverlib.lib : gpio.o (.const:GPIO_PORT_TO_BASE)
                  000080fc    0000002b     ST7735.obj (.const:.string:Rcmd3)
                  00008127    00000001     --HOLE-- [fill = 0]
                  00008128    0000001c     msp430_spi.obj (.const:spiMasterConfig)
                  00008144    00000018     main.obj (.const:upConfig)
                  0000815c    00000010     rtsv7M4_T_le_v4SPD16_eabi.lib : _scanfi.obj (.const:$O1$$)
                  0000816c    0000000d     ST7735.obj (.const:.string:Rcmd2green)
                  00008179    0000000d     ST7735.obj (.const:.string:Rcmd2red)

.cinit     0    00008188    00000054     
                  00008188    0000002e     (.cinit..data.load) [load image, compression = rle]
                  000081b6    00000002     --HOLE-- [fill = 0]
                  000081b8    0000000b     (.cinit..bss.load) [load image, compression = rle]
                  000081c3    00000001     --HOLE-- [fill = 0]
                  000081c4    00000008     (__TI_handler_table)
                  000081cc    00000010     (__TI_cinit_table)

.init_array 
*          0    00000000    00000000     UNINITIALIZED

.bss       0    20000000    00000221     UNINITIALIZED
                  20000000    0000003c     (.common:months)
                  2000003c    00000034     (.common:temp)
                  20000070    00000034     (.common:tempString)
                  200000a4    00000028     (.common:dateStringColor)
                  200000cc    00000028     (.common:lightIndexString)
                  200000f4    00000028     (.common:timeStringColor)
                  2000011c    00000020     (.common:data)
                  2000013c    0000001c     main.obj (.bss:setTime)
                  20000158    0000001c     (.common:newTime)
                  20000174    00000014     (.common:dateString)
                  20000188    00000014     (.common:timeString)
                  2000019c    0000000c     (.common:Light)
                  200001a8    0000000c     (.common:date)
                  200001b4    0000000c     (.common:time)
                  200001c0    00000008     (.common:addr)
                  200001c8    00000008     (.common:lightIndex)
                  200001d0    00000005     (.common:dht_data)
                  200001d5    00000004     ST7735.obj (.bss)
                  200001d9    00000001     (.common:dht_current_state)
                  200001da    00000004     main.obj (.bss:humidityIN)
                  200001de    00000004     main.obj (.bss:humidityOUT)
                  200001e2    00000004     main.obj (.bss:lux)
                  200001e6    00000004     main.obj (.bss:pressure)
                  200001ea    00000004     main.obj (.bss:temperatureIN)
                  200001ee    00000004     main.obj (.bss:temperatureOUT)
                  200001f2    00000004     (.common:Encoder1)
                  200001f6    00000004     (.common:Encoder2)
                  200001fa    00000004     (.common:PushButton)
                  200001fe    00000001     (.common:dht_data_bit)
                  200001ff    00000001     (.common:dht_data_byte)
                  20000200    00000004     (.common:hfxtFreq)
                  20000204    00000004     (.common:lfxtFreq)
                  20000208    00000004     (.common:screen)
                  2000020c    00000004     (.common:status)
                  20000210    00000004     (.common:tempFormat)
                  20000214    00000004     (.common:user)
                  20000218    00000001     (.common:flag)
                  20000219    00000001     (.common:rf_addr_width)
                  2000021a    00000001     (.common:rf_channel)
                  2000021b    00000001     (.common:rf_crc)
                  2000021c    00000001     (.common:rf_feature)
                  2000021d    00000001     (.common:rf_irq)
                  2000021e    00000001     (.common:rf_speed_power)
                  2000021f    00000001     (.common:rf_status)
                  20000220    00000001     (.common:tempCharacter)

.data      0    20000224    00000068     UNINITIALIZED
                  20000224    00000018     main.obj (.data)
                  2000023c    00000014     ClockSystem.obj (.data)
                  20000250    00000014     ST7735.obj (.data)
                  20000264    0000000c     rtsv7M4_T_le_v4SPD16_eabi.lib : exit.obj (.data:$O1$$)
                  20000270    0000000c     support.obj (.data)
                  2000027c    00000008     rtsv7M4_T_le_v4SPD16_eabi.lib : _lock.obj (.data:$O1$$)
                  20000284    00000004                                   : errno.obj (.data)
                  20000288    00000004                                   : stkdepth_vars.obj (.data)

.stack     0    2000fe00    00000200     UNINITIALIZED
                  2000fe00    00000200     --HOLE--

MODULE SUMMARY

       Module                     code    ro data   rw data
       ------                     ----    -------   -------
    .\
       main.obj                   7040    24        502    
       ST7735.obj                 3692    1506      24     
       msprf24.obj                3152    0         7      
       support.obj                1220    0         24     
       ClockSystem.obj            816     0         20     
       msp432_startup_ccs.obj     12      320       0      
       dht22.obj                  240     0         36     
       msp430_spi.obj             172     28        0      
    +--+--------------------------+-------+---------+---------+
       Total:                     16344   1878      613    
                                                           
    ../msp432p4xx_driverlib.lib
       cs.o                       1184    0         8      
       gpio.o                     460     48        0      
       spi.o                      222     0         0      
       sysctl.o                   44      0         0      
       interrupt.o                16      0         0      
       cpu.o                      12      0         0      
    +--+--------------------------+-------+---------+---------+
       Total:                     1938    48        8      
                                                           
    C:\ti\ccsv6\tools\compiler\ti-cgt-arm_15.12.0.LTS\lib\rtsv7M4_T_le_v4SPD16_eabi.lib
       _printfi.obj               4368    0         0      
       _scanfi.obj                2346    16        0      
       strtod.obj                 572     152       0      
       ull_div_t2.obj             500     0         0      
       strtoll.obj                484     0         0      
       fd_add_t2.obj              438     0         0      
       strtoull.obj               364     0         0      
       fd_div_t2.obj              310     0         0      
       strtol.obj                 308     0         0      
       strtoul.obj                276     0         0      
       fd_cmp_t2.obj              268     0         0      
       ctype.obj                  0       257       0      
       fd_mul_t2.obj              252     0         0      
       s_scalbn.obj               252     0         0      
       sscanf.obj                 204     0         0      
       memcpy_t2.obj              156     0         0      
       memset_t2.obj              122     0         0      
       autoinit.obj               112     0         0      
       copy_decompress_rle.obj    112     0         0      
       fd_tos_t2.obj              110     0         0      
       s_frexp.obj                100     0         0      
       exit.obj                   84      0         12     
       sprintf.obj                96      0         0      
       ltoa.obj                   86      0         0      
       boot.obj                   84      0         0      
       atoi.obj                   76      0         0      
       cpy_tbl.obj                76      0         0      
       fd_toi_t2.obj              72      0         0      
       i_tofd_t2.obj              46      0         0      
       _lock.obj                  20      0         8      
       memccpy.obj                28      0         0      
       args_main.obj              24      0         0      
       ll_mul_t2.obj              24      0         0      
       strrchr.obj                24      0         0      
       strchr.obj                 22      0         0      
       s_copysign.obj             20      0         0      
       strcpy.obj                 20      0         0      
       strlen.obj                 20      0         0      
       copy_decompress_none.obj   14      0         0      
       errno.obj                  0       0         4      
       pre_init.obj               4       0         0      
       stkdepth_vars.obj          0       0         4      
       mpu_init.obj               2       0         0      
       startup.obj                2       0         0      
    +--+--------------------------+-------+---------+---------+
       Total:                     12498   425       28     
                                                           
       Stack:                     0       0         512    
       Linker Generated:          0       81        0      
    +--+--------------------------+-------+---------+---------+
       Grand Total:               30780   2432      1161   


LINKER GENERATED COPY TABLES

__TI_cinit_table @ 000081cc records: 2, size/record: 8, table size: 16
	.data: load addr=00008188, load size=0000002e bytes, run addr=20000224, run size=00000068 bytes, compression=rle
	.bss: load addr=000081b8, load size=0000000b bytes, run addr=20000000, run size=00000221 bytes, compression=rle


LINKER GENERATED HANDLER TABLE

__TI_handler_table @ 000081c4 records: 2, size/record: 4, table size: 8
	index: 0, handler: __TI_decompress_rle24
	index: 1, handler: __TI_decompress_none


GLOBAL SYMBOLS: SORTED ALPHABETICALLY BY Name 

address   name                                       
-------   ----                                       
2000025c  BgColor                                    
00007379  C$$EXIT                                    
20000240  CPMwait                                    
00007933  CPU_cpsie                                  
000076ed  CS_clearInterruptFlag                      
00006dc1  CS_getDCOFrequency                         
00007789  CS_getMCLK                                 
000077a1  CS_getSMCLK                                
00006911  CS_initClockSignal                         
00007849  CS_setExternalClockSourceFrequency         
00007971  CS_startHFXT                               
00006ca1  CS_startHFXTWithTimeout                    
00007977  CS_startLFXT                               
00006d31  CS_startLFXTWithTimeout                    
00005641  Clock_Init                                 
0000577b  Clock_Init32kHz                            
0000568b  Clock_Init48MHz                            
0000586d  Clock_InitLowPower                         
2000024c  Crystalstable                              
000052bd  Debouncer                                  
00002e67  Delay1ms                                   
00000141  DelayWait10ms                              
0000183d  DisplayInit                                
0000793f  EUSCI_A_SPI_enable                         
0000794b  EUSCI_B_SPI_enable                         
200001f2  Encoder1                                   
200001f6  Encoder2                                   
0000531d  EncoderDecipher                            
000077b9  GPIO_clearInterruptFlag                    
0000785d  GPIO_enableInterrupt                       
000075d9  GPIO_getEnabledInterruptStatus             
00007735  GPIO_getInputPinValue                      
000078d5  GPIO_getInterruptStatus                    
00007699  GPIO_setAsInputPin                         
00007609  GPIO_setAsInputPinWithPullUpResistor       
00007711  GPIO_setAsOutputPin                        
000073cd  GPIO_setAsPeripheralModuleFunctionInputPin 
00007419  GPIO_setAsPeripheralModuleFunctionOutputPin
000077d1  GPIO_setOutputLowOnPin                     
00007871  GPIO_toggleOutputOnPin                     
20000248  IFlags                                     
0000517d  InitFunction                               
000018e9  InitOneWire                                
000078e5  Interrupt_enableMaster                     
2000019c  Light                                      
00003bd3  Output_Clear                               
00003bed  Output_Color                               
00003bc3  Output_Init                                
00003bdd  Output_Off                                 
00003be5  Output_On                                  
20000244  Postwait                                   
2000023c  Prewait                                    
200001fa  PushButton                                 
00001945  RF_Init                                    
UNDEFED   SHT$$INIT_ARRAY$$Base                      
UNDEFED   SHT$$INIT_ARRAY$$Limit                     
0000776d  SPI_enableModule                           
00006f59  SPI_initMaster                             
0000524f  SSR_Init                                   
000032bd  ST7735_Color565                            
00003341  ST7735_DrawBitmap                          
000036b5  ST7735_DrawChar                            
00003549  ST7735_DrawCharS                           
0000311d  ST7735_DrawPixel                           
0000382d  ST7735_DrawString                          
000038b1  ST7735_DrawStringHorizontal                
00003927  ST7735_DrawStringVertical                  
000031ad  ST7735_FillRect                            
00003177  ST7735_FillScreen                          
00002feb  ST7735_InitB                               
0000300b  ST7735_InitR                               
00003a81  ST7735_InvertDisplay                       
00003a99  ST7735_OutChar                             
00003b65  ST7735_OutString                           
00003991  ST7735_SetCursor                           
000039b7  ST7735_SetRotation                         
00003b83  ST7735_SetTextColor                        
000032f9  ST7735_SwapColor                           
20000230  Setup                                      
20000258  StTextColor                                
20000250  StX                                        
20000254  StY                                        
000078f5  SysCtl_disableNMISource                    
00007905  SysCtl_enableNMISource                     
00007959  SysCtl_getNMISourceStatus                  
2000025a  TextColor                                  
2000025e  TextSize                                   
20000228  Top                                        
4000480c  WDTCTL_SYM                                 
20010000  __STACK_END                                
00000200  __STACK_SIZE                               
000081cc  __TI_CINIT_Base                            
000081dc  __TI_CINIT_Limit                           
000081c4  __TI_Handler_Table_Base                    
000081cc  __TI_Handler_Table_Limit                   
000070c1  __TI_auto_init                             
20000264  __TI_cleanup_ptr                           
00007925  __TI_decompress_none                       
0000797d  __TI_decompress_rle24                      
20000268  __TI_dtors_ptr                             
2000026c  __TI_enable_exit_profile_output            
ffffffff  __TI_pprof_out_hndl                        
00002acb  __TI_printfi                               
ffffffff  __TI_prof_data_size                        
ffffffff  __TI_prof_data_start                       
00004ccd  __TI_scanfi                                
00000000  __TI_static_base__                         
00006e4d  __aeabi_cdcmpeq                            
00006e4d  __aeabi_cdcmple                            
00006ed3  __aeabi_cdrcmple                           
00007131  __aeabi_d2f                                
00007591  __aeabi_d2iz                               
00005f8f  __aeabi_dadd                               
000062a9  __aeabi_ddiv                               
00006629  __aeabi_dmul                               
00005f85  __aeabi_dsub                               
00007669  __aeabi_i2d                                
00007801  __aeabi_lmul                               
00006fd5  __aeabi_memclr                             
00006fd5  __aeabi_memclr4                            
00006fd5  __aeabi_memclr8                            
00006c05  __aeabi_memcpy                             
00006c05  __aeabi_memcpy4                            
00006c05  __aeabi_memcpy8                            
00006fd7  __aeabi_memset                             
00006fd7  __aeabi_memset4                            
00006fd7  __aeabi_memset8                            
00005bad  __aeabi_uldivmod                           
ffffffff  __binit__                                  
ffffffff  __c_args__                                 
0000517b  __mpu_init                                 
2000fe00  __stack                                    
000077e9  _args_main                                 
00007325  _c_int00                                   
00007e8b  _ctypes_                                   
2000027c  _lock                                      
00007915  _msprf24_crc_mask                          
00007983  _msprf24_irq_mask                          
00007893  _nop                                       
0000788b  _register_lock                             
00007885  _register_unlock                           
0000613b  _system_post_cinit                         
00007987  _system_pre_init                           
20000280  _unlock                                    
0000737d  abort                                      
200001c0  addr                                       
000074b1  atoi                                       
00005279  binaryToDecimal                            
ffffffff  binit                                      
0000549d  calculateLighting                          
000074fd  copy_in                                    
00007899  copysign                                   
00007899  copysignl                                  
2000011c  data                                       
200001a8  date                                       
20000174  dateString                                 
200000a4  dateStringColor                            
200001d9  dht_current_state                          
200001d0  dht_data                                   
200001fe  dht_data_bit                               
200001ff  dht_data_byte                              
0000685b  dht_get_rh                                 
00006821  dht_get_temp                               
00006885  dht_start_read                             
20000238  err                                        
20000284  errno                                      
00007385  exit                                       
00003bb5  ferror                                     
00003ba9  fgetc                                      
20000218  flag                                       
00003ffb  flush_rx                                   
00003fd9  flush_tx                                   
00003b97  fputc                                      
00007209  frexp                                      
00007209  frexpl                                     
00001a1d  gpio_isr                                   
00000000  interruptVectors                           
00006725  ldexp                                      
00006725  ldexpl                                     
200001c8  lightIndex                                 
200000cc  lightIndexString                           
000072cd  ltoa                                       
00000153  main                                       
20000288  main_func_sp                               
00007751  memccpy                                    
00006c05  memcpy                                     
00006fdd  memset                                     
20000000  months                                     
20000234  movement                                   
0000468f  msprf24_activate_rx                        
000046b3  msprf24_activate_tx                        
00004253  msprf24_close_pipe                         
000042af  msprf24_close_pipe_all                     
000045dd  msprf24_current_state                      
00004223  msprf24_disable_feature                    
000041e9  msprf24_enable_feature                     
00004785  msprf24_get_irq_reason                     
000044f3  msprf24_get_last_retransmits               
00004501  msprf24_get_lostpackets                    
00004105  msprf24_init                               
000047c5  msprf24_irq_clear                          
0000450f  msprf24_is_alive                           
000042d5  msprf24_open_pipe                          
0000434f  msprf24_pipe_isopen                        
00004639  msprf24_powerdown                          
000046c7  msprf24_queue_state                        
00004751  msprf24_rx_pending                         
000046d1  msprf24_scan                               
000045b7  msprf24_set_address_width                  
00004597  msprf24_set_channel                        
00004539  msprf24_set_config                         
0000438b  msprf24_set_pipe_packetsize                
000044c9  msprf24_set_retransmit_count               
0000442d  msprf24_set_retransmit_delay               
00004569  msprf24_set_speed_power                    
0000464d  msprf24_standby                            
20000158  newTime                                    
00002e59  parrotdelay                                
000076c5  pulse_ce                                   
00003c3d  r_reg                                      
00003f11  r_rx_payload                               
00003ed5  r_rx_peek_payload_size                     
20000219  rf_addr_width                              
2000021a  rf_channel                                 
2000021b  rf_crc                                     
2000021c  rf_feature                                 
2000021d  rf_irq                                     
2000021e  rf_speed_power                             
2000021f  rf_status                                  
000017d5  rtc_isr                                    
00006725  scalbn                                     
00006725  scalbnl                                    
20000208  screen                                     
00008128  spiMasterConfig                            
00006abd  spi_init                                   
00006ae9  spi_transfer                               
00006b0b  spi_transfer16                             
0000726d  sprintf                                    
00006a03  sscanf                                     
2000020c  status                                     
00007831  strchr                                     
000078ad  strcpy                                     
000078c1  strlen                                     
00007819  strrchr                                    
00005971  strtod                                     
000063e1  strtol                                     
00005971  strtold                                    
00005da1  strtoll                                    
00006515  strtoul                                    
0000613d  strtoull                                   
00001791  systick_isr                                
2000003c  temp                                       
20000220  tempCharacter                              
20000210  tempFormat                                 
20000070  tempString                                 
2000022c  tick                                       
200001b4  time                                       
20000188  timeString                                 
200000f4  timeStringColor                            
00001ae9  timer0_a0_isr                              
00004021  tx_reuse_lastpayload                       
00008144  upConfig                                   
20000214  user                                       
000069f1  vsscanf                                    
00004043  w_ack_payload                              
00003c87  w_reg                                      
00003d1b  w_rx_addr                                  
00003cd3  w_tx_addr                                  
00003d91  w_tx_payload                               
00003e2f  w_tx_payload_noack                         
20000224  z                                          


GLOBAL SYMBOLS: SORTED BY Symbol Address 

address   name                                       
-------   ----                                       
00000000  __TI_static_base__                         
00000000  interruptVectors                           
00000141  DelayWait10ms                              
00000153  main                                       
00000200  __STACK_SIZE                               
00001791  systick_isr                                
000017d5  rtc_isr                                    
0000183d  DisplayInit                                
000018e9  InitOneWire                                
00001945  RF_Init                                    
00001a1d  gpio_isr                                   
00001ae9  timer0_a0_isr                              
00002acb  __TI_printfi                               
00002e59  parrotdelay                                
00002e67  Delay1ms                                   
00002feb  ST7735_InitB                               
0000300b  ST7735_InitR                               
0000311d  ST7735_DrawPixel                           
00003177  ST7735_FillScreen                          
000031ad  ST7735_FillRect                            
000032bd  ST7735_Color565                            
000032f9  ST7735_SwapColor                           
00003341  ST7735_DrawBitmap                          
00003549  ST7735_DrawCharS                           
000036b5  ST7735_DrawChar                            
0000382d  ST7735_DrawString                          
000038b1  ST7735_DrawStringHorizontal                
00003927  ST7735_DrawStringVertical                  
00003991  ST7735_SetCursor                           
000039b7  ST7735_SetRotation                         
00003a81  ST7735_InvertDisplay                       
00003a99  ST7735_OutChar                             
00003b65  ST7735_OutString                           
00003b83  ST7735_SetTextColor                        
00003b97  fputc                                      
00003ba9  fgetc                                      
00003bb5  ferror                                     
00003bc3  Output_Init                                
00003bd3  Output_Clear                               
00003bdd  Output_Off                                 
00003be5  Output_On                                  
00003bed  Output_Color                               
00003c3d  r_reg                                      
00003c87  w_reg                                      
00003cd3  w_tx_addr                                  
00003d1b  w_rx_addr                                  
00003d91  w_tx_payload                               
00003e2f  w_tx_payload_noack                         
00003ed5  r_rx_peek_payload_size                     
00003f11  r_rx_payload                               
00003fd9  flush_tx                                   
00003ffb  flush_rx                                   
00004021  tx_reuse_lastpayload                       
00004043  w_ack_payload                              
00004105  msprf24_init                               
000041e9  msprf24_enable_feature                     
00004223  msprf24_disable_feature                    
00004253  msprf24_close_pipe                         
000042af  msprf24_close_pipe_all                     
000042d5  msprf24_open_pipe                          
0000434f  msprf24_pipe_isopen                        
0000438b  msprf24_set_pipe_packetsize                
0000442d  msprf24_set_retransmit_delay               
000044c9  msprf24_set_retransmit_count               
000044f3  msprf24_get_last_retransmits               
00004501  msprf24_get_lostpackets                    
0000450f  msprf24_is_alive                           
00004539  msprf24_set_config                         
00004569  msprf24_set_speed_power                    
00004597  msprf24_set_channel                        
000045b7  msprf24_set_address_width                  
000045dd  msprf24_current_state                      
00004639  msprf24_powerdown                          
0000464d  msprf24_standby                            
0000468f  msprf24_activate_rx                        
000046b3  msprf24_activate_tx                        
000046c7  msprf24_queue_state                        
000046d1  msprf24_scan                               
00004751  msprf24_rx_pending                         
00004785  msprf24_get_irq_reason                     
000047c5  msprf24_irq_clear                          
00004ccd  __TI_scanfi                                
0000517b  __mpu_init                                 
0000517d  InitFunction                               
0000524f  SSR_Init                                   
00005279  binaryToDecimal                            
000052bd  Debouncer                                  
0000531d  EncoderDecipher                            
0000549d  calculateLighting                          
00005641  Clock_Init                                 
0000568b  Clock_Init48MHz                            
0000577b  Clock_Init32kHz                            
0000586d  Clock_InitLowPower                         
00005971  strtod                                     
00005971  strtold                                    
00005bad  __aeabi_uldivmod                           
00005da1  strtoll                                    
00005f85  __aeabi_dsub                               
00005f8f  __aeabi_dadd                               
0000613b  _system_post_cinit                         
0000613d  strtoull                                   
000062a9  __aeabi_ddiv                               
000063e1  strtol                                     
00006515  strtoul                                    
00006629  __aeabi_dmul                               
00006725  ldexp                                      
00006725  ldexpl                                     
00006725  scalbn                                     
00006725  scalbnl                                    
00006821  dht_get_temp                               
0000685b  dht_get_rh                                 
00006885  dht_start_read                             
00006911  CS_initClockSignal                         
000069f1  vsscanf                                    
00006a03  sscanf                                     
00006abd  spi_init                                   
00006ae9  spi_transfer                               
00006b0b  spi_transfer16                             
00006c05  __aeabi_memcpy                             
00006c05  __aeabi_memcpy4                            
00006c05  __aeabi_memcpy8                            
00006c05  memcpy                                     
00006ca1  CS_startHFXTWithTimeout                    
00006d31  CS_startLFXTWithTimeout                    
00006dc1  CS_getDCOFrequency                         
00006e4d  __aeabi_cdcmpeq                            
00006e4d  __aeabi_cdcmple                            
00006ed3  __aeabi_cdrcmple                           
00006f59  SPI_initMaster                             
00006fd5  __aeabi_memclr                             
00006fd5  __aeabi_memclr4                            
00006fd5  __aeabi_memclr8                            
00006fd7  __aeabi_memset                             
00006fd7  __aeabi_memset4                            
00006fd7  __aeabi_memset8                            
00006fdd  memset                                     
000070c1  __TI_auto_init                             
00007131  __aeabi_d2f                                
00007209  frexp                                      
00007209  frexpl                                     
0000726d  sprintf                                    
000072cd  ltoa                                       
00007325  _c_int00                                   
00007379  C$$EXIT                                    
0000737d  abort                                      
00007385  exit                                       
000073cd  GPIO_setAsPeripheralModuleFunctionInputPin 
00007419  GPIO_setAsPeripheralModuleFunctionOutputPin
000074b1  atoi                                       
000074fd  copy_in                                    
00007591  __aeabi_d2iz                               
000075d9  GPIO_getEnabledInterruptStatus             
00007609  GPIO_setAsInputPinWithPullUpResistor       
00007669  __aeabi_i2d                                
00007699  GPIO_setAsInputPin                         
000076c5  pulse_ce                                   
000076ed  CS_clearInterruptFlag                      
00007711  GPIO_setAsOutputPin                        
00007735  GPIO_getInputPinValue                      
00007751  memccpy                                    
0000776d  SPI_enableModule                           
00007789  CS_getMCLK                                 
000077a1  CS_getSMCLK                                
000077b9  GPIO_clearInterruptFlag                    
000077d1  GPIO_setOutputLowOnPin                     
000077e9  _args_main                                 
00007801  __aeabi_lmul                               
00007819  strrchr                                    
00007831  strchr                                     
00007849  CS_setExternalClockSourceFrequency         
0000785d  GPIO_enableInterrupt                       
00007871  GPIO_toggleOutputOnPin                     
00007885  _register_unlock                           
0000788b  _register_lock                             
00007893  _nop                                       
00007899  copysign                                   
00007899  copysignl                                  
000078ad  strcpy                                     
000078c1  strlen                                     
000078d5  GPIO_getInterruptStatus                    
000078e5  Interrupt_enableMaster                     
000078f5  SysCtl_disableNMISource                    
00007905  SysCtl_enableNMISource                     
00007915  _msprf24_crc_mask                          
00007925  __TI_decompress_none                       
00007933  CPU_cpsie                                  
0000793f  EUSCI_A_SPI_enable                         
0000794b  EUSCI_B_SPI_enable                         
00007959  SysCtl_getNMISourceStatus                  
00007971  CS_startHFXT                               
00007977  CS_startLFXT                               
0000797d  __TI_decompress_rle24                      
00007983  _msprf24_irq_mask                          
00007987  _system_pre_init                           
00007e8b  _ctypes_                                   
00008128  spiMasterConfig                            
00008144  upConfig                                   
000081c4  __TI_Handler_Table_Base                    
000081cc  __TI_CINIT_Base                            
000081cc  __TI_Handler_Table_Limit                   
000081dc  __TI_CINIT_Limit                           
20000000  months                                     
2000003c  temp                                       
20000070  tempString                                 
200000a4  dateStringColor                            
200000cc  lightIndexString                           
200000f4  timeStringColor                            
2000011c  data                                       
20000158  newTime                                    
20000174  dateString                                 
20000188  timeString                                 
2000019c  Light                                      
200001a8  date                                       
200001b4  time                                       
200001c0  addr                                       
200001c8  lightIndex                                 
200001d0  dht_data                                   
200001d9  dht_current_state                          
200001f2  Encoder1                                   
200001f6  Encoder2                                   
200001fa  PushButton                                 
200001fe  dht_data_bit                               
200001ff  dht_data_byte                              
20000208  screen                                     
2000020c  status                                     
20000210  tempFormat                                 
20000214  user                                       
20000218  flag                                       
20000219  rf_addr_width                              
2000021a  rf_channel                                 
2000021b  rf_crc                                     
2000021c  rf_feature                                 
2000021d  rf_irq                                     
2000021e  rf_speed_power                             
2000021f  rf_status                                  
20000220  tempCharacter                              
20000224  z                                          
20000228  Top                                        
2000022c  tick                                       
20000230  Setup                                      
20000234  movement                                   
20000238  err                                        
2000023c  Prewait                                    
20000240  CPMwait                                    
20000244  Postwait                                   
20000248  IFlags                                     
2000024c  Crystalstable                              
20000250  StX                                        
20000254  StY                                        
20000258  StTextColor                                
2000025a  TextColor                                  
2000025c  BgColor                                    
2000025e  TextSize                                   
20000264  __TI_cleanup_ptr                           
20000268  __TI_dtors_ptr                             
2000026c  __TI_enable_exit_profile_output            
2000027c  _lock                                      
20000280  _unlock                                    
20000284  errno                                      
20000288  main_func_sp                               
2000fe00  __stack                                    
20010000  __STACK_END                                
4000480c  WDTCTL_SYM                                 
ffffffff  __TI_pprof_out_hndl                        
ffffffff  __TI_prof_data_size                        
ffffffff  __TI_prof_data_start                       
ffffffff  __binit__                                  
ffffffff  __c_args__                                 
ffffffff  binit                                      
UNDEFED   SHT$$INIT_ARRAY$$Base                      
UNDEFED   SHT$$INIT_ARRAY$$Limit                     

[271 symbols]
